
===========================================================================
 report_power
============================================================================


======================= Slowest Corner =================================

Group                  Internal  Switching    Leakage      Total
                          Power      Power      Power      Power (Watts)
----------------------------------------------------------------
Sequential             1.81e-05   2.34e-05   1.57e-06   4.31e-05  36.2%
Combinational          3.88e-05   3.11e-05   6.17e-06   7.61e-05  63.8%
Macro                  0.00e+00   0.00e+00   0.00e+00   0.00e+00   0.0%
Pad                    0.00e+00   0.00e+00   0.00e+00   0.00e+00   0.0%
----------------------------------------------------------------
Total                  5.69e-05   5.45e-05   7.75e-06   1.19e-04 100.0%
                          47.8%      45.7%       6.5%

======================= Typical Corner ===================================

Group                  Internal  Switching    Leakage      Total
                          Power      Power      Power      Power (Watts)
----------------------------------------------------------------
Sequential             2.34e-05   2.97e-05   8.42e-10   5.31e-05  37.1%
Combinational          5.00e-05   4.00e-05   6.12e-09   9.01e-05  62.9%
Macro                  0.00e+00   0.00e+00   0.00e+00   0.00e+00   0.0%
Pad                    0.00e+00   0.00e+00   0.00e+00   0.00e+00   0.0%
----------------------------------------------------------------
Total                  7.34e-05   6.97e-05   6.96e-09   1.43e-04 100.0%
                          51.3%      48.7%       0.0%


======================= Fastest Corner =================================

Group                  Internal  Switching    Leakage      Total
                          Power      Power      Power      Power (Watts)
----------------------------------------------------------------
Sequential             2.70e-05   3.52e-05   1.61e-09   6.22e-05  37.6%
Combinational          5.56e-05   4.75e-05   1.47e-08   1.03e-04  62.4%
Macro                  0.00e+00   0.00e+00   0.00e+00   0.00e+00   0.0%
Pad                    0.00e+00   0.00e+00   0.00e+00   0.00e+00   0.0%
----------------------------------------------------------------
Total                  8.25e-05   8.27e-05   1.63e-08   1.65e-04 100.0%
                          50.0%      50.0%       0.0%
