Warning - class CORE ANTENNACELL is not found. This message can be ignored if not in the antenna-avoid flow
  No sinks on this net

Net - clk_dig
  clkgen.delay_100ns_2.genblk1\[1\].delay_unit  (sky130_mm_sc_hd_dlyPoly6ns)  in
[1]  met2:
  PAR:    0.20  Ratio:    0.00       (Area)
  PAR:    1.04  Ratio: 2778.20       (S.Area)
  CAR:    0.21  Ratio:    0.00       (C.Area)
  CAR:    1.06  Ratio:    0.00       (C.S.Area)

[1]  met3:
  PAR:    0.54  Ratio:    0.00       (Area)
  PAR:    2.97  Ratio: 2778.20       (S.Area)
  CAR:    0.75  Ratio:    0.00       (C.Area)
  CAR:    4.03  Ratio:    0.00       (C.S.Area)

[1]  met1:
  PAR:    0.00  Ratio:    0.00       (Area)
  PAR:    0.02  Ratio:  400.00       (S.Area)
  CAR:    0.01  Ratio:    0.00       (C.Area)
  CAR:    0.02  Ratio:    0.00       (C.S.Area)

[1]  li1:
  PAR:    0.00  Ratio:    0.00       (Area)
  PAR:    0.00  Ratio:   75.00       (S.Area)
  CAR:    0.00  Ratio:    0.00       (C.Area)
  CAR:    0.00  Ratio:    0.00       (C.S.Area)

[1]  M2M3_PR:
  PAR:    0.01  Ratio:    6.00       (Area)
  CAR:    0.02  Ratio:    0.00       (C.Area)

[1]  M1M2_PR:
  PAR:    0.00  Ratio:    6.00       (Area)
  CAR:    0.01  Ratio:    0.00       (C.Area)

[1]  L1M1_PR_MR:
  PAR:    0.01  Ratio:    3.00       (Area)
  CAR:    0.01  Ratio:    0.00       (C.Area)


Net - comp_trig
  clkgen.delay_100ns_1.genblk1\[1\].delay_unit  (sky130_mm_sc_hd_dlyPoly6ns)  in
[1]  met3:
  PAR:    0.77  Ratio:    0.00       (Area)
  PAR:    4.19  Ratio:  400.00       (S.Area)
  CAR:    1.12  Ratio:    0.00       (C.Area)
  CAR:    6.01  Ratio:    0.00       (C.S.Area)

[1]  met2:
  PAR:    0.18  Ratio:    0.00       (Area)
  PAR:    0.94  Ratio:  400.00       (S.Area)
  CAR:    0.36  Ratio:    0.00       (C.Area)
  CAR:    1.82  Ratio:    0.00       (C.S.Area)

[1]  met1:
  PAR:    0.17  Ratio:    0.00       (Area)
  PAR:    0.87  Ratio:  400.00       (S.Area)
  CAR:    0.17  Ratio:    0.00       (C.Area)
  CAR:    0.87  Ratio:    0.00       (C.S.Area)

[1]  li1:
  PAR:    0.00  Ratio:    0.00       (Area)
  PAR:    0.00  Ratio:   75.00       (S.Area)
  CAR:    0.00  Ratio:    0.00       (C.Area)
  CAR:    0.00  Ratio:    0.00       (C.S.Area)

[1]  M2M3_PR:
  PAR:    0.01  Ratio:    6.00       (Area)
  CAR:    0.02  Ratio:    0.00       (C.Area)

[1]  M1M2_PR:
  PAR:    0.00  Ratio:    6.00       (Area)
  CAR:    0.01  Ratio:    0.00       (C.Area)

[1]  L1M1_PR_MR:
  PAR:    0.01  Ratio:    3.00       (Area)
  CAR:    0.01  Ratio:    0.00       (C.Area)


Net - ena_in
  _3_  (sky130_fd_sc_hd__o21ba_2)  A1
[1]  met3:
  PAR:   13.36  Ratio:    0.00       (Area)
  PAR:   73.19  Ratio:  400.00       (S.Area)
  CAR:   26.66  Ratio:    0.00       (C.Area)
  CAR:  140.23  Ratio:    0.00       (C.S.Area)

[1]  met2:
  PAR:    9.25  Ratio:    0.00       (Area)
  PAR:   46.67  Ratio:  400.00       (S.Area)
  CAR:   13.29  Ratio:    0.00       (C.Area)
  CAR:   67.04  Ratio:    0.00       (C.S.Area)

[1]  met1:
  PAR:    3.98  Ratio:    0.00       (Area)
  PAR:   20.31  Ratio:  400.00       (S.Area)
  CAR:    4.04  Ratio:    0.00       (C.Area)
  CAR:   20.38  Ratio:    0.00       (C.S.Area)

[1]  li1:
  PAR:    0.06  Ratio:    0.00       (Area)
  PAR:    0.07  Ratio:   75.00       (S.Area)
  CAR:    0.06  Ratio:    0.00       (C.Area)
  CAR:    0.07  Ratio:    0.00       (C.S.Area)

[1]  M2M3_PR:
  PAR:    0.16  Ratio:    6.00       (Area)
  CAR:    0.37  Ratio:    0.00       (C.Area)

[1]  M1M2_PR:
  PAR:    0.09  Ratio:    6.00       (Area)
  CAR:    0.21  Ratio:    0.00       (C.Area)

[1]  L1M1_PR_MR:
  PAR:    0.12  Ratio:    3.00       (Area)
  CAR:    0.12  Ratio:    0.00       (C.Area)


Net - start_conv
  edgedetect.delay_200ns.genblk1\[1\].delay_unit  (sky130_mm_sc_hd_dlyPoly6ns)  in
[1]  met3:
  PAR:    0.37  Ratio:    0.00       (Area)
  PAR:    2.10  Ratio:  400.00       (S.Area)
  CAR:    1.03  Ratio:    0.00       (C.Area)
  CAR:    5.40  Ratio:    0.00       (C.S.Area)

[1]  met2:
  PAR:    0.65  Ratio:    0.00       (Area)
  PAR:    3.28  Ratio:  400.00       (S.Area)
  CAR:    0.66  Ratio:    0.00       (C.Area)
  CAR:    3.31  Ratio:    0.00       (C.S.Area)

[1]  met1:
  PAR:    0.00  Ratio:    0.00       (Area)
  PAR:    0.02  Ratio:  400.00       (S.Area)
  CAR:    0.01  Ratio:    0.00       (C.Area)
  CAR:    0.02  Ratio:    0.00       (C.S.Area)

[1]  li1:
  PAR:    0.00  Ratio:    0.00       (Area)
  PAR:    0.00  Ratio:   75.00       (S.Area)
  CAR:    0.00  Ratio:    0.00       (C.Area)
  CAR:    0.00  Ratio:    0.00       (C.S.Area)

[1]  M2M3_PR:
  PAR:    0.01  Ratio:    6.00       (Area)
  CAR:    0.02  Ratio:    0.00       (C.Area)

[1]  M1M2_PR:
  PAR:    0.00  Ratio:    6.00       (Area)
  CAR:    0.01  Ratio:    0.00       (C.Area)

[1]  L1M1_PR_MR:
  PAR:    0.01  Ratio:    3.00       (Area)
  CAR:    0.01  Ratio:    0.00       (C.Area)

  _2_  (sky130_fd_sc_hd__and2b_2)  B
[1]  met3:
  PAR:    0.37  Ratio:    0.00       (Area)
  PAR:    2.10  Ratio:  400.00       (S.Area)
  CAR:    1.29  Ratio:    0.00       (C.Area)
  CAR:    6.29  Ratio:    0.00       (C.S.Area)

[1]  met2:
  PAR:    0.65  Ratio:    0.00       (Area)
  PAR:    3.28  Ratio:  400.00       (S.Area)
  CAR:    0.92  Ratio:    0.00       (C.Area)
  CAR:    4.19  Ratio:    0.00       (C.S.Area)

[1]  met1:
  PAR:    0.16  Ratio:    0.00       (Area)
  PAR:    0.78  Ratio:  400.00       (S.Area)
  CAR:    0.27  Ratio:    0.00       (C.Area)
  CAR:    0.91  Ratio:    0.00       (C.S.Area)

[1]  li1:
  PAR:    0.11  Ratio:    0.00       (Area)
  PAR:    0.13  Ratio:   75.00       (S.Area)
  CAR:    0.11  Ratio:    0.00       (C.Area)
  CAR:    0.13  Ratio:    0.00       (C.S.Area)

[1]  M2M3_PR:
  PAR:    0.01  Ratio:    6.00       (Area)
  CAR:    0.42  Ratio:    0.00       (C.Area)

[1]  M1M2_PR:
  PAR:    0.18  Ratio:    6.00       (Area)
  CAR:    0.41  Ratio:    0.00       (C.Area)

[1]  L1M1_PR_MR:
  PAR:    0.23  Ratio:    3.00       (Area)
  CAR:    0.23  Ratio:    0.00       (C.Area)


Net - _0_
  _3_  (sky130_fd_sc_hd__o21ba_2)  A2
[1]  met2:
  PAR:    4.49  Ratio:    0.00       (Area)
  PAR:   22.61  Ratio: 2778.20       (S.Area)
  CAR:    4.63  Ratio:    0.00       (C.Area)
  CAR:   23.07  Ratio:    0.00       (C.S.Area)

[1]  met1:
  PAR:    0.08  Ratio:    0.00       (Area)
  PAR:    0.40  Ratio:  400.00       (S.Area)
  CAR:    0.14  Ratio:    0.00       (C.Area)
  CAR:    0.46  Ratio:    0.00       (C.S.Area)

[1]  li1:
  PAR:    0.06  Ratio:    0.00       (Area)
  PAR:    0.07  Ratio:   75.00       (S.Area)
  CAR:    0.06  Ratio:    0.00       (C.Area)
  CAR:    0.07  Ratio:    0.00       (C.S.Area)

[1]  M1M2_PR:
  PAR:    0.09  Ratio:    6.00       (Area)
  CAR:    0.21  Ratio:    0.00       (C.Area)

[1]  L1M1_PR_MR:
  PAR:    0.12  Ratio:    3.00       (Area)
  CAR:    0.12  Ratio:    0.00       (C.Area)


Net - clkgen.comp_trig_delayed
  _1_  (sky130_fd_sc_hd__inv_2)  A
[1]  met2:
  PAR:    0.60  Ratio:    0.00       (Area)
  PAR:    3.04  Ratio: 2744.72       (S.Area)
  CAR:    2.75  Ratio:    0.00       (C.Area)
  CAR:   13.88  Ratio:    0.00       (C.S.Area)

[1]  met1:
  PAR:    2.12  Ratio:    0.00       (Area)
  PAR:   10.80  Ratio:  400.00       (S.Area)
  CAR:    2.15  Ratio:    0.00       (C.Area)
  CAR:   10.84  Ratio:    0.00       (C.S.Area)

[1]  li1:
  PAR:    0.03  Ratio:    0.00       (Area)
  PAR:    0.03  Ratio:   75.00       (S.Area)
  CAR:    0.03  Ratio:    0.00       (C.Area)
  CAR:    0.03  Ratio:    0.00       (C.S.Area)

[1]  M1M2_PR:
  PAR:    0.05  Ratio:    6.00       (Area)
  CAR:    0.10  Ratio:    0.00       (C.Area)

[1]  L1M1_PR_MR:
  PAR:    0.06  Ratio:    3.00       (Area)
  CAR:    0.06  Ratio:    0.00       (C.Area)


Net - clkgen.delay_100ns_1._intsig_a_\[10\]
  clkgen.delay_100ns_1.genblk1\[10\].delay_unit  (sky130_mm_sc_hd_dlyPoly6ns)  in
[1]  met2:
  PAR:    0.07  Ratio:    0.00       (Area)
  PAR:    0.38  Ratio: 2744.72       (S.Area)
  CAR:    0.40  Ratio:    0.00       (C.Area)
  CAR:    2.01  Ratio:    0.00       (C.S.Area)

[1]  met1:
  PAR:    0.32  Ratio:    0.00       (Area)
  PAR:    1.63  Ratio:  400.00       (S.Area)
  CAR:    0.32  Ratio:    0.00       (C.Area)
  CAR:    1.63  Ratio:    0.00       (C.S.Area)

[1]  li1:
  PAR:    0.00  Ratio:    0.00       (Area)
  PAR:    0.00  Ratio:   75.00       (S.Area)
  CAR:    0.00  Ratio:    0.00       (C.Area)
  CAR:    0.00  Ratio:    0.00       (C.S.Area)

[1]  M1M2_PR:
  PAR:    0.00  Ratio:    6.00       (Area)
  CAR:    0.01  Ratio:    0.00       (C.Area)

[1]  L1M1_PR_MR:
  PAR:    0.01  Ratio:    3.00       (Area)
  CAR:    0.01  Ratio:    0.00       (C.Area)


Net - clkgen.delay_100ns_1._intsig_a_\[11\]
  clkgen.delay_100ns_1.genblk1\[11\].delay_unit  (sky130_mm_sc_hd_dlyPoly6ns)  in
[1]  met2:
  PAR:    0.07  Ratio:    0.00       (Area)
  PAR:    0.38  Ratio: 2744.72       (S.Area)
  CAR:    0.08  Ratio:    0.00       (C.Area)
  CAR:    0.40  Ratio:    0.00       (C.S.Area)

[1]  met1:
  PAR:    0.00  Ratio:    0.00       (Area)
  PAR:    0.02  Ratio:  400.00       (S.Area)
  CAR:    0.01  Ratio:    0.00       (C.Area)
  CAR:    0.02  Ratio:    0.00       (C.S.Area)

[1]  li1:
  PAR:    0.00  Ratio:    0.00       (Area)
  PAR:    0.00  Ratio:   75.00       (S.Area)
  CAR:    0.00  Ratio:    0.00       (C.Area)
  CAR:    0.00  Ratio:    0.00       (C.S.Area)

[1]  M1M2_PR:
  PAR:    0.00  Ratio:    6.00       (Area)
  CAR:    0.01  Ratio:    0.00       (C.Area)

[1]  L1M1_PR_MR:
  PAR:    0.01  Ratio:    3.00       (Area)
  CAR:    0.01  Ratio:    0.00       (C.Area)


Net - clkgen.delay_100ns_1._intsig_a_\[12\]
  clkgen.delay_100ns_1.genblk1\[12\].delay_unit  (sky130_mm_sc_hd_dlyPoly6ns)  in
[1]  met2:
  PAR:    0.07  Ratio:    0.00       (Area)
  PAR:    0.38  Ratio: 2744.72       (S.Area)
  CAR:    0.10  Ratio:    0.00       (C.Area)
  CAR:    0.49  Ratio:    0.00       (C.S.Area)

[1]  met1:
  PAR:    0.02  Ratio:    0.00       (Area)
  PAR:    0.11  Ratio:  400.00       (S.Area)
  CAR:    0.02  Ratio:    0.00       (C.Area)
  CAR:    0.11  Ratio:    0.00       (C.S.Area)

[1]  li1:
  PAR:    0.00  Ratio:    0.00       (Area)
  PAR:    0.00  Ratio:   75.00       (S.Area)
  CAR:    0.00  Ratio:    0.00       (C.Area)
  CAR:    0.00  Ratio:    0.00       (C.S.Area)

[1]  M1M2_PR:
  PAR:    0.00  Ratio:    6.00       (Area)
  CAR:    0.01  Ratio:    0.00       (C.Area)

[1]  L1M1_PR_MR:
  PAR:    0.01  Ratio:    3.00       (Area)
  CAR:    0.01  Ratio:    0.00       (C.Area)


Net - clkgen.delay_100ns_1._intsig_a_\[13\]
  clkgen.delay_100ns_1.genblk1\[13\].delay_unit  (sky130_mm_sc_hd_dlyPoly6ns)  in
[1]  met2:
  PAR:    0.24  Ratio:    0.00       (Area)
  PAR:    1.28  Ratio: 2744.72       (S.Area)
  CAR:    0.25  Ratio:    0.00       (C.Area)
  CAR:    1.31  Ratio:    0.00       (C.S.Area)

[1]  met1:
  PAR:    0.00  Ratio:    0.00       (Area)
  PAR:    0.02  Ratio:  400.00       (S.Area)
  CAR:    0.01  Ratio:    0.00       (C.Area)
  CAR:    0.02  Ratio:    0.00       (C.S.Area)

[1]  li1:
  PAR:    0.00  Ratio:    0.00       (Area)
  PAR:    0.00  Ratio:   75.00       (S.Area)
  CAR:    0.00  Ratio:    0.00       (C.Area)
  CAR:    0.00  Ratio:    0.00       (C.S.Area)

[1]  M1M2_PR:
  PAR:    0.00  Ratio:    6.00       (Area)
  CAR:    0.01  Ratio:    0.00       (C.Area)

[1]  L1M1_PR_MR:
  PAR:    0.01  Ratio:    3.00       (Area)
  CAR:    0.01  Ratio:    0.00       (C.Area)


Net - clkgen.delay_100ns_1._intsig_a_\[14\]
  clkgen.delay_100ns_1.genblk1\[14\].delay_unit  (sky130_mm_sc_hd_dlyPoly6ns)  in
[1]  met1:
  PAR:    0.13  Ratio:    0.00       (Area)
  PAR:    0.71  Ratio: 2744.72       (S.Area)
  CAR:    0.14  Ratio:    0.00       (C.Area)
  CAR:    0.72  Ratio:    0.00       (C.S.Area)

[1]  li1:
  PAR:    0.00  Ratio:    0.00       (Area)
  PAR:    0.00  Ratio:   75.00       (S.Area)
  CAR:    0.00  Ratio:    0.00       (C.Area)
  CAR:    0.00  Ratio:    0.00       (C.S.Area)

[1]  L1M1_PR_MR:
  PAR:    0.01  Ratio:    3.00       (Area)
  CAR:    0.01  Ratio:    0.00       (C.Area)


Net - clkgen.delay_100ns_1._intsig_a_\[15\]
  clkgen.delay_100ns_1.genblk1\[15\].delay_unit  (sky130_mm_sc_hd_dlyPoly6ns)  in
[1]  met2:
  PAR:    0.10  Ratio:    0.00       (Area)
  PAR:    0.50  Ratio: 2744.72       (S.Area)
  CAR:    0.10  Ratio:    0.00       (C.Area)
  CAR:    0.52  Ratio:    0.00       (C.S.Area)

[1]  met1:
  PAR:    0.00  Ratio:    0.00       (Area)
  PAR:    0.02  Ratio:  400.00       (S.Area)
  CAR:    0.01  Ratio:    0.00       (C.Area)
  CAR:    0.02  Ratio:    0.00       (C.S.Area)

[1]  li1:
  PAR:    0.00  Ratio:    0.00       (Area)
  PAR:    0.00  Ratio:   75.00       (S.Area)
  CAR:    0.00  Ratio:    0.00       (C.Area)
  CAR:    0.00  Ratio:    0.00       (C.S.Area)

[1]  M1M2_PR:
  PAR:    0.00  Ratio:    6.00       (Area)
  CAR:    0.01  Ratio:    0.00       (C.Area)

[1]  L1M1_PR_MR:
  PAR:    0.01  Ratio:    3.00       (Area)
  CAR:    0.01  Ratio:    0.00       (C.Area)


Net - clkgen.delay_100ns_1._intsig_a_\[16\]
  clkgen.delay_100ns_1.genblk1\[16\].delay_unit  (sky130_mm_sc_hd_dlyPoly6ns)  in
[1]  met2:
  PAR:    0.07  Ratio:    0.00       (Area)
  PAR:    0.38  Ratio: 2744.72       (S.Area)
  CAR:    0.10  Ratio:    0.00       (C.Area)
  CAR:    0.49  Ratio:    0.00       (C.S.Area)

[1]  met1:
  PAR:    0.02  Ratio:    0.00       (Area)
  PAR:    0.11  Ratio:  400.00       (S.Area)
  CAR:    0.02  Ratio:    0.00       (C.Area)
  CAR:    0.11  Ratio:    0.00       (C.S.Area)

[1]  li1:
  PAR:    0.00  Ratio:    0.00       (Area)
  PAR:    0.00  Ratio:   75.00       (S.Area)
  CAR:    0.00  Ratio:    0.00       (C.Area)
  CAR:    0.00  Ratio:    0.00       (C.S.Area)

[1]  M1M2_PR:
  PAR:    0.00  Ratio:    6.00       (Area)
  CAR:    0.01  Ratio:    0.00       (C.Area)

[1]  L1M1_PR_MR:
  PAR:    0.01  Ratio:    3.00       (Area)
  CAR:    0.01  Ratio:    0.00       (C.Area)


Net - clkgen.delay_100ns_1._intsig_a_\[17\]
  clkgen.delay_100ns_1.genblk1\[17\].delay_unit  (sky130_mm_sc_hd_dlyPoly6ns)  in
[1]  met2:
  PAR:    0.46  Ratio:    0.00       (Area)
  PAR:    2.29  Ratio: 2744.72       (S.Area)
  CAR:    0.46  Ratio:    0.00       (C.Area)
  CAR:    2.32  Ratio:    0.00       (C.S.Area)

[1]  met1:
  PAR:    0.00  Ratio:    0.00       (Area)
  PAR:    0.02  Ratio:  400.00       (S.Area)
  CAR:    0.01  Ratio:    0.00       (C.Area)
  CAR:    0.02  Ratio:    0.00       (C.S.Area)

[1]  li1:
  PAR:    0.00  Ratio:    0.00       (Area)
  PAR:    0.00  Ratio:   75.00       (S.Area)
  CAR:    0.00  Ratio:    0.00       (C.Area)
  CAR:    0.00  Ratio:    0.00       (C.S.Area)

[1]  M1M2_PR:
  PAR:    0.00  Ratio:    6.00       (Area)
  CAR:    0.01  Ratio:    0.00       (C.Area)

[1]  L1M1_PR_MR:
  PAR:    0.01  Ratio:    3.00       (Area)
  CAR:    0.01  Ratio:    0.00       (C.Area)


Net - clkgen.delay_100ns_1._intsig_a_\[2\]
  clkgen.delay_100ns_1.genblk1\[2\].delay_unit  (sky130_mm_sc_hd_dlyPoly6ns)  in
[1]  met3:
  PAR:    0.58  Ratio:    0.00       (Area)
  PAR:    3.17  Ratio: 2744.72       (S.Area)
  CAR:    0.76  Ratio:    0.00       (C.Area)
  CAR:    4.10  Ratio:    0.00       (C.S.Area)

[1]  met2:
  PAR:    0.10  Ratio:    0.00       (Area)
  PAR:    0.54  Ratio:  400.00       (S.Area)
  CAR:    0.18  Ratio:    0.00       (C.Area)
  CAR:    0.93  Ratio:    0.00       (C.S.Area)

[1]  met1:
  PAR:    0.07  Ratio:    0.00       (Area)
  PAR:    0.39  Ratio:  400.00       (S.Area)
  CAR:    0.08  Ratio:    0.00       (C.Area)
  CAR:    0.39  Ratio:    0.00       (C.S.Area)

[1]  li1:
  PAR:    0.00  Ratio:    0.00       (Area)
  PAR:    0.00  Ratio:   75.00       (S.Area)
  CAR:    0.00  Ratio:    0.00       (C.Area)
  CAR:    0.00  Ratio:    0.00       (C.S.Area)

[1]  M2M3_PR:
  PAR:    0.01  Ratio:    6.00       (Area)
  CAR:    0.02  Ratio:    0.00       (C.Area)

[1]  M1M2_PR:
  PAR:    0.00  Ratio:    6.00       (Area)
  CAR:    0.01  Ratio:    0.00       (C.Area)

[1]  L1M1_PR_MR:
  PAR:    0.01  Ratio:    3.00       (Area)
  CAR:    0.01  Ratio:    0.00       (C.Area)


Net - clkgen.delay_100ns_1._intsig_a_\[3\]
  clkgen.delay_100ns_1.genblk1\[3\].delay_unit  (sky130_mm_sc_hd_dlyPoly6ns)  in
[1]  met2:
  PAR:    0.47  Ratio:    0.00       (Area)
  PAR:    2.36  Ratio: 2744.72       (S.Area)
  CAR:    0.48  Ratio:    0.00       (C.Area)
  CAR:    2.39  Ratio:    0.00       (C.S.Area)

[1]  met1:
  PAR:    0.00  Ratio:    0.00       (Area)
  PAR:    0.02  Ratio:  400.00       (S.Area)
  CAR:    0.01  Ratio:    0.00       (C.Area)
  CAR:    0.02  Ratio:    0.00       (C.S.Area)

[1]  li1:
  PAR:    0.00  Ratio:    0.00       (Area)
  PAR:    0.00  Ratio:   75.00       (S.Area)
  CAR:    0.00  Ratio:    0.00       (C.Area)
  CAR:    0.00  Ratio:    0.00       (C.S.Area)

[1]  M1M2_PR:
  PAR:    0.00  Ratio:    6.00       (Area)
  CAR:    0.01  Ratio:    0.00       (C.Area)

[1]  L1M1_PR_MR:
  PAR:    0.01  Ratio:    3.00       (Area)
  CAR:    0.01  Ratio:    0.00       (C.Area)


Net - clkgen.delay_100ns_1._intsig_a_\[4\]
  clkgen.delay_100ns_1.genblk1\[4\].delay_unit  (sky130_mm_sc_hd_dlyPoly6ns)  in
[1]  met2:
  PAR:    0.36  Ratio:    0.00       (Area)
  PAR:    1.85  Ratio: 2744.72       (S.Area)
  CAR:    0.37  Ratio:    0.00       (C.Area)
  CAR:    1.88  Ratio:    0.00       (C.S.Area)

[1]  met1:
  PAR:    0.00  Ratio:    0.00       (Area)
  PAR:    0.02  Ratio:  400.00       (S.Area)
  CAR:    0.01  Ratio:    0.00       (C.Area)
  CAR:    0.02  Ratio:    0.00       (C.S.Area)

[1]  li1:
  PAR:    0.00  Ratio:    0.00       (Area)
  PAR:    0.00  Ratio:   75.00       (S.Area)
  CAR:    0.00  Ratio:    0.00       (C.Area)
  CAR:    0.00  Ratio:    0.00       (C.S.Area)

[1]  M1M2_PR:
  PAR:    0.00  Ratio:    6.00       (Area)
  CAR:    0.01  Ratio:    0.00       (C.Area)

[1]  L1M1_PR_MR:
  PAR:    0.01  Ratio:    3.00       (Area)
  CAR:    0.01  Ratio:    0.00       (C.Area)


Net - clkgen.delay_100ns_1._intsig_a_\[5\]
  clkgen.delay_100ns_1.genblk1\[5\].delay_unit  (sky130_mm_sc_hd_dlyPoly6ns)  in
[1]  met2:
  PAR:    0.17  Ratio:    0.00       (Area)
  PAR:    0.85  Ratio: 2744.72       (S.Area)
  CAR:    0.18  Ratio:    0.00       (C.Area)
  CAR:    0.88  Ratio:    0.00       (C.S.Area)

[1]  met1:
  PAR:    0.00  Ratio:    0.00       (Area)
  PAR:    0.02  Ratio:  400.00       (S.Area)
  CAR:    0.01  Ratio:    0.00       (C.Area)
  CAR:    0.02  Ratio:    0.00       (C.S.Area)

[1]  li1:
  PAR:    0.00  Ratio:    0.00       (Area)
  PAR:    0.00  Ratio:   75.00       (S.Area)
  CAR:    0.00  Ratio:    0.00       (C.Area)
  CAR:    0.00  Ratio:    0.00       (C.S.Area)

[1]  M1M2_PR:
  PAR:    0.00  Ratio:    6.00       (Area)
  CAR:    0.01  Ratio:    0.00       (C.Area)

[1]  L1M1_PR_MR:
  PAR:    0.01  Ratio:    3.00       (Area)
  CAR:    0.01  Ratio:    0.00       (C.Area)


Net - clkgen.delay_100ns_1._intsig_a_\[6\]
  clkgen.delay_100ns_1.genblk1\[6\].delay_unit  (sky130_mm_sc_hd_dlyPoly6ns)  in
[1]  met2:
  PAR:    0.14  Ratio:    0.00       (Area)
  PAR:    0.73  Ratio: 2744.72       (S.Area)
  CAR:    0.15  Ratio:    0.00       (C.Area)
  CAR:    0.76  Ratio:    0.00       (C.S.Area)

[1]  met1:
  PAR:    0.00  Ratio:    0.00       (Area)
  PAR:    0.02  Ratio:  400.00       (S.Area)
  CAR:    0.01  Ratio:    0.00       (C.Area)
  CAR:    0.02  Ratio:    0.00       (C.S.Area)

[1]  li1:
  PAR:    0.00  Ratio:    0.00       (Area)
  PAR:    0.00  Ratio:   75.00       (S.Area)
  CAR:    0.00  Ratio:    0.00       (C.Area)
  CAR:    0.00  Ratio:    0.00       (C.S.Area)

[1]  M1M2_PR:
  PAR:    0.00  Ratio:    6.00       (Area)
  CAR:    0.01  Ratio:    0.00       (C.Area)

[1]  L1M1_PR_MR:
  PAR:    0.01  Ratio:    3.00       (Area)
  CAR:    0.01  Ratio:    0.00       (C.Area)


Net - clkgen.delay_100ns_1._intsig_a_\[7\]
  clkgen.delay_100ns_1.genblk1\[7\].delay_unit  (sky130_mm_sc_hd_dlyPoly6ns)  in
[1]  met2:
  PAR:    0.07  Ratio:    0.00       (Area)
  PAR:    0.38  Ratio: 2744.72       (S.Area)
  CAR:    0.08  Ratio:    0.00       (C.Area)
  CAR:    0.40  Ratio:    0.00       (C.S.Area)

[1]  met1:
  PAR:    0.00  Ratio:    0.00       (Area)
  PAR:    0.02  Ratio:  400.00       (S.Area)
  CAR:    0.01  Ratio:    0.00       (C.Area)
  CAR:    0.02  Ratio:    0.00       (C.S.Area)

[1]  li1:
  PAR:    0.00  Ratio:    0.00       (Area)
  PAR:    0.00  Ratio:   75.00       (S.Area)
  CAR:    0.00  Ratio:    0.00       (C.Area)
  CAR:    0.00  Ratio:    0.00       (C.S.Area)

[1]  M1M2_PR:
  PAR:    0.00  Ratio:    6.00       (Area)
  CAR:    0.01  Ratio:    0.00       (C.Area)

[1]  L1M1_PR_MR:
  PAR:    0.01  Ratio:    3.00       (Area)
  CAR:    0.01  Ratio:    0.00       (C.Area)


Net - clkgen.delay_100ns_1._intsig_a_\[8\]
  clkgen.delay_100ns_1.genblk1\[8\].delay_unit  (sky130_mm_sc_hd_dlyPoly6ns)  in
[1]  met3:
  PAR:    0.36  Ratio:    0.00       (Area)
  PAR:    2.02  Ratio: 2744.72       (S.Area)
  CAR:    0.64  Ratio:    0.00       (C.Area)
  CAR:    3.44  Ratio:    0.00       (C.S.Area)

[1]  met2:
  PAR:    0.27  Ratio:    0.00       (Area)
  PAR:    1.39  Ratio:  400.00       (S.Area)
  CAR:    0.28  Ratio:    0.00       (C.Area)
  CAR:    1.42  Ratio:    0.00       (C.S.Area)

[1]  met1:
  PAR:    0.00  Ratio:    0.00       (Area)
  PAR:    0.02  Ratio:  400.00       (S.Area)
  CAR:    0.01  Ratio:    0.00       (C.Area)
  CAR:    0.02  Ratio:    0.00       (C.S.Area)

[1]  li1:
  PAR:    0.00  Ratio:    0.00       (Area)
  PAR:    0.00  Ratio:   75.00       (S.Area)
  CAR:    0.00  Ratio:    0.00       (C.Area)
  CAR:    0.00  Ratio:    0.00       (C.S.Area)

[1]  M2M3_PR:
  PAR:    0.01  Ratio:    6.00       (Area)
  CAR:    0.02  Ratio:    0.00       (C.Area)

[1]  M1M2_PR:
  PAR:    0.00  Ratio:    6.00       (Area)
  CAR:    0.01  Ratio:    0.00       (C.Area)

[1]  L1M1_PR_MR:
  PAR:    0.01  Ratio:    3.00       (Area)
  CAR:    0.01  Ratio:    0.00       (C.Area)


Net - clkgen.delay_100ns_1._intsig_a_\[9\]
  clkgen.delay_100ns_1.genblk1\[9\].delay_unit  (sky130_mm_sc_hd_dlyPoly6ns)  in
[1]  met2:
  PAR:    0.17  Ratio:    0.00       (Area)
  PAR:    0.85  Ratio: 2744.72       (S.Area)
  CAR:    0.18  Ratio:    0.00       (C.Area)
  CAR:    0.88  Ratio:    0.00       (C.S.Area)

[1]  met1:
  PAR:    0.00  Ratio:    0.00       (Area)
  PAR:    0.02  Ratio:  400.00       (S.Area)
  CAR:    0.01  Ratio:    0.00       (C.Area)
  CAR:    0.02  Ratio:    0.00       (C.S.Area)

[1]  li1:
  PAR:    0.00  Ratio:    0.00       (Area)
  PAR:    0.00  Ratio:   75.00       (S.Area)
  CAR:    0.00  Ratio:    0.00       (C.Area)
  CAR:    0.00  Ratio:    0.00       (C.S.Area)

[1]  M1M2_PR:
  PAR:    0.00  Ratio:    6.00       (Area)
  CAR:    0.01  Ratio:    0.00       (C.Area)

[1]  L1M1_PR_MR:
  PAR:    0.01  Ratio:    3.00       (Area)
  CAR:    0.01  Ratio:    0.00       (C.Area)


Net - clkgen.delay_100ns_2._intsig_a_\[10\]
  clkgen.delay_100ns_2.genblk1\[10\].delay_unit  (sky130_mm_sc_hd_dlyPoly6ns)  in
[1]  met2:
  PAR:    0.23  Ratio:    0.00       (Area)
  PAR:    1.18  Ratio: 2744.72       (S.Area)
  CAR:    0.24  Ratio:    0.00       (C.Area)
  CAR:    1.20  Ratio:    0.00       (C.S.Area)

[1]  met1:
  PAR:    0.00  Ratio:    0.00       (Area)
  PAR:    0.02  Ratio:  400.00       (S.Area)
  CAR:    0.01  Ratio:    0.00       (C.Area)
  CAR:    0.02  Ratio:    0.00       (C.S.Area)

[1]  li1:
  PAR:    0.00  Ratio:    0.00       (Area)
  PAR:    0.00  Ratio:   75.00       (S.Area)
  CAR:    0.00  Ratio:    0.00       (C.Area)
  CAR:    0.00  Ratio:    0.00       (C.S.Area)

[1]  M1M2_PR:
  PAR:    0.00  Ratio:    6.00       (Area)
  CAR:    0.01  Ratio:    0.00       (C.Area)

[1]  L1M1_PR_MR:
  PAR:    0.01  Ratio:    3.00       (Area)
  CAR:    0.01  Ratio:    0.00       (C.Area)


Net - clkgen.delay_100ns_2._intsig_a_\[11\]
  clkgen.delay_100ns_2.genblk1\[11\].delay_unit  (sky130_mm_sc_hd_dlyPoly6ns)  in
[1]  met2:
  PAR:    0.16  Ratio:    0.00       (Area)
  PAR:    0.83  Ratio: 2744.72       (S.Area)
  CAR:    0.17  Ratio:    0.00       (C.Area)
  CAR:    0.85  Ratio:    0.00       (C.S.Area)

[1]  met1:
  PAR:    0.00  Ratio:    0.00       (Area)
  PAR:    0.02  Ratio:  400.00       (S.Area)
  CAR:    0.01  Ratio:    0.00       (C.Area)
  CAR:    0.02  Ratio:    0.00       (C.S.Area)

[1]  li1:
  PAR:    0.00  Ratio:    0.00       (Area)
  PAR:    0.00  Ratio:   75.00       (S.Area)
  CAR:    0.00  Ratio:    0.00       (C.Area)
  CAR:    0.00  Ratio:    0.00       (C.S.Area)

[1]  M1M2_PR:
  PAR:    0.00  Ratio:    6.00       (Area)
  CAR:    0.01  Ratio:    0.00       (C.Area)

[1]  L1M1_PR_MR:
  PAR:    0.01  Ratio:    3.00       (Area)
  CAR:    0.01  Ratio:    0.00       (C.Area)


Net - clkgen.delay_100ns_2._intsig_a_\[12\]
  clkgen.delay_100ns_2.genblk1\[12\].delay_unit  (sky130_mm_sc_hd_dlyPoly6ns)  in
[1]  met2:
  PAR:    0.07  Ratio:    0.00       (Area)
  PAR:    0.38  Ratio: 2744.72       (S.Area)
  CAR:    0.08  Ratio:    0.00       (C.Area)
  CAR:    0.40  Ratio:    0.00       (C.S.Area)

[1]  met1:
  PAR:    0.00  Ratio:    0.00       (Area)
  PAR:    0.02  Ratio:  400.00       (S.Area)
  CAR:    0.01  Ratio:    0.00       (C.Area)
  CAR:    0.02  Ratio:    0.00       (C.S.Area)

[1]  li1:
  PAR:    0.00  Ratio:    0.00       (Area)
  PAR:    0.00  Ratio:   75.00       (S.Area)
  CAR:    0.00  Ratio:    0.00       (C.Area)
  CAR:    0.00  Ratio:    0.00       (C.S.Area)

[1]  M1M2_PR:
  PAR:    0.00  Ratio:    6.00       (Area)
  CAR:    0.01  Ratio:    0.00       (C.Area)

[1]  L1M1_PR_MR:
  PAR:    0.01  Ratio:    3.00       (Area)
  CAR:    0.01  Ratio:    0.00       (C.Area)


Net - clkgen.delay_100ns_2._intsig_a_\[13\]
  clkgen.delay_100ns_2.genblk1\[13\].delay_unit  (sky130_mm_sc_hd_dlyPoly6ns)  in
[1]  met2:
  PAR:    0.10  Ratio:    0.00       (Area)
  PAR:    0.52  Ratio: 2744.72       (S.Area)
  CAR:    0.11  Ratio:    0.00       (C.Area)
  CAR:    0.54  Ratio:    0.00       (C.S.Area)

[1]  met1:
  PAR:    0.00  Ratio:    0.00       (Area)
  PAR:    0.02  Ratio:  400.00       (S.Area)
  CAR:    0.01  Ratio:    0.00       (C.Area)
  CAR:    0.02  Ratio:    0.00       (C.S.Area)

[1]  li1:
  PAR:    0.00  Ratio:    0.00       (Area)
  PAR:    0.00  Ratio:   75.00       (S.Area)
  CAR:    0.00  Ratio:    0.00       (C.Area)
  CAR:    0.00  Ratio:    0.00       (C.S.Area)

[1]  M1M2_PR:
  PAR:    0.00  Ratio:    6.00       (Area)
  CAR:    0.01  Ratio:    0.00       (C.Area)

[1]  L1M1_PR_MR:
  PAR:    0.01  Ratio:    3.00       (Area)
  CAR:    0.01  Ratio:    0.00       (C.Area)


Net - clkgen.delay_100ns_2._intsig_a_\[14\]
  clkgen.delay_100ns_2.genblk1\[14\].delay_unit  (sky130_mm_sc_hd_dlyPoly6ns)  in
[1]  met2:
  PAR:    0.07  Ratio:    0.00       (Area)
  PAR:    0.38  Ratio: 2744.72       (S.Area)
  CAR:    0.08  Ratio:    0.00       (C.Area)
  CAR:    0.40  Ratio:    0.00       (C.S.Area)

[1]  met1:
  PAR:    0.00  Ratio:    0.00       (Area)
  PAR:    0.02  Ratio:  400.00       (S.Area)
  CAR:    0.01  Ratio:    0.00       (C.Area)
  CAR:    0.02  Ratio:    0.00       (C.S.Area)

[1]  li1:
  PAR:    0.00  Ratio:    0.00       (Area)
  PAR:    0.00  Ratio:   75.00       (S.Area)
  CAR:    0.00  Ratio:    0.00       (C.Area)
  CAR:    0.00  Ratio:    0.00       (C.S.Area)

[1]  M1M2_PR:
  PAR:    0.00  Ratio:    6.00       (Area)
  CAR:    0.01  Ratio:    0.00       (C.Area)

[1]  L1M1_PR_MR:
  PAR:    0.01  Ratio:    3.00       (Area)
  CAR:    0.01  Ratio:    0.00       (C.Area)


Net - clkgen.delay_100ns_2._intsig_a_\[15\]
  clkgen.delay_100ns_2.genblk1\[15\].delay_unit  (sky130_mm_sc_hd_dlyPoly6ns)  in
[1]  met2:
  PAR:    0.10  Ratio:    0.00       (Area)
  PAR:    0.52  Ratio: 2744.72       (S.Area)
  CAR:    0.25  Ratio:    0.00       (C.Area)
  CAR:    1.25  Ratio:    0.00       (C.S.Area)

[1]  met1:
  PAR:    0.14  Ratio:    0.00       (Area)
  PAR:    0.73  Ratio:  400.00       (S.Area)
  CAR:    0.15  Ratio:    0.00       (C.Area)
  CAR:    0.73  Ratio:    0.00       (C.S.Area)

[1]  li1:
  PAR:    0.00  Ratio:    0.00       (Area)
  PAR:    0.00  Ratio:   75.00       (S.Area)
  CAR:    0.00  Ratio:    0.00       (C.Area)
  CAR:    0.00  Ratio:    0.00       (C.S.Area)

[1]  M1M2_PR:
  PAR:    0.00  Ratio:    6.00       (Area)
  CAR:    0.01  Ratio:    0.00       (C.Area)

[1]  L1M1_PR_MR:
  PAR:    0.01  Ratio:    3.00       (Area)
  CAR:    0.01  Ratio:    0.00       (C.Area)


Net - clkgen.delay_100ns_2._intsig_a_\[16\]
  clkgen.delay_100ns_2.genblk1\[16\].delay_unit  (sky130_mm_sc_hd_dlyPoly6ns)  in
[1]  met2:
  PAR:    0.15  Ratio:    0.00       (Area)
  PAR:    0.78  Ratio: 2744.72       (S.Area)
  CAR:    0.23  Ratio:    0.00       (C.Area)
  CAR:    1.17  Ratio:    0.00       (C.S.Area)

[1]  met1:
  PAR:    0.07  Ratio:    0.00       (Area)
  PAR:    0.39  Ratio:  400.00       (S.Area)
  CAR:    0.08  Ratio:    0.00       (C.Area)
  CAR:    0.39  Ratio:    0.00       (C.S.Area)

[1]  li1:
  PAR:    0.00  Ratio:    0.00       (Area)
  PAR:    0.00  Ratio:   75.00       (S.Area)
  CAR:    0.00  Ratio:    0.00       (C.Area)
  CAR:    0.00  Ratio:    0.00       (C.S.Area)

[1]  M1M2_PR:
  PAR:    0.00  Ratio:    6.00       (Area)
  CAR:    0.01  Ratio:    0.00       (C.Area)

[1]  L1M1_PR_MR:
  PAR:    0.01  Ratio:    3.00       (Area)
  CAR:    0.01  Ratio:    0.00       (C.Area)


Net - clkgen.delay_100ns_2._intsig_a_\[17\]
  clkgen.delay_100ns_2.genblk1\[17\].delay_unit  (sky130_mm_sc_hd_dlyPoly6ns)  in
[1]  met2:
  PAR:    0.27  Ratio:    0.00       (Area)
  PAR:    1.42  Ratio: 2744.72       (S.Area)
  CAR:    0.49  Ratio:    0.00       (C.Area)
  CAR:    2.57  Ratio:    0.00       (C.S.Area)

[1]  met1:
  PAR:    0.22  Ratio:    0.00       (Area)
  PAR:    1.15  Ratio:  400.00       (S.Area)
  CAR:    0.22  Ratio:    0.00       (C.Area)
  CAR:    1.15  Ratio:    0.00       (C.S.Area)

[1]  li1:
  PAR:    0.00  Ratio:    0.00       (Area)
  PAR:    0.00  Ratio:   75.00       (S.Area)
  CAR:    0.00  Ratio:    0.00       (C.Area)
  CAR:    0.00  Ratio:    0.00       (C.S.Area)

[1]  M1M2_PR:
  PAR:    0.00  Ratio:    6.00       (Area)
  CAR:    0.01  Ratio:    0.00       (C.Area)

[1]  L1M1_PR_MR:
  PAR:    0.01  Ratio:    3.00       (Area)
  CAR:    0.01  Ratio:    0.00       (C.Area)


Net - clkgen.delay_100ns_2._intsig_a_\[2\]
  clkgen.delay_100ns_2.genblk1\[2\].delay_unit  (sky130_mm_sc_hd_dlyPoly6ns)  in
[1]  met2:
  PAR:    0.23  Ratio:    0.00       (Area)
  PAR:    1.13  Ratio: 2744.72       (S.Area)
  CAR:    0.23  Ratio:    0.00       (C.Area)
  CAR:    1.16  Ratio:    0.00       (C.S.Area)

[1]  met1:
  PAR:    0.00  Ratio:    0.00       (Area)
  PAR:    0.02  Ratio:  400.00       (S.Area)
  CAR:    0.01  Ratio:    0.00       (C.Area)
  CAR:    0.02  Ratio:    0.00       (C.S.Area)

[1]  li1:
  PAR:    0.00  Ratio:    0.00       (Area)
  PAR:    0.00  Ratio:   75.00       (S.Area)
  CAR:    0.00  Ratio:    0.00       (C.Area)
  CAR:    0.00  Ratio:    0.00       (C.S.Area)

[1]  M1M2_PR:
  PAR:    0.00  Ratio:    6.00       (Area)
  CAR:    0.01  Ratio:    0.00       (C.Area)

[1]  L1M1_PR_MR:
  PAR:    0.01  Ratio:    3.00       (Area)
  CAR:    0.01  Ratio:    0.00       (C.Area)


Net - clkgen.delay_100ns_2._intsig_a_\[3\]
  clkgen.delay_100ns_2.genblk1\[3\].delay_unit  (sky130_mm_sc_hd_dlyPoly6ns)  in
[1]  met2:
  PAR:    0.10  Ratio:    0.00       (Area)
  PAR:    0.50  Ratio: 2744.72       (S.Area)
  CAR:    0.13  Ratio:    0.00       (C.Area)
  CAR:    0.68  Ratio:    0.00       (C.S.Area)

[1]  met1:
  PAR:    0.03  Ratio:    0.00       (Area)
  PAR:    0.18  Ratio:  400.00       (S.Area)
  CAR:    0.03  Ratio:    0.00       (C.Area)
  CAR:    0.18  Ratio:    0.00       (C.S.Area)

[1]  li1:
  PAR:    0.00  Ratio:    0.00       (Area)
  PAR:    0.00  Ratio:   75.00       (S.Area)
  CAR:    0.00  Ratio:    0.00       (C.Area)
  CAR:    0.00  Ratio:    0.00       (C.S.Area)

[1]  M1M2_PR:
  PAR:    0.00  Ratio:    6.00       (Area)
  CAR:    0.01  Ratio:    0.00       (C.Area)

[1]  L1M1_PR_MR:
  PAR:    0.01  Ratio:    3.00       (Area)
  CAR:    0.01  Ratio:    0.00       (C.Area)


Net - clkgen.delay_100ns_2._intsig_a_\[4\]
  clkgen.delay_100ns_2.genblk1\[4\].delay_unit  (sky130_mm_sc_hd_dlyPoly6ns)  in
[1]  met2:
  PAR:    0.16  Ratio:    0.00       (Area)
  PAR:    0.83  Ratio: 2744.72       (S.Area)
  CAR:    0.17  Ratio:    0.00       (C.Area)
  CAR:    0.85  Ratio:    0.00       (C.S.Area)

[1]  met1:
  PAR:    0.00  Ratio:    0.00       (Area)
  PAR:    0.02  Ratio:  400.00       (S.Area)
  CAR:    0.01  Ratio:    0.00       (C.Area)
  CAR:    0.02  Ratio:    0.00       (C.S.Area)

[1]  li1:
  PAR:    0.00  Ratio:    0.00       (Area)
  PAR:    0.00  Ratio:   75.00       (S.Area)
  CAR:    0.00  Ratio:    0.00       (C.Area)
  CAR:    0.00  Ratio:    0.00       (C.S.Area)

[1]  M1M2_PR:
  PAR:    0.00  Ratio:    6.00       (Area)
  CAR:    0.01  Ratio:    0.00       (C.Area)

[1]  L1M1_PR_MR:
  PAR:    0.01  Ratio:    3.00       (Area)
  CAR:    0.01  Ratio:    0.00       (C.Area)


Net - clkgen.delay_100ns_2._intsig_a_\[5\]
  clkgen.delay_100ns_2.genblk1\[5\].delay_unit  (sky130_mm_sc_hd_dlyPoly6ns)  in
[1]  met2:
  PAR:    0.16  Ratio:    0.00       (Area)
  PAR:    0.84  Ratio: 2744.72       (S.Area)
  CAR:    0.17  Ratio:    0.00       (C.Area)
  CAR:    0.87  Ratio:    0.00       (C.S.Area)

[1]  met1:
  PAR:    0.00  Ratio:    0.00       (Area)
  PAR:    0.02  Ratio:  400.00       (S.Area)
  CAR:    0.01  Ratio:    0.00       (C.Area)
  CAR:    0.02  Ratio:    0.00       (C.S.Area)

[1]  li1:
  PAR:    0.00  Ratio:    0.00       (Area)
  PAR:    0.00  Ratio:   75.00       (S.Area)
  CAR:    0.00  Ratio:    0.00       (C.Area)
  CAR:    0.00  Ratio:    0.00       (C.S.Area)

[1]  M1M2_PR:
  PAR:    0.00  Ratio:    6.00       (Area)
  CAR:    0.01  Ratio:    0.00       (C.Area)

[1]  L1M1_PR_MR:
  PAR:    0.01  Ratio:    3.00       (Area)
  CAR:    0.01  Ratio:    0.00       (C.Area)


Net - clkgen.delay_100ns_2._intsig_a_\[6\]
  clkgen.delay_100ns_2.genblk1\[6\].delay_unit  (sky130_mm_sc_hd_dlyPoly6ns)  in
[1]  met2:
  PAR:    0.10  Ratio:    0.00       (Area)
  PAR:    0.52  Ratio: 2744.72       (S.Area)
  CAR:    0.11  Ratio:    0.00       (C.Area)
  CAR:    0.54  Ratio:    0.00       (C.S.Area)

[1]  met1:
  PAR:    0.00  Ratio:    0.00       (Area)
  PAR:    0.02  Ratio:  400.00       (S.Area)
  CAR:    0.01  Ratio:    0.00       (C.Area)
  CAR:    0.02  Ratio:    0.00       (C.S.Area)

[1]  li1:
  PAR:    0.00  Ratio:    0.00       (Area)
  PAR:    0.00  Ratio:   75.00       (S.Area)
  CAR:    0.00  Ratio:    0.00       (C.Area)
  CAR:    0.00  Ratio:    0.00       (C.S.Area)

[1]  M1M2_PR:
  PAR:    0.00  Ratio:    6.00       (Area)
  CAR:    0.01  Ratio:    0.00       (C.Area)

[1]  L1M1_PR_MR:
  PAR:    0.01  Ratio:    3.00       (Area)
  CAR:    0.01  Ratio:    0.00       (C.Area)


Net - clkgen.delay_100ns_2._intsig_a_\[7\]
  clkgen.delay_100ns_2.genblk1\[7\].delay_unit  (sky130_mm_sc_hd_dlyPoly6ns)  in
[1]  met2:
  PAR:    0.11  Ratio:    0.00       (Area)
  PAR:    0.60  Ratio: 2744.72       (S.Area)
  CAR:    0.12  Ratio:    0.00       (C.Area)
  CAR:    0.62  Ratio:    0.00       (C.S.Area)

[1]  met1:
  PAR:    0.00  Ratio:    0.00       (Area)
  PAR:    0.02  Ratio:  400.00       (S.Area)
  CAR:    0.01  Ratio:    0.00       (C.Area)
  CAR:    0.02  Ratio:    0.00       (C.S.Area)

[1]  li1:
  PAR:    0.00  Ratio:    0.00       (Area)
  PAR:    0.00  Ratio:   75.00       (S.Area)
  CAR:    0.00  Ratio:    0.00       (C.Area)
  CAR:    0.00  Ratio:    0.00       (C.S.Area)

[1]  M1M2_PR:
  PAR:    0.00  Ratio:    6.00       (Area)
  CAR:    0.01  Ratio:    0.00       (C.Area)

[1]  L1M1_PR_MR:
  PAR:    0.01  Ratio:    3.00       (Area)
  CAR:    0.01  Ratio:    0.00       (C.Area)


Net - clkgen.delay_100ns_2._intsig_a_\[8\]
  clkgen.delay_100ns_2.genblk1\[8\].delay_unit  (sky130_mm_sc_hd_dlyPoly6ns)  in
[1]  met2:
  PAR:    0.07  Ratio:    0.00       (Area)
  PAR:    0.38  Ratio: 2744.72       (S.Area)
  CAR:    0.08  Ratio:    0.00       (C.Area)
  CAR:    0.40  Ratio:    0.00       (C.S.Area)

[1]  met1:
  PAR:    0.00  Ratio:    0.00       (Area)
  PAR:    0.02  Ratio:  400.00       (S.Area)
  CAR:    0.01  Ratio:    0.00       (C.Area)
  CAR:    0.02  Ratio:    0.00       (C.S.Area)

[1]  li1:
  PAR:    0.00  Ratio:    0.00       (Area)
  PAR:    0.00  Ratio:   75.00       (S.Area)
  CAR:    0.00  Ratio:    0.00       (C.Area)
  CAR:    0.00  Ratio:    0.00       (C.S.Area)

[1]  M1M2_PR:
  PAR:    0.00  Ratio:    6.00       (Area)
  CAR:    0.01  Ratio:    0.00       (C.Area)

[1]  L1M1_PR_MR:
  PAR:    0.01  Ratio:    3.00       (Area)
  CAR:    0.01  Ratio:    0.00       (C.Area)


Net - clkgen.delay_100ns_2._intsig_a_\[9\]
  clkgen.delay_100ns_2.genblk1\[9\].delay_unit  (sky130_mm_sc_hd_dlyPoly6ns)  in
[1]  met2:
  PAR:    0.07  Ratio:    0.00       (Area)
  PAR:    0.35  Ratio: 2744.72       (S.Area)
  CAR:    0.08  Ratio:    0.00       (C.Area)
  CAR:    0.38  Ratio:    0.00       (C.S.Area)

[1]  met1:
  PAR:    0.00  Ratio:    0.00       (Area)
  PAR:    0.02  Ratio:  400.00       (S.Area)
  CAR:    0.01  Ratio:    0.00       (C.Area)
  CAR:    0.02  Ratio:    0.00       (C.S.Area)

[1]  li1:
  PAR:    0.00  Ratio:    0.00       (Area)
  PAR:    0.00  Ratio:   75.00       (S.Area)
  CAR:    0.00  Ratio:    0.00       (C.Area)
  CAR:    0.00  Ratio:    0.00       (C.S.Area)

[1]  M1M2_PR:
  PAR:    0.00  Ratio:    6.00       (Area)
  CAR:    0.01  Ratio:    0.00       (C.Area)

[1]  L1M1_PR_MR:
  PAR:    0.01  Ratio:    3.00       (Area)
  CAR:    0.01  Ratio:    0.00       (C.Area)


Net - clkgen.delay_100ns_2.out
  _3_  (sky130_fd_sc_hd__o21ba_2)  B1_N
[1]  met2:
  PAR:    5.93  Ratio:    0.00       (Area)
  PAR:   29.91  Ratio: 2744.72       (S.Area)
  CAR:    6.20  Ratio:    0.00       (C.Area)
  CAR:   30.83  Ratio:    0.00       (C.S.Area)

[1]  met1:
  PAR:    0.16  Ratio:    0.00       (Area)
  PAR:    0.78  Ratio:  400.00       (S.Area)
  CAR:    0.27  Ratio:    0.00       (C.Area)
  CAR:    0.91  Ratio:    0.00       (C.S.Area)

[1]  li1:
  PAR:    0.11  Ratio:    0.00       (Area)
  PAR:    0.13  Ratio:   75.00       (S.Area)
  CAR:    0.11  Ratio:    0.00       (C.Area)
  CAR:    0.13  Ratio:    0.00       (C.S.Area)

[1]  M1M2_PR:
  PAR:    0.18  Ratio:    6.00       (Area)
  CAR:    0.41  Ratio:    0.00       (C.Area)

[1]  L1M1_PR_MR:
  PAR:    0.23  Ratio:    3.00       (Area)
  CAR:    0.23  Ratio:    0.00       (C.Area)


Net - clkgen.delay_100ns_3._intsig_a_\[10\]
  clkgen.delay_100ns_3.genblk1\[10\].delay_unit  (sky130_mm_sc_hd_dlyPoly6ns)  in
[1]  met2:
  PAR:    0.07  Ratio:    0.00       (Area)
  PAR:    0.38  Ratio: 2744.72       (S.Area)
  CAR:    0.08  Ratio:    0.00       (C.Area)
  CAR:    0.40  Ratio:    0.00       (C.S.Area)

[1]  met1:
  PAR:    0.00  Ratio:    0.00       (Area)
  PAR:    0.02  Ratio:  400.00       (S.Area)
  CAR:    0.01  Ratio:    0.00       (C.Area)
  CAR:    0.02  Ratio:    0.00       (C.S.Area)

[1]  li1:
  PAR:    0.00  Ratio:    0.00       (Area)
  PAR:    0.00  Ratio:   75.00       (S.Area)
  CAR:    0.00  Ratio:    0.00       (C.Area)
  CAR:    0.00  Ratio:    0.00       (C.S.Area)

[1]  M1M2_PR:
  PAR:    0.00  Ratio:    6.00       (Area)
  CAR:    0.01  Ratio:    0.00       (C.Area)

[1]  L1M1_PR_MR:
  PAR:    0.01  Ratio:    3.00       (Area)
  CAR:    0.01  Ratio:    0.00       (C.Area)


Net - clkgen.delay_100ns_3._intsig_a_\[11\]
  clkgen.delay_100ns_3.genblk1\[11\].delay_unit  (sky130_mm_sc_hd_dlyPoly6ns)  in
[1]  met2:
  PAR:    0.10  Ratio:    0.00       (Area)
  PAR:    0.50  Ratio: 2744.72       (S.Area)
  CAR:    0.10  Ratio:    0.00       (C.Area)
  CAR:    0.52  Ratio:    0.00       (C.S.Area)

[1]  met1:
  PAR:    0.00  Ratio:    0.00       (Area)
  PAR:    0.02  Ratio:  400.00       (S.Area)
  CAR:    0.01  Ratio:    0.00       (C.Area)
  CAR:    0.02  Ratio:    0.00       (C.S.Area)

[1]  li1:
  PAR:    0.00  Ratio:    0.00       (Area)
  PAR:    0.00  Ratio:   75.00       (S.Area)
  CAR:    0.00  Ratio:    0.00       (C.Area)
  CAR:    0.00  Ratio:    0.00       (C.S.Area)

[1]  M1M2_PR:
  PAR:    0.00  Ratio:    6.00       (Area)
  CAR:    0.01  Ratio:    0.00       (C.Area)

[1]  L1M1_PR_MR:
  PAR:    0.01  Ratio:    3.00       (Area)
  CAR:    0.01  Ratio:    0.00       (C.Area)


Net - clkgen.delay_100ns_3._intsig_a_\[12\]
  clkgen.delay_100ns_3.genblk1\[12\].delay_unit  (sky130_mm_sc_hd_dlyPoly6ns)  in
[1]  met2:
  PAR:    0.07  Ratio:    0.00       (Area)
  PAR:    0.38  Ratio: 2744.72       (S.Area)
  CAR:    0.08  Ratio:    0.00       (C.Area)
  CAR:    0.40  Ratio:    0.00       (C.S.Area)

[1]  met1:
  PAR:    0.00  Ratio:    0.00       (Area)
  PAR:    0.02  Ratio:  400.00       (S.Area)
  CAR:    0.01  Ratio:    0.00       (C.Area)
  CAR:    0.02  Ratio:    0.00       (C.S.Area)

[1]  li1:
  PAR:    0.00  Ratio:    0.00       (Area)
  PAR:    0.00  Ratio:   75.00       (S.Area)
  CAR:    0.00  Ratio:    0.00       (C.Area)
  CAR:    0.00  Ratio:    0.00       (C.S.Area)

[1]  M1M2_PR:
  PAR:    0.00  Ratio:    6.00       (Area)
  CAR:    0.01  Ratio:    0.00       (C.Area)

[1]  L1M1_PR_MR:
  PAR:    0.01  Ratio:    3.00       (Area)
  CAR:    0.01  Ratio:    0.00       (C.Area)


Net - clkgen.delay_100ns_3._intsig_a_\[13\]
  clkgen.delay_100ns_3.genblk1\[13\].delay_unit  (sky130_mm_sc_hd_dlyPoly6ns)  in
[1]  met2:
  PAR:    0.10  Ratio:    0.00       (Area)
  PAR:    0.52  Ratio: 2744.72       (S.Area)
  CAR:    0.28  Ratio:    0.00       (C.Area)
  CAR:    1.39  Ratio:    0.00       (C.S.Area)

[1]  met1:
  PAR:    0.17  Ratio:    0.00       (Area)
  PAR:    0.87  Ratio:  400.00       (S.Area)
  CAR:    0.17  Ratio:    0.00       (C.Area)
  CAR:    0.87  Ratio:    0.00       (C.S.Area)

[1]  li1:
  PAR:    0.00  Ratio:    0.00       (Area)
  PAR:    0.00  Ratio:   75.00       (S.Area)
  CAR:    0.00  Ratio:    0.00       (C.Area)
  CAR:    0.00  Ratio:    0.00       (C.S.Area)

[1]  M1M2_PR:
  PAR:    0.00  Ratio:    6.00       (Area)
  CAR:    0.01  Ratio:    0.00       (C.Area)

[1]  L1M1_PR_MR:
  PAR:    0.01  Ratio:    3.00       (Area)
  CAR:    0.01  Ratio:    0.00       (C.Area)


Net - clkgen.delay_100ns_3._intsig_a_\[14\]
  clkgen.delay_100ns_3.genblk1\[14\].delay_unit  (sky130_mm_sc_hd_dlyPoly6ns)  in
[1]  met2:
  PAR:    0.10  Ratio:    0.00       (Area)
  PAR:    0.50  Ratio: 2744.72       (S.Area)
  CAR:    0.10  Ratio:    0.00       (C.Area)
  CAR:    0.52  Ratio:    0.00       (C.S.Area)

[1]  met1:
  PAR:    0.00  Ratio:    0.00       (Area)
  PAR:    0.02  Ratio:  400.00       (S.Area)
  CAR:    0.01  Ratio:    0.00       (C.Area)
  CAR:    0.02  Ratio:    0.00       (C.S.Area)

[1]  li1:
  PAR:    0.00  Ratio:    0.00       (Area)
  PAR:    0.00  Ratio:   75.00       (S.Area)
  CAR:    0.00  Ratio:    0.00       (C.Area)
  CAR:    0.00  Ratio:    0.00       (C.S.Area)

[1]  M1M2_PR:
  PAR:    0.00  Ratio:    6.00       (Area)
  CAR:    0.01  Ratio:    0.00       (C.Area)

[1]  L1M1_PR_MR:
  PAR:    0.01  Ratio:    3.00       (Area)
  CAR:    0.01  Ratio:    0.00       (C.Area)


Net - clkgen.delay_100ns_3._intsig_a_\[15\]
  clkgen.delay_100ns_3.genblk1\[15\].delay_unit  (sky130_mm_sc_hd_dlyPoly6ns)  in
[1]  met2:
  PAR:    0.17  Ratio:    0.00       (Area)
  PAR:    0.85  Ratio: 2744.72       (S.Area)
  CAR:    0.19  Ratio:    0.00       (C.Area)
  CAR:    0.97  Ratio:    0.00       (C.S.Area)

[1]  met1:
  PAR:    0.02  Ratio:    0.00       (Area)
  PAR:    0.11  Ratio:  400.00       (S.Area)
  CAR:    0.02  Ratio:    0.00       (C.Area)
  CAR:    0.11  Ratio:    0.00       (C.S.Area)

[1]  li1:
  PAR:    0.00  Ratio:    0.00       (Area)
  PAR:    0.00  Ratio:   75.00       (S.Area)
  CAR:    0.00  Ratio:    0.00       (C.Area)
  CAR:    0.00  Ratio:    0.00       (C.S.Area)

[1]  M1M2_PR:
  PAR:    0.00  Ratio:    6.00       (Area)
  CAR:    0.01  Ratio:    0.00       (C.Area)

[1]  L1M1_PR_MR:
  PAR:    0.01  Ratio:    3.00       (Area)
  CAR:    0.01  Ratio:    0.00       (C.Area)


Net - clkgen.delay_100ns_3._intsig_a_\[16\]
  clkgen.delay_100ns_3.genblk1\[16\].delay_unit  (sky130_mm_sc_hd_dlyPoly6ns)  in
[1]  met2:
  PAR:    0.23  Ratio:    0.00       (Area)
  PAR:    1.13  Ratio: 2744.72       (S.Area)
  CAR:    0.23  Ratio:    0.00       (C.Area)
  CAR:    1.16  Ratio:    0.00       (C.S.Area)

[1]  met1:
  PAR:    0.00  Ratio:    0.00       (Area)
  PAR:    0.02  Ratio:  400.00       (S.Area)
  CAR:    0.01  Ratio:    0.00       (C.Area)
  CAR:    0.02  Ratio:    0.00       (C.S.Area)

[1]  li1:
  PAR:    0.00  Ratio:    0.00       (Area)
  PAR:    0.00  Ratio:   75.00       (S.Area)
  CAR:    0.00  Ratio:    0.00       (C.Area)
  CAR:    0.00  Ratio:    0.00       (C.S.Area)

[1]  M1M2_PR:
  PAR:    0.00  Ratio:    6.00       (Area)
  CAR:    0.01  Ratio:    0.00       (C.Area)

[1]  L1M1_PR_MR:
  PAR:    0.01  Ratio:    3.00       (Area)
  CAR:    0.01  Ratio:    0.00       (C.Area)


Net - clkgen.delay_100ns_3._intsig_a_\[17\]
  clkgen.delay_100ns_3.genblk1\[17\].delay_unit  (sky130_mm_sc_hd_dlyPoly6ns)  in
[1]  met2:
  PAR:    0.42  Ratio:    0.00       (Area)
  PAR:    2.15  Ratio: 2744.72       (S.Area)
  CAR:    0.43  Ratio:    0.00       (C.Area)
  CAR:    2.18  Ratio:    0.00       (C.S.Area)

[1]  met1:
  PAR:    0.00  Ratio:    0.00       (Area)
  PAR:    0.02  Ratio:  400.00       (S.Area)
  CAR:    0.01  Ratio:    0.00       (C.Area)
  CAR:    0.02  Ratio:    0.00       (C.S.Area)

[1]  li1:
  PAR:    0.00  Ratio:    0.00       (Area)
  PAR:    0.00  Ratio:   75.00       (S.Area)
  CAR:    0.00  Ratio:    0.00       (C.Area)
  CAR:    0.00  Ratio:    0.00       (C.S.Area)

[1]  M1M2_PR:
  PAR:    0.00  Ratio:    6.00       (Area)
  CAR:    0.01  Ratio:    0.00       (C.Area)

[1]  L1M1_PR_MR:
  PAR:    0.01  Ratio:    3.00       (Area)
  CAR:    0.01  Ratio:    0.00       (C.Area)


Net - clkgen.delay_100ns_3._intsig_a_\[1\]
  clkgen.delay_100ns_3.genblk1\[1\].delay_unit  (sky130_mm_sc_hd_dlyPoly6ns)  in
[1]  met3:
  PAR:    2.72  Ratio:    0.00       (Area)
  PAR:   14.61  Ratio: 2778.20       (S.Area)
  CAR:    2.89  Ratio:    0.00       (C.Area)
  CAR:   15.47  Ratio:    0.00       (C.S.Area)

[1]  met2:
  PAR:    0.16  Ratio:    0.00       (Area)
  PAR:    0.84  Ratio:  400.00       (S.Area)
  CAR:    0.17  Ratio:    0.00       (C.Area)
  CAR:    0.87  Ratio:    0.00       (C.S.Area)

[1]  met1:
  PAR:    0.00  Ratio:    0.00       (Area)
  PAR:    0.02  Ratio:  400.00       (S.Area)
  CAR:    0.01  Ratio:    0.00       (C.Area)
  CAR:    0.02  Ratio:    0.00       (C.S.Area)

[1]  li1:
  PAR:    0.00  Ratio:    0.00       (Area)
  PAR:    0.00  Ratio:   75.00       (S.Area)
  CAR:    0.00  Ratio:    0.00       (C.Area)
  CAR:    0.00  Ratio:    0.00       (C.S.Area)

[1]  M2M3_PR:
  PAR:    0.01  Ratio:    6.00       (Area)
  CAR:    0.02  Ratio:    0.00       (C.Area)

[1]  M1M2_PR:
  PAR:    0.00  Ratio:    6.00       (Area)
  CAR:    0.01  Ratio:    0.00       (C.Area)

[1]  L1M1_PR_MR:
  PAR:    0.01  Ratio:    3.00       (Area)
  CAR:    0.01  Ratio:    0.00       (C.Area)


Net - clkgen.delay_100ns_3._intsig_a_\[2\]
  clkgen.delay_100ns_3.genblk1\[2\].delay_unit  (sky130_mm_sc_hd_dlyPoly6ns)  in
[1]  met3:
  PAR:    2.83  Ratio:    0.00       (Area)
  PAR:   15.15  Ratio: 2744.72       (S.Area)
  CAR:    3.03  Ratio:    0.00       (C.Area)
  CAR:   16.24  Ratio:    0.00       (C.S.Area)

[1]  met2:
  PAR:    0.01  Ratio:    0.00       (Area)
  PAR:    0.08  Ratio:  400.00       (S.Area)
  CAR:    0.21  Ratio:    0.00       (C.Area)
  CAR:    1.09  Ratio:    0.00       (C.S.Area)

[1]  met1:
  PAR:    0.19  Ratio:    0.00       (Area)
  PAR:    1.01  Ratio:  400.00       (S.Area)
  CAR:    0.20  Ratio:    0.00       (C.Area)
  CAR:    1.01  Ratio:    0.00       (C.S.Area)

[1]  li1:
  PAR:    0.00  Ratio:    0.00       (Area)
  PAR:    0.00  Ratio:   75.00       (S.Area)
  CAR:    0.00  Ratio:    0.00       (C.Area)
  CAR:    0.00  Ratio:    0.00       (C.S.Area)

[1]  M2M3_PR:
  PAR:    0.01  Ratio:    6.00       (Area)
  CAR:    0.02  Ratio:    0.00       (C.Area)

[1]  M1M2_PR:
  PAR:    0.00  Ratio:    6.00       (Area)
  CAR:    0.01  Ratio:    0.00       (C.Area)

[1]  L1M1_PR_MR:
  PAR:    0.01  Ratio:    3.00       (Area)
  CAR:    0.01  Ratio:    0.00       (C.Area)


Net - clkgen.delay_100ns_3._intsig_a_\[3\]
  clkgen.delay_100ns_3.genblk1\[3\].delay_unit  (sky130_mm_sc_hd_dlyPoly6ns)  in
[1]  met2:
  PAR:    0.31  Ratio:    0.00       (Area)
  PAR:    1.56  Ratio: 2744.72       (S.Area)
  CAR:    0.32  Ratio:    0.00       (C.Area)
  CAR:    1.58  Ratio:    0.00       (C.S.Area)

[1]  met1:
  PAR:    0.00  Ratio:    0.00       (Area)
  PAR:    0.02  Ratio:  400.00       (S.Area)
  CAR:    0.01  Ratio:    0.00       (C.Area)
  CAR:    0.02  Ratio:    0.00       (C.S.Area)

[1]  li1:
  PAR:    0.00  Ratio:    0.00       (Area)
  PAR:    0.00  Ratio:   75.00       (S.Area)
  CAR:    0.00  Ratio:    0.00       (C.Area)
  CAR:    0.00  Ratio:    0.00       (C.S.Area)

[1]  M1M2_PR:
  PAR:    0.00  Ratio:    6.00       (Area)
  CAR:    0.01  Ratio:    0.00       (C.Area)

[1]  L1M1_PR_MR:
  PAR:    0.01  Ratio:    3.00       (Area)
  CAR:    0.01  Ratio:    0.00       (C.Area)


Net - clkgen.delay_100ns_3._intsig_a_\[4\]
  clkgen.delay_100ns_3.genblk1\[4\].delay_unit  (sky130_mm_sc_hd_dlyPoly6ns)  in
[1]  met2:
  PAR:    0.15  Ratio:    0.00       (Area)
  PAR:    0.78  Ratio: 2744.72       (S.Area)
  CAR:    0.16  Ratio:    0.00       (C.Area)
  CAR:    0.80  Ratio:    0.00       (C.S.Area)

[1]  met1:
  PAR:    0.00  Ratio:    0.00       (Area)
  PAR:    0.02  Ratio:  400.00       (S.Area)
  CAR:    0.01  Ratio:    0.00       (C.Area)
  CAR:    0.02  Ratio:    0.00       (C.S.Area)

[1]  li1:
  PAR:    0.00  Ratio:    0.00       (Area)
  PAR:    0.00  Ratio:   75.00       (S.Area)
  CAR:    0.00  Ratio:    0.00       (C.Area)
  CAR:    0.00  Ratio:    0.00       (C.S.Area)

[1]  M1M2_PR:
  PAR:    0.00  Ratio:    6.00       (Area)
  CAR:    0.01  Ratio:    0.00       (C.Area)

[1]  L1M1_PR_MR:
  PAR:    0.01  Ratio:    3.00       (Area)
  CAR:    0.01  Ratio:    0.00       (C.Area)


Net - clkgen.delay_100ns_3._intsig_a_\[5\]
  clkgen.delay_100ns_3.genblk1\[5\].delay_unit  (sky130_mm_sc_hd_dlyPoly6ns)  in
[1]  met2:
  PAR:    0.09  Ratio:    0.00       (Area)
  PAR:    0.46  Ratio: 2744.72       (S.Area)
  CAR:    0.09  Ratio:    0.00       (C.Area)
  CAR:    0.49  Ratio:    0.00       (C.S.Area)

[1]  met1:
  PAR:    0.00  Ratio:    0.00       (Area)
  PAR:    0.02  Ratio:  400.00       (S.Area)
  CAR:    0.01  Ratio:    0.00       (C.Area)
  CAR:    0.02  Ratio:    0.00       (C.S.Area)

[1]  li1:
  PAR:    0.00  Ratio:    0.00       (Area)
  PAR:    0.00  Ratio:   75.00       (S.Area)
  CAR:    0.00  Ratio:    0.00       (C.Area)
  CAR:    0.00  Ratio:    0.00       (C.S.Area)

[1]  M1M2_PR:
  PAR:    0.00  Ratio:    6.00       (Area)
  CAR:    0.01  Ratio:    0.00       (C.Area)

[1]  L1M1_PR_MR:
  PAR:    0.01  Ratio:    3.00       (Area)
  CAR:    0.01  Ratio:    0.00       (C.Area)


Net - clkgen.delay_100ns_3._intsig_a_\[6\]
  clkgen.delay_100ns_3.genblk1\[6\].delay_unit  (sky130_mm_sc_hd_dlyPoly6ns)  in
[1]  met2:
  PAR:    0.32  Ratio:    0.00       (Area)
  PAR:    1.61  Ratio: 2744.72       (S.Area)
  CAR:    0.33  Ratio:    0.00       (C.Area)
  CAR:    1.63  Ratio:    0.00       (C.S.Area)

[1]  met1:
  PAR:    0.00  Ratio:    0.00       (Area)
  PAR:    0.02  Ratio:  400.00       (S.Area)
  CAR:    0.01  Ratio:    0.00       (C.Area)
  CAR:    0.02  Ratio:    0.00       (C.S.Area)

[1]  li1:
  PAR:    0.00  Ratio:    0.00       (Area)
  PAR:    0.00  Ratio:   75.00       (S.Area)
  CAR:    0.00  Ratio:    0.00       (C.Area)
  CAR:    0.00  Ratio:    0.00       (C.S.Area)

[1]  M1M2_PR:
  PAR:    0.00  Ratio:    6.00       (Area)
  CAR:    0.01  Ratio:    0.00       (C.Area)

[1]  L1M1_PR_MR:
  PAR:    0.01  Ratio:    3.00       (Area)
  CAR:    0.01  Ratio:    0.00       (C.Area)


Net - clkgen.delay_100ns_3._intsig_a_\[7\]
  clkgen.delay_100ns_3.genblk1\[7\].delay_unit  (sky130_mm_sc_hd_dlyPoly6ns)  in
[1]  met2:
  PAR:    0.16  Ratio:    0.00       (Area)
  PAR:    0.80  Ratio: 2744.72       (S.Area)
  CAR:    0.17  Ratio:    0.00       (C.Area)
  CAR:    0.83  Ratio:    0.00       (C.S.Area)

[1]  met1:
  PAR:    0.00  Ratio:    0.00       (Area)
  PAR:    0.02  Ratio:  400.00       (S.Area)
  CAR:    0.01  Ratio:    0.00       (C.Area)
  CAR:    0.02  Ratio:    0.00       (C.S.Area)

[1]  li1:
  PAR:    0.00  Ratio:    0.00       (Area)
  PAR:    0.00  Ratio:   75.00       (S.Area)
  CAR:    0.00  Ratio:    0.00       (C.Area)
  CAR:    0.00  Ratio:    0.00       (C.S.Area)

[1]  M1M2_PR:
  PAR:    0.00  Ratio:    6.00       (Area)
  CAR:    0.01  Ratio:    0.00       (C.Area)

[1]  L1M1_PR_MR:
  PAR:    0.01  Ratio:    3.00       (Area)
  CAR:    0.01  Ratio:    0.00       (C.Area)


Net - clkgen.delay_100ns_3._intsig_a_\[8\]
  clkgen.delay_100ns_3.genblk1\[8\].delay_unit  (sky130_mm_sc_hd_dlyPoly6ns)  in
[1]  met2:
  PAR:    0.10  Ratio:    0.00       (Area)
  PAR:    0.52  Ratio: 2744.72       (S.Area)
  CAR:    0.11  Ratio:    0.00       (C.Area)
  CAR:    0.54  Ratio:    0.00       (C.S.Area)

[1]  met1:
  PAR:    0.00  Ratio:    0.00       (Area)
  PAR:    0.02  Ratio:  400.00       (S.Area)
  CAR:    0.01  Ratio:    0.00       (C.Area)
  CAR:    0.02  Ratio:    0.00       (C.S.Area)

[1]  li1:
  PAR:    0.00  Ratio:    0.00       (Area)
  PAR:    0.00  Ratio:   75.00       (S.Area)
  CAR:    0.00  Ratio:    0.00       (C.Area)
  CAR:    0.00  Ratio:    0.00       (C.S.Area)

[1]  M1M2_PR:
  PAR:    0.00  Ratio:    6.00       (Area)
  CAR:    0.01  Ratio:    0.00       (C.Area)

[1]  L1M1_PR_MR:
  PAR:    0.01  Ratio:    3.00       (Area)
  CAR:    0.01  Ratio:    0.00       (C.Area)


Net - clkgen.delay_100ns_3._intsig_a_\[9\]
  clkgen.delay_100ns_3.genblk1\[9\].delay_unit  (sky130_mm_sc_hd_dlyPoly6ns)  in
[1]  met2:
  PAR:    0.17  Ratio:    0.00       (Area)
  PAR:    0.85  Ratio: 2744.72       (S.Area)
  CAR:    0.18  Ratio:    0.00       (C.Area)
  CAR:    0.88  Ratio:    0.00       (C.S.Area)

[1]  met1:
  PAR:    0.00  Ratio:    0.00       (Area)
  PAR:    0.02  Ratio:  400.00       (S.Area)
  CAR:    0.01  Ratio:    0.00       (C.Area)
  CAR:    0.02  Ratio:    0.00       (C.S.Area)

[1]  li1:
  PAR:    0.00  Ratio:    0.00       (Area)
  PAR:    0.00  Ratio:   75.00       (S.Area)
  CAR:    0.00  Ratio:    0.00       (C.Area)
  CAR:    0.00  Ratio:    0.00       (C.S.Area)

[1]  M1M2_PR:
  PAR:    0.00  Ratio:    6.00       (Area)
  CAR:    0.01  Ratio:    0.00       (C.Area)

[1]  L1M1_PR_MR:
  PAR:    0.01  Ratio:    3.00       (Area)
  CAR:    0.01  Ratio:    0.00       (C.Area)


Net - edgedetect.delay_200ns._intsig_a_\[10\]
  edgedetect.delay_200ns.genblk1\[10\].delay_unit  (sky130_mm_sc_hd_dlyPoly6ns)  in
[1]  met3:
  PAR:    0.36  Ratio:    0.00       (Area)
  PAR:    2.02  Ratio: 2744.72       (S.Area)
  CAR:    1.62  Ratio:    0.00       (C.Area)
  CAR:    8.33  Ratio:    0.00       (C.S.Area)

[1]  met2:
  PAR:    1.25  Ratio:    0.00       (Area)
  PAR:    6.28  Ratio:  400.00       (S.Area)
  CAR:    1.26  Ratio:    0.00       (C.Area)
  CAR:    6.31  Ratio:    0.00       (C.S.Area)

[1]  met1:
  PAR:    0.00  Ratio:    0.00       (Area)
  PAR:    0.02  Ratio:  400.00       (S.Area)
  CAR:    0.01  Ratio:    0.00       (C.Area)
  CAR:    0.02  Ratio:    0.00       (C.S.Area)

[1]  li1:
  PAR:    0.00  Ratio:    0.00       (Area)
  PAR:    0.00  Ratio:   75.00       (S.Area)
  CAR:    0.00  Ratio:    0.00       (C.Area)
  CAR:    0.00  Ratio:    0.00       (C.S.Area)

[1]  M2M3_PR:
  PAR:    0.01  Ratio:    6.00       (Area)
  CAR:    0.02  Ratio:    0.00       (C.Area)

[1]  M1M2_PR:
  PAR:    0.00  Ratio:    6.00       (Area)
  CAR:    0.01  Ratio:    0.00       (C.Area)

[1]  L1M1_PR_MR:
  PAR:    0.01  Ratio:    3.00       (Area)
  CAR:    0.01  Ratio:    0.00       (C.Area)


Net - edgedetect.delay_200ns._intsig_a_\[11\]
  edgedetect.delay_200ns.genblk1\[11\].delay_unit  (sky130_mm_sc_hd_dlyPoly6ns)  in
[1]  met2:
  PAR:    0.91  Ratio:    0.00       (Area)
  PAR:    4.58  Ratio: 2744.72       (S.Area)
  CAR:    0.92  Ratio:    0.00       (C.Area)
  CAR:    4.61  Ratio:    0.00       (C.S.Area)

[1]  met1:
  PAR:    0.00  Ratio:    0.00       (Area)
  PAR:    0.02  Ratio:  400.00       (S.Area)
  CAR:    0.01  Ratio:    0.00       (C.Area)
  CAR:    0.02  Ratio:    0.00       (C.S.Area)

[1]  li1:
  PAR:    0.00  Ratio:    0.00       (Area)
  PAR:    0.00  Ratio:   75.00       (S.Area)
  CAR:    0.00  Ratio:    0.00       (C.Area)
  CAR:    0.00  Ratio:    0.00       (C.S.Area)

[1]  M1M2_PR:
  PAR:    0.00  Ratio:    6.00       (Area)
  CAR:    0.01  Ratio:    0.00       (C.Area)

[1]  L1M1_PR_MR:
  PAR:    0.01  Ratio:    3.00       (Area)
  CAR:    0.01  Ratio:    0.00       (C.Area)


Net - edgedetect.delay_200ns._intsig_a_\[12\]
  edgedetect.delay_200ns.genblk1\[12\].delay_unit  (sky130_mm_sc_hd_dlyPoly6ns)  in
[1]  met2:
  PAR:    0.07  Ratio:    0.00       (Area)
  PAR:    0.38  Ratio: 2744.72       (S.Area)
  CAR:    0.08  Ratio:    0.00       (C.Area)
  CAR:    0.40  Ratio:    0.00       (C.S.Area)

[1]  met1:
  PAR:    0.00  Ratio:    0.00       (Area)
  PAR:    0.02  Ratio:  400.00       (S.Area)
  CAR:    0.01  Ratio:    0.00       (C.Area)
  CAR:    0.02  Ratio:    0.00       (C.S.Area)

[1]  li1:
  PAR:    0.00  Ratio:    0.00       (Area)
  PAR:    0.00  Ratio:   75.00       (S.Area)
  CAR:    0.00  Ratio:    0.00       (C.Area)
  CAR:    0.00  Ratio:    0.00       (C.S.Area)

[1]  M1M2_PR:
  PAR:    0.00  Ratio:    6.00       (Area)
  CAR:    0.01  Ratio:    0.00       (C.Area)

[1]  L1M1_PR_MR:
  PAR:    0.01  Ratio:    3.00       (Area)
  CAR:    0.01  Ratio:    0.00       (C.Area)


Net - edgedetect.delay_200ns._intsig_a_\[13\]
  edgedetect.delay_200ns.genblk1\[13\].delay_unit  (sky130_mm_sc_hd_dlyPoly6ns)  in
[1]  met2:
  PAR:    0.83  Ratio:    0.00       (Area)
  PAR:    4.13  Ratio: 2744.72       (S.Area)
  CAR:    0.83  Ratio:    0.00       (C.Area)
  CAR:    4.16  Ratio:    0.00       (C.S.Area)

[1]  met1:
  PAR:    0.00  Ratio:    0.00       (Area)
  PAR:    0.02  Ratio:  400.00       (S.Area)
  CAR:    0.01  Ratio:    0.00       (C.Area)
  CAR:    0.02  Ratio:    0.00       (C.S.Area)

[1]  li1:
  PAR:    0.00  Ratio:    0.00       (Area)
  PAR:    0.00  Ratio:   75.00       (S.Area)
  CAR:    0.00  Ratio:    0.00       (C.Area)
  CAR:    0.00  Ratio:    0.00       (C.S.Area)

[1]  M1M2_PR:
  PAR:    0.00  Ratio:    6.00       (Area)
  CAR:    0.01  Ratio:    0.00       (C.Area)

[1]  L1M1_PR_MR:
  PAR:    0.01  Ratio:    3.00       (Area)
  CAR:    0.01  Ratio:    0.00       (C.Area)


Net - edgedetect.delay_200ns._intsig_a_\[14\]
  edgedetect.delay_200ns.genblk1\[14\].delay_unit  (sky130_mm_sc_hd_dlyPoly6ns)  in
[1]  met3:
  PAR:    0.34  Ratio:    0.00       (Area)
  PAR:    1.88  Ratio: 2744.72       (S.Area)
  CAR:    0.80  Ratio:    0.00       (C.Area)
  CAR:    4.31  Ratio:    0.00       (C.S.Area)

[1]  met2:
  PAR:    0.38  Ratio:    0.00       (Area)
  PAR:    2.04  Ratio:  400.00       (S.Area)
  CAR:    0.46  Ratio:    0.00       (C.Area)
  CAR:    2.43  Ratio:    0.00       (C.S.Area)

[1]  met1:
  PAR:    0.07  Ratio:    0.00       (Area)
  PAR:    0.39  Ratio:  400.00       (S.Area)
  CAR:    0.08  Ratio:    0.00       (C.Area)
  CAR:    0.39  Ratio:    0.00       (C.S.Area)

[1]  li1:
  PAR:    0.00  Ratio:    0.00       (Area)
  PAR:    0.00  Ratio:   75.00       (S.Area)
  CAR:    0.00  Ratio:    0.00       (C.Area)
  CAR:    0.00  Ratio:    0.00       (C.S.Area)

[1]  M2M3_PR:
  PAR:    0.01  Ratio:    6.00       (Area)
  CAR:    0.02  Ratio:    0.00       (C.Area)

[1]  M1M2_PR:
  PAR:    0.00  Ratio:    6.00       (Area)
  CAR:    0.01  Ratio:    0.00       (C.Area)

[1]  L1M1_PR_MR:
  PAR:    0.01  Ratio:    3.00       (Area)
  CAR:    0.01  Ratio:    0.00       (C.Area)


Net - edgedetect.delay_200ns._intsig_a_\[15\]
  edgedetect.delay_200ns.genblk1\[15\].delay_unit  (sky130_mm_sc_hd_dlyPoly6ns)  in
[1]  met2:
  PAR:    1.37  Ratio:    0.00       (Area)
  PAR:    6.94  Ratio: 2744.72       (S.Area)
  CAR:    1.38  Ratio:    0.00       (C.Area)
  CAR:    6.96  Ratio:    0.00       (C.S.Area)

[1]  met1:
  PAR:    0.00  Ratio:    0.00       (Area)
  PAR:    0.02  Ratio:  400.00       (S.Area)
  CAR:    0.01  Ratio:    0.00       (C.Area)
  CAR:    0.02  Ratio:    0.00       (C.S.Area)

[1]  li1:
  PAR:    0.00  Ratio:    0.00       (Area)
  PAR:    0.00  Ratio:   75.00       (S.Area)
  CAR:    0.00  Ratio:    0.00       (C.Area)
  CAR:    0.00  Ratio:    0.00       (C.S.Area)

[1]  M1M2_PR:
  PAR:    0.00  Ratio:    6.00       (Area)
  CAR:    0.01  Ratio:    0.00       (C.Area)

[1]  L1M1_PR_MR:
  PAR:    0.01  Ratio:    3.00       (Area)
  CAR:    0.01  Ratio:    0.00       (C.Area)


Net - edgedetect.delay_200ns._intsig_a_\[16\]
  edgedetect.delay_200ns.genblk1\[16\].delay_unit  (sky130_mm_sc_hd_dlyPoly6ns)  in
[1]  met3:
  PAR:    0.74  Ratio:    0.00       (Area)
  PAR:    4.05  Ratio: 2744.72       (S.Area)
  CAR:    1.87  Ratio:    0.00       (C.Area)
  CAR:    9.79  Ratio:    0.00       (C.S.Area)

[1]  met2:
  PAR:    1.05  Ratio:    0.00       (Area)
  PAR:    5.27  Ratio:  400.00       (S.Area)
  CAR:    1.13  Ratio:    0.00       (C.Area)
  CAR:    5.74  Ratio:    0.00       (C.S.Area)

[1]  met1:
  PAR:    0.08  Ratio:    0.00       (Area)
  PAR:    0.46  Ratio:  400.00       (S.Area)
  CAR:    0.08  Ratio:    0.00       (C.Area)
  CAR:    0.47  Ratio:    0.00       (C.S.Area)

[1]  li1:
  PAR:    0.00  Ratio:    0.00       (Area)
  PAR:    0.00  Ratio:   75.00       (S.Area)
  CAR:    0.00  Ratio:    0.00       (C.Area)
  CAR:    0.00  Ratio:    0.00       (C.S.Area)

[1]  M2M3_PR:
  PAR:    0.01  Ratio:    6.00       (Area)
  CAR:    0.02  Ratio:    0.00       (C.Area)

[1]  M1M2_PR:
  PAR:    0.00  Ratio:    6.00       (Area)
  CAR:    0.01  Ratio:    0.00       (C.Area)

[1]  L1M1_PR_MR:
  PAR:    0.01  Ratio:    3.00       (Area)
  CAR:    0.01  Ratio:    0.00       (C.Area)


Net - edgedetect.delay_200ns._intsig_a_\[17\]
  edgedetect.delay_200ns.genblk1\[17\].delay_unit  (sky130_mm_sc_hd_dlyPoly6ns)  in
[1]  met2:
  PAR:    0.77  Ratio:    0.00       (Area)
  PAR:    3.87  Ratio: 2744.72       (S.Area)
  CAR:    0.78  Ratio:    0.00       (C.Area)
  CAR:    3.90  Ratio:    0.00       (C.S.Area)

[1]  met1:
  PAR:    0.00  Ratio:    0.00       (Area)
  PAR:    0.02  Ratio:  400.00       (S.Area)
  CAR:    0.01  Ratio:    0.00       (C.Area)
  CAR:    0.02  Ratio:    0.00       (C.S.Area)

[1]  li1:
  PAR:    0.00  Ratio:    0.00       (Area)
  PAR:    0.00  Ratio:   75.00       (S.Area)
  CAR:    0.00  Ratio:    0.00       (C.Area)
  CAR:    0.00  Ratio:    0.00       (C.S.Area)

[1]  M1M2_PR:
  PAR:    0.00  Ratio:    6.00       (Area)
  CAR:    0.01  Ratio:    0.00       (C.Area)

[1]  L1M1_PR_MR:
  PAR:    0.01  Ratio:    3.00       (Area)
  CAR:    0.01  Ratio:    0.00       (C.Area)


Net - edgedetect.delay_200ns._intsig_a_\[18\]
  edgedetect.delay_200ns.genblk1\[18\].delay_unit  (sky130_mm_sc_hd_dlyPoly6ns)  in
[1]  met2:
  PAR:    0.27  Ratio:    0.00       (Area)
  PAR:    1.40  Ratio: 2744.72       (S.Area)
  CAR:    0.41  Ratio:    0.00       (C.Area)
  CAR:    2.14  Ratio:    0.00       (C.S.Area)

[1]  met1:
  PAR:    0.14  Ratio:    0.00       (Area)
  PAR:    0.73  Ratio:  400.00       (S.Area)
  CAR:    0.15  Ratio:    0.00       (C.Area)
  CAR:    0.73  Ratio:    0.00       (C.S.Area)

[1]  li1:
  PAR:    0.00  Ratio:    0.00       (Area)
  PAR:    0.00  Ratio:   75.00       (S.Area)
  CAR:    0.00  Ratio:    0.00       (C.Area)
  CAR:    0.00  Ratio:    0.00       (C.S.Area)

[1]  M1M2_PR:
  PAR:    0.00  Ratio:    6.00       (Area)
  CAR:    0.01  Ratio:    0.00       (C.Area)

[1]  L1M1_PR_MR:
  PAR:    0.01  Ratio:    3.00       (Area)
  CAR:    0.01  Ratio:    0.00       (C.Area)


Net - edgedetect.delay_200ns._intsig_a_\[19\]
  edgedetect.delay_200ns.genblk1\[19\].delay_unit  (sky130_mm_sc_hd_dlyPoly6ns)  in
[1]  met2:
  PAR:    0.99  Ratio:    0.00       (Area)
  PAR:    5.00  Ratio: 2744.72       (S.Area)
  CAR:    1.00  Ratio:    0.00       (C.Area)
  CAR:    5.02  Ratio:    0.00       (C.S.Area)

[1]  met1:
  PAR:    0.00  Ratio:    0.00       (Area)
  PAR:    0.02  Ratio:  400.00       (S.Area)
  CAR:    0.01  Ratio:    0.00       (C.Area)
  CAR:    0.02  Ratio:    0.00       (C.S.Area)

[1]  li1:
  PAR:    0.00  Ratio:    0.00       (Area)
  PAR:    0.00  Ratio:   75.00       (S.Area)
  CAR:    0.00  Ratio:    0.00       (C.Area)
  CAR:    0.00  Ratio:    0.00       (C.S.Area)

[1]  M1M2_PR:
  PAR:    0.00  Ratio:    6.00       (Area)
  CAR:    0.01  Ratio:    0.00       (C.Area)

[1]  L1M1_PR_MR:
  PAR:    0.01  Ratio:    3.00       (Area)
  CAR:    0.01  Ratio:    0.00       (C.Area)


Net - edgedetect.delay_200ns._intsig_a_\[20\]
  edgedetect.delay_200ns.genblk1\[20\].delay_unit  (sky130_mm_sc_hd_dlyPoly6ns)  in
[1]  met2:
  PAR:    1.39  Ratio:    0.00       (Area)
  PAR:    7.00  Ratio: 2744.72       (S.Area)
  CAR:    1.40  Ratio:    0.00       (C.Area)
  CAR:    7.02  Ratio:    0.00       (C.S.Area)

[1]  met1:
  PAR:    0.00  Ratio:    0.00       (Area)
  PAR:    0.02  Ratio:  400.00       (S.Area)
  CAR:    0.01  Ratio:    0.00       (C.Area)
  CAR:    0.02  Ratio:    0.00       (C.S.Area)

[1]  li1:
  PAR:    0.00  Ratio:    0.00       (Area)
  PAR:    0.00  Ratio:   75.00       (S.Area)
  CAR:    0.00  Ratio:    0.00       (C.Area)
  CAR:    0.00  Ratio:    0.00       (C.S.Area)

[1]  M1M2_PR:
  PAR:    0.00  Ratio:    6.00       (Area)
  CAR:    0.01  Ratio:    0.00       (C.Area)

[1]  L1M1_PR_MR:
  PAR:    0.01  Ratio:    3.00       (Area)
  CAR:    0.01  Ratio:    0.00       (C.Area)


Net - edgedetect.delay_200ns._intsig_a_\[21\]
  edgedetect.delay_200ns.genblk1\[21\].delay_unit  (sky130_mm_sc_hd_dlyPoly6ns)  in
[1]  met2:
  PAR:    1.13  Ratio:    0.00       (Area)
  PAR:    5.65  Ratio: 2744.72       (S.Area)
  CAR:    1.20  Ratio:    0.00       (C.Area)
  CAR:    6.04  Ratio:    0.00       (C.S.Area)

[1]  met1:
  PAR:    0.07  Ratio:    0.00       (Area)
  PAR:    0.39  Ratio:  400.00       (S.Area)
  CAR:    0.08  Ratio:    0.00       (C.Area)
  CAR:    0.39  Ratio:    0.00       (C.S.Area)

[1]  li1:
  PAR:    0.00  Ratio:    0.00       (Area)
  PAR:    0.00  Ratio:   75.00       (S.Area)
  CAR:    0.00  Ratio:    0.00       (C.Area)
  CAR:    0.00  Ratio:    0.00       (C.S.Area)

[1]  M1M2_PR:
  PAR:    0.00  Ratio:    6.00       (Area)
  CAR:    0.01  Ratio:    0.00       (C.Area)

[1]  L1M1_PR_MR:
  PAR:    0.01  Ratio:    3.00       (Area)
  CAR:    0.01  Ratio:    0.00       (C.Area)


Net - edgedetect.delay_200ns._intsig_a_\[22\]
  edgedetect.delay_200ns.genblk1\[22\].delay_unit  (sky130_mm_sc_hd_dlyPoly6ns)  in
[1]  met2:
  PAR:    0.91  Ratio:    0.00       (Area)
  PAR:    4.58  Ratio: 2744.72       (S.Area)
  CAR:    0.92  Ratio:    0.00       (C.Area)
  CAR:    4.61  Ratio:    0.00       (C.S.Area)

[1]  met1:
  PAR:    0.00  Ratio:    0.00       (Area)
  PAR:    0.02  Ratio:  400.00       (S.Area)
  CAR:    0.01  Ratio:    0.00       (C.Area)
  CAR:    0.02  Ratio:    0.00       (C.S.Area)

[1]  li1:
  PAR:    0.00  Ratio:    0.00       (Area)
  PAR:    0.00  Ratio:   75.00       (S.Area)
  CAR:    0.00  Ratio:    0.00       (C.Area)
  CAR:    0.00  Ratio:    0.00       (C.S.Area)

[1]  M1M2_PR:
  PAR:    0.00  Ratio:    6.00       (Area)
  CAR:    0.01  Ratio:    0.00       (C.Area)

[1]  L1M1_PR_MR:
  PAR:    0.01  Ratio:    3.00       (Area)
  CAR:    0.01  Ratio:    0.00       (C.Area)


Net - edgedetect.delay_200ns._intsig_a_\[23\]
  edgedetect.delay_200ns.genblk1\[23\].delay_unit  (sky130_mm_sc_hd_dlyPoly6ns)  in
[1]  met2:
  PAR:    1.01  Ratio:    0.00       (Area)
  PAR:    5.05  Ratio: 2744.72       (S.Area)
  CAR:    1.02  Ratio:    0.00       (C.Area)
  CAR:    5.08  Ratio:    0.00       (C.S.Area)

[1]  met1:
  PAR:    0.00  Ratio:    0.00       (Area)
  PAR:    0.02  Ratio:  400.00       (S.Area)
  CAR:    0.01  Ratio:    0.00       (C.Area)
  CAR:    0.02  Ratio:    0.00       (C.S.Area)

[1]  li1:
  PAR:    0.00  Ratio:    0.00       (Area)
  PAR:    0.00  Ratio:   75.00       (S.Area)
  CAR:    0.00  Ratio:    0.00       (C.Area)
  CAR:    0.00  Ratio:    0.00       (C.S.Area)

[1]  M1M2_PR:
  PAR:    0.00  Ratio:    6.00       (Area)
  CAR:    0.01  Ratio:    0.00       (C.Area)

[1]  L1M1_PR_MR:
  PAR:    0.01  Ratio:    3.00       (Area)
  CAR:    0.01  Ratio:    0.00       (C.Area)


Net - edgedetect.delay_200ns._intsig_a_\[24\]
  edgedetect.delay_200ns.genblk1\[24\].delay_unit  (sky130_mm_sc_hd_dlyPoly6ns)  in
[1]  met2:
  PAR:    1.09  Ratio:    0.00       (Area)
  PAR:    5.49  Ratio: 2744.72       (S.Area)
  CAR:    1.10  Ratio:    0.00       (C.Area)
  CAR:    5.51  Ratio:    0.00       (C.S.Area)

[1]  met1:
  PAR:    0.00  Ratio:    0.00       (Area)
  PAR:    0.02  Ratio:  400.00       (S.Area)
  CAR:    0.01  Ratio:    0.00       (C.Area)
  CAR:    0.02  Ratio:    0.00       (C.S.Area)

[1]  li1:
  PAR:    0.00  Ratio:    0.00       (Area)
  PAR:    0.00  Ratio:   75.00       (S.Area)
  CAR:    0.00  Ratio:    0.00       (C.Area)
  CAR:    0.00  Ratio:    0.00       (C.S.Area)

[1]  M1M2_PR:
  PAR:    0.00  Ratio:    6.00       (Area)
  CAR:    0.01  Ratio:    0.00       (C.Area)

[1]  L1M1_PR_MR:
  PAR:    0.01  Ratio:    3.00       (Area)
  CAR:    0.01  Ratio:    0.00       (C.Area)


Net - edgedetect.delay_200ns._intsig_a_\[25\]
  edgedetect.delay_200ns.genblk1\[25\].delay_unit  (sky130_mm_sc_hd_dlyPoly6ns)  in
[1]  met2:
  PAR:    1.27  Ratio:    0.00       (Area)
  PAR:    6.49  Ratio: 2744.72       (S.Area)
  CAR:    1.28  Ratio:    0.00       (C.Area)
  CAR:    6.51  Ratio:    0.00       (C.S.Area)

[1]  met1:
  PAR:    0.00  Ratio:    0.00       (Area)
  PAR:    0.02  Ratio:  400.00       (S.Area)
  CAR:    0.01  Ratio:    0.00       (C.Area)
  CAR:    0.02  Ratio:    0.00       (C.S.Area)

[1]  li1:
  PAR:    0.00  Ratio:    0.00       (Area)
  PAR:    0.00  Ratio:   75.00       (S.Area)
  CAR:    0.00  Ratio:    0.00       (C.Area)
  CAR:    0.00  Ratio:    0.00       (C.S.Area)

[1]  M1M2_PR:
  PAR:    0.00  Ratio:    6.00       (Area)
  CAR:    0.01  Ratio:    0.00       (C.Area)

[1]  L1M1_PR_MR:
  PAR:    0.01  Ratio:    3.00       (Area)
  CAR:    0.01  Ratio:    0.00       (C.Area)


Net - edgedetect.delay_200ns._intsig_a_\[26\]
  edgedetect.delay_200ns.genblk1\[26\].delay_unit  (sky130_mm_sc_hd_dlyPoly6ns)  in
[1]  met2:
  PAR:    1.23  Ratio:    0.00       (Area)
  PAR:    6.24  Ratio: 2744.72       (S.Area)
  CAR:    1.24  Ratio:    0.00       (C.Area)
  CAR:    6.26  Ratio:    0.00       (C.S.Area)

[1]  met1:
  PAR:    0.00  Ratio:    0.00       (Area)
  PAR:    0.02  Ratio:  400.00       (S.Area)
  CAR:    0.01  Ratio:    0.00       (C.Area)
  CAR:    0.02  Ratio:    0.00       (C.S.Area)

[1]  li1:
  PAR:    0.00  Ratio:    0.00       (Area)
  PAR:    0.00  Ratio:   75.00       (S.Area)
  CAR:    0.00  Ratio:    0.00       (C.Area)
  CAR:    0.00  Ratio:    0.00       (C.S.Area)

[1]  M1M2_PR:
  PAR:    0.00  Ratio:    6.00       (Area)
  CAR:    0.01  Ratio:    0.00       (C.Area)

[1]  L1M1_PR_MR:
  PAR:    0.01  Ratio:    3.00       (Area)
  CAR:    0.01  Ratio:    0.00       (C.Area)


Net - edgedetect.delay_200ns._intsig_a_\[27\]
  edgedetect.delay_200ns.genblk1\[27\].delay_unit  (sky130_mm_sc_hd_dlyPoly6ns)  in
[1]  met2:
  PAR:    0.52  Ratio:    0.00       (Area)
  PAR:    2.69  Ratio: 2744.72       (S.Area)
  CAR:    0.53  Ratio:    0.00       (C.Area)
  CAR:    2.71  Ratio:    0.00       (C.S.Area)

[1]  met1:
  PAR:    0.00  Ratio:    0.00       (Area)
  PAR:    0.02  Ratio:  400.00       (S.Area)
  CAR:    0.01  Ratio:    0.00       (C.Area)
  CAR:    0.02  Ratio:    0.00       (C.S.Area)

[1]  li1:
  PAR:    0.00  Ratio:    0.00       (Area)
  PAR:    0.00  Ratio:   75.00       (S.Area)
  CAR:    0.00  Ratio:    0.00       (C.Area)
  CAR:    0.00  Ratio:    0.00       (C.S.Area)

[1]  M1M2_PR:
  PAR:    0.00  Ratio:    6.00       (Area)
  CAR:    0.01  Ratio:    0.00       (C.Area)

[1]  L1M1_PR_MR:
  PAR:    0.01  Ratio:    3.00       (Area)
  CAR:    0.01  Ratio:    0.00       (C.Area)


Net - edgedetect.delay_200ns._intsig_a_\[28\]
  edgedetect.delay_200ns.genblk1\[28\].delay_unit  (sky130_mm_sc_hd_dlyPoly6ns)  in
[1]  met2:
  PAR:    0.97  Ratio:    0.00       (Area)
  PAR:    4.89  Ratio: 2744.72       (S.Area)
  CAR:    1.06  Ratio:    0.00       (C.Area)
  CAR:    5.35  Ratio:    0.00       (C.S.Area)

[1]  met1:
  PAR:    0.09  Ratio:    0.00       (Area)
  PAR:    0.46  Ratio:  400.00       (S.Area)
  CAR:    0.09  Ratio:    0.00       (C.Area)
  CAR:    0.46  Ratio:    0.00       (C.S.Area)

[1]  li1:
  PAR:    0.00  Ratio:    0.00       (Area)
  PAR:    0.00  Ratio:   75.00       (S.Area)
  CAR:    0.00  Ratio:    0.00       (C.Area)
  CAR:    0.00  Ratio:    0.00       (C.S.Area)

[1]  M1M2_PR:
  PAR:    0.00  Ratio:    6.00       (Area)
  CAR:    0.01  Ratio:    0.00       (C.Area)

[1]  L1M1_PR_MR:
  PAR:    0.01  Ratio:    3.00       (Area)
  CAR:    0.01  Ratio:    0.00       (C.Area)


Net - edgedetect.delay_200ns._intsig_a_\[29\]
  edgedetect.delay_200ns.genblk1\[29\].delay_unit  (sky130_mm_sc_hd_dlyPoly6ns)  in
[1]  met2:
  PAR:    1.43  Ratio:    0.00       (Area)
  PAR:    7.19  Ratio: 2744.72       (S.Area)
  CAR:    1.44  Ratio:    0.00       (C.Area)
  CAR:    7.22  Ratio:    0.00       (C.S.Area)

[1]  met1:
  PAR:    0.00  Ratio:    0.00       (Area)
  PAR:    0.02  Ratio:  400.00       (S.Area)
  CAR:    0.01  Ratio:    0.00       (C.Area)
  CAR:    0.02  Ratio:    0.00       (C.S.Area)

[1]  li1:
  PAR:    0.00  Ratio:    0.00       (Area)
  PAR:    0.00  Ratio:   75.00       (S.Area)
  CAR:    0.00  Ratio:    0.00       (C.Area)
  CAR:    0.00  Ratio:    0.00       (C.S.Area)

[1]  M1M2_PR:
  PAR:    0.00  Ratio:    6.00       (Area)
  CAR:    0.01  Ratio:    0.00       (C.Area)

[1]  L1M1_PR_MR:
  PAR:    0.01  Ratio:    3.00       (Area)
  CAR:    0.01  Ratio:    0.00       (C.Area)


Net - edgedetect.delay_200ns._intsig_a_\[2\]
  edgedetect.delay_200ns.genblk1\[2\].delay_unit  (sky130_mm_sc_hd_dlyPoly6ns)  in
[1]  met2:
  PAR:    0.15  Ratio:    0.00       (Area)
  PAR:    0.78  Ratio: 2744.72       (S.Area)
  CAR:    0.22  Ratio:    0.00       (C.Area)
  CAR:    1.10  Ratio:    0.00       (C.S.Area)

[1]  met1:
  PAR:    0.06  Ratio:    0.00       (Area)
  PAR:    0.32  Ratio:  400.00       (S.Area)
  CAR:    0.06  Ratio:    0.00       (C.Area)
  CAR:    0.32  Ratio:    0.00       (C.S.Area)

[1]  li1:
  PAR:    0.00  Ratio:    0.00       (Area)
  PAR:    0.00  Ratio:   75.00       (S.Area)
  CAR:    0.00  Ratio:    0.00       (C.Area)
  CAR:    0.00  Ratio:    0.00       (C.S.Area)

[1]  M1M2_PR:
  PAR:    0.00  Ratio:    6.00       (Area)
  CAR:    0.01  Ratio:    0.00       (C.Area)

[1]  L1M1_PR_MR:
  PAR:    0.01  Ratio:    3.00       (Area)
  CAR:    0.01  Ratio:    0.00       (C.Area)


Net - edgedetect.delay_200ns._intsig_a_\[30\]
  edgedetect.delay_200ns.genblk1\[30\].delay_unit  (sky130_mm_sc_hd_dlyPoly6ns)  in
[1]  met2:
  PAR:    1.13  Ratio:    0.00       (Area)
  PAR:    5.67  Ratio: 2744.72       (S.Area)
  CAR:    1.26  Ratio:    0.00       (C.Area)
  CAR:    6.33  Ratio:    0.00       (C.S.Area)

[1]  met1:
  PAR:    0.13  Ratio:    0.00       (Area)
  PAR:    0.66  Ratio:  400.00       (S.Area)
  CAR:    0.13  Ratio:    0.00       (C.Area)
  CAR:    0.67  Ratio:    0.00       (C.S.Area)

[1]  li1:
  PAR:    0.00  Ratio:    0.00       (Area)
  PAR:    0.00  Ratio:   75.00       (S.Area)
  CAR:    0.00  Ratio:    0.00       (C.Area)
  CAR:    0.00  Ratio:    0.00       (C.S.Area)

[1]  M1M2_PR:
  PAR:    0.00  Ratio:    6.00       (Area)
  CAR:    0.01  Ratio:    0.00       (C.Area)

[1]  L1M1_PR_MR:
  PAR:    0.01  Ratio:    3.00       (Area)
  CAR:    0.01  Ratio:    0.00       (C.Area)


Net - edgedetect.delay_200ns._intsig_a_\[31\]
  edgedetect.delay_200ns.genblk1\[31\].delay_unit  (sky130_mm_sc_hd_dlyPoly6ns)  in
[1]  met2:
  PAR:    0.67  Ratio:    0.00       (Area)
  PAR:    3.38  Ratio: 2744.72       (S.Area)
  CAR:    0.78  Ratio:    0.00       (C.Area)
  CAR:    3.91  Ratio:    0.00       (C.S.Area)

[1]  met1:
  PAR:    0.10  Ratio:    0.00       (Area)
  PAR:    0.52  Ratio:  400.00       (S.Area)
  CAR:    0.10  Ratio:    0.00       (C.Area)
  CAR:    0.53  Ratio:    0.00       (C.S.Area)

[1]  li1:
  PAR:    0.00  Ratio:    0.00       (Area)
  PAR:    0.00  Ratio:   75.00       (S.Area)
  CAR:    0.00  Ratio:    0.00       (C.Area)
  CAR:    0.00  Ratio:    0.00       (C.S.Area)

[1]  M1M2_PR:
  PAR:    0.00  Ratio:    6.00       (Area)
  CAR:    0.01  Ratio:    0.00       (C.Area)

[1]  L1M1_PR_MR:
  PAR:    0.01  Ratio:    3.00       (Area)
  CAR:    0.01  Ratio:    0.00       (C.Area)


Net - edgedetect.delay_200ns._intsig_a_\[32\]
  edgedetect.delay_200ns.genblk1\[32\].delay_unit  (sky130_mm_sc_hd_dlyPoly6ns)  in
[1]  met2:
  PAR:    0.79  Ratio:    0.00       (Area)
  PAR:    3.99  Ratio: 2744.72       (S.Area)
  CAR:    1.17  Ratio:    0.00       (C.Area)
  CAR:    5.90  Ratio:    0.00       (C.S.Area)

[1]  met1:
  PAR:    0.38  Ratio:    0.00       (Area)
  PAR:    1.90  Ratio:  400.00       (S.Area)
  CAR:    0.38  Ratio:    0.00       (C.Area)
  CAR:    1.91  Ratio:    0.00       (C.S.Area)

[1]  li1:
  PAR:    0.00  Ratio:    0.00       (Area)
  PAR:    0.00  Ratio:   75.00       (S.Area)
  CAR:    0.00  Ratio:    0.00       (C.Area)
  CAR:    0.00  Ratio:    0.00       (C.S.Area)

[1]  M1M2_PR:
  PAR:    0.00  Ratio:    6.00       (Area)
  CAR:    0.01  Ratio:    0.00       (C.Area)

[1]  L1M1_PR_MR:
  PAR:    0.01  Ratio:    3.00       (Area)
  CAR:    0.01  Ratio:    0.00       (C.Area)


Net - edgedetect.delay_200ns._intsig_a_\[33\]
  edgedetect.delay_200ns.genblk1\[33\].delay_unit  (sky130_mm_sc_hd_dlyPoly6ns)  in
[1]  met2:
  PAR:    1.08  Ratio:    0.00       (Area)
  PAR:    5.39  Ratio: 2744.72       (S.Area)
  CAR:    1.08  Ratio:    0.00       (C.Area)
  CAR:    5.41  Ratio:    0.00       (C.S.Area)

[1]  met1:
  PAR:    0.00  Ratio:    0.00       (Area)
  PAR:    0.02  Ratio:  400.00       (S.Area)
  CAR:    0.01  Ratio:    0.00       (C.Area)
  CAR:    0.02  Ratio:    0.00       (C.S.Area)

[1]  li1:
  PAR:    0.00  Ratio:    0.00       (Area)
  PAR:    0.00  Ratio:   75.00       (S.Area)
  CAR:    0.00  Ratio:    0.00       (C.Area)
  CAR:    0.00  Ratio:    0.00       (C.S.Area)

[1]  M1M2_PR:
  PAR:    0.00  Ratio:    6.00       (Area)
  CAR:    0.01  Ratio:    0.00       (C.Area)

[1]  L1M1_PR_MR:
  PAR:    0.01  Ratio:    3.00       (Area)
  CAR:    0.01  Ratio:    0.00       (C.Area)


Net - edgedetect.delay_200ns._intsig_a_\[34\]
  edgedetect.delay_200ns.genblk1\[34\].delay_unit  (sky130_mm_sc_hd_dlyPoly6ns)  in
[1]  met2:
  PAR:    1.14  Ratio:    0.00       (Area)
  PAR:    5.69  Ratio: 2744.72       (S.Area)
  CAR:    1.14  Ratio:    0.00       (C.Area)
  CAR:    5.72  Ratio:    0.00       (C.S.Area)

[1]  met1:
  PAR:    0.00  Ratio:    0.00       (Area)
  PAR:    0.02  Ratio:  400.00       (S.Area)
  CAR:    0.01  Ratio:    0.00       (C.Area)
  CAR:    0.02  Ratio:    0.00       (C.S.Area)

[1]  li1:
  PAR:    0.00  Ratio:    0.00       (Area)
  PAR:    0.00  Ratio:   75.00       (S.Area)
  CAR:    0.00  Ratio:    0.00       (C.Area)
  CAR:    0.00  Ratio:    0.00       (C.S.Area)

[1]  M1M2_PR:
  PAR:    0.00  Ratio:    6.00       (Area)
  CAR:    0.01  Ratio:    0.00       (C.Area)

[1]  L1M1_PR_MR:
  PAR:    0.01  Ratio:    3.00       (Area)
  CAR:    0.01  Ratio:    0.00       (C.Area)


Net - edgedetect.delay_200ns._intsig_a_\[3\]
  edgedetect.delay_200ns.genblk1\[3\].delay_unit  (sky130_mm_sc_hd_dlyPoly6ns)  in
[1]  met2:
  PAR:    0.10  Ratio:    0.00       (Area)
  PAR:    0.52  Ratio: 2744.72       (S.Area)
  CAR:    0.11  Ratio:    0.00       (C.Area)
  CAR:    0.54  Ratio:    0.00       (C.S.Area)

[1]  met1:
  PAR:    0.00  Ratio:    0.00       (Area)
  PAR:    0.02  Ratio:  400.00       (S.Area)
  CAR:    0.01  Ratio:    0.00       (C.Area)
  CAR:    0.02  Ratio:    0.00       (C.S.Area)

[1]  li1:
  PAR:    0.00  Ratio:    0.00       (Area)
  PAR:    0.00  Ratio:   75.00       (S.Area)
  CAR:    0.00  Ratio:    0.00       (C.Area)
  CAR:    0.00  Ratio:    0.00       (C.S.Area)

[1]  M1M2_PR:
  PAR:    0.00  Ratio:    6.00       (Area)
  CAR:    0.01  Ratio:    0.00       (C.Area)

[1]  L1M1_PR_MR:
  PAR:    0.01  Ratio:    3.00       (Area)
  CAR:    0.01  Ratio:    0.00       (C.Area)


Net - edgedetect.delay_200ns._intsig_a_\[4\]
  edgedetect.delay_200ns.genblk1\[4\].delay_unit  (sky130_mm_sc_hd_dlyPoly6ns)  in
[1]  met3:
  PAR:    0.36  Ratio:    0.00       (Area)
  PAR:    2.01  Ratio: 2744.72       (S.Area)
  CAR:    0.82  Ratio:    0.00       (C.Area)
  CAR:    4.33  Ratio:    0.00       (C.S.Area)

[1]  met2:
  PAR:    0.25  Ratio:    0.00       (Area)
  PAR:    1.25  Ratio:  400.00       (S.Area)
  CAR:    0.46  Ratio:    0.00       (C.Area)
  CAR:    2.33  Ratio:    0.00       (C.S.Area)

[1]  met1:
  PAR:    0.21  Ratio:    0.00       (Area)
  PAR:    1.08  Ratio:  400.00       (S.Area)
  CAR:    0.21  Ratio:    0.00       (C.Area)
  CAR:    1.08  Ratio:    0.00       (C.S.Area)

[1]  li1:
  PAR:    0.00  Ratio:    0.00       (Area)
  PAR:    0.00  Ratio:   75.00       (S.Area)
  CAR:    0.00  Ratio:    0.00       (C.Area)
  CAR:    0.00  Ratio:    0.00       (C.S.Area)

[1]  M2M3_PR:
  PAR:    0.01  Ratio:    6.00       (Area)
  CAR:    0.02  Ratio:    0.00       (C.Area)

[1]  M1M2_PR:
  PAR:    0.00  Ratio:    6.00       (Area)
  CAR:    0.01  Ratio:    0.00       (C.Area)

[1]  L1M1_PR_MR:
  PAR:    0.01  Ratio:    3.00       (Area)
  CAR:    0.01  Ratio:    0.00       (C.Area)


Net - edgedetect.delay_200ns._intsig_a_\[5\]
  edgedetect.delay_200ns.genblk1\[5\].delay_unit  (sky130_mm_sc_hd_dlyPoly6ns)  in
[1]  met3:
  PAR:    0.61  Ratio:    0.00       (Area)
  PAR:    3.32  Ratio: 2744.72       (S.Area)
  CAR:    1.05  Ratio:    0.00       (C.Area)
  CAR:    5.56  Ratio:    0.00       (C.S.Area)

[1]  met2:
  PAR:    0.34  Ratio:    0.00       (Area)
  PAR:    1.71  Ratio:  400.00       (S.Area)
  CAR:    0.44  Ratio:    0.00       (C.Area)
  CAR:    2.24  Ratio:    0.00       (C.S.Area)

[1]  met1:
  PAR:    0.10  Ratio:    0.00       (Area)
  PAR:    0.52  Ratio:  400.00       (S.Area)
  CAR:    0.10  Ratio:    0.00       (C.Area)
  CAR:    0.53  Ratio:    0.00       (C.S.Area)

[1]  li1:
  PAR:    0.00  Ratio:    0.00       (Area)
  PAR:    0.00  Ratio:   75.00       (S.Area)
  CAR:    0.00  Ratio:    0.00       (C.Area)
  CAR:    0.00  Ratio:    0.00       (C.S.Area)

[1]  M2M3_PR:
  PAR:    0.01  Ratio:    6.00       (Area)
  CAR:    0.02  Ratio:    0.00       (C.Area)

[1]  M1M2_PR:
  PAR:    0.00  Ratio:    6.00       (Area)
  CAR:    0.01  Ratio:    0.00       (C.Area)

[1]  L1M1_PR_MR:
  PAR:    0.01  Ratio:    3.00       (Area)
  CAR:    0.01  Ratio:    0.00       (C.Area)


Net - edgedetect.delay_200ns._intsig_a_\[6\]
  edgedetect.delay_200ns.genblk1\[6\].delay_unit  (sky130_mm_sc_hd_dlyPoly6ns)  in
[1]  met2:
  PAR:    1.37  Ratio:    0.00       (Area)
  PAR:    6.94  Ratio: 2744.72       (S.Area)
  CAR:    1.38  Ratio:    0.00       (C.Area)
  CAR:    6.96  Ratio:    0.00       (C.S.Area)

[1]  met1:
  PAR:    0.00  Ratio:    0.00       (Area)
  PAR:    0.02  Ratio:  400.00       (S.Area)
  CAR:    0.01  Ratio:    0.00       (C.Area)
  CAR:    0.02  Ratio:    0.00       (C.S.Area)

[1]  li1:
  PAR:    0.00  Ratio:    0.00       (Area)
  PAR:    0.00  Ratio:   75.00       (S.Area)
  CAR:    0.00  Ratio:    0.00       (C.Area)
  CAR:    0.00  Ratio:    0.00       (C.S.Area)

[1]  M1M2_PR:
  PAR:    0.00  Ratio:    6.00       (Area)
  CAR:    0.01  Ratio:    0.00       (C.Area)

[1]  L1M1_PR_MR:
  PAR:    0.01  Ratio:    3.00       (Area)
  CAR:    0.01  Ratio:    0.00       (C.Area)


Net - edgedetect.delay_200ns._intsig_a_\[7\]
  edgedetect.delay_200ns.genblk1\[7\].delay_unit  (sky130_mm_sc_hd_dlyPoly6ns)  in
[1]  met2:
  PAR:    1.03  Ratio:    0.00       (Area)
  PAR:    5.20  Ratio: 2744.72       (S.Area)
  CAR:    1.03  Ratio:    0.00       (C.Area)
  CAR:    5.22  Ratio:    0.00       (C.S.Area)

[1]  met1:
  PAR:    0.00  Ratio:    0.00       (Area)
  PAR:    0.02  Ratio:  400.00       (S.Area)
  CAR:    0.01  Ratio:    0.00       (C.Area)
  CAR:    0.02  Ratio:    0.00       (C.S.Area)

[1]  li1:
  PAR:    0.00  Ratio:    0.00       (Area)
  PAR:    0.00  Ratio:   75.00       (S.Area)
  CAR:    0.00  Ratio:    0.00       (C.Area)
  CAR:    0.00  Ratio:    0.00       (C.S.Area)

[1]  M1M2_PR:
  PAR:    0.00  Ratio:    6.00       (Area)
  CAR:    0.01  Ratio:    0.00       (C.Area)

[1]  L1M1_PR_MR:
  PAR:    0.01  Ratio:    3.00       (Area)
  CAR:    0.01  Ratio:    0.00       (C.Area)


Net - edgedetect.delay_200ns._intsig_a_\[8\]
  edgedetect.delay_200ns.genblk1\[8\].delay_unit  (sky130_mm_sc_hd_dlyPoly6ns)  in
[1]  met2:
  PAR:    0.41  Ratio:    0.00       (Area)
  PAR:    2.07  Ratio: 2744.72       (S.Area)
  CAR:    0.42  Ratio:    0.00       (C.Area)
  CAR:    2.10  Ratio:    0.00       (C.S.Area)

[1]  met1:
  PAR:    0.00  Ratio:    0.00       (Area)
  PAR:    0.02  Ratio:  400.00       (S.Area)
  CAR:    0.01  Ratio:    0.00       (C.Area)
  CAR:    0.02  Ratio:    0.00       (C.S.Area)

[1]  li1:
  PAR:    0.00  Ratio:    0.00       (Area)
  PAR:    0.00  Ratio:   75.00       (S.Area)
  CAR:    0.00  Ratio:    0.00       (C.Area)
  CAR:    0.00  Ratio:    0.00       (C.S.Area)

[1]  M1M2_PR:
  PAR:    0.00  Ratio:    6.00       (Area)
  CAR:    0.01  Ratio:    0.00       (C.Area)

[1]  L1M1_PR_MR:
  PAR:    0.01  Ratio:    3.00       (Area)
  CAR:    0.01  Ratio:    0.00       (C.Area)


Net - edgedetect.delay_200ns._intsig_a_\[9\]
  edgedetect.delay_200ns.genblk1\[9\].delay_unit  (sky130_mm_sc_hd_dlyPoly6ns)  in
[1]  met2:
  PAR:    1.48  Ratio:    0.00       (Area)
  PAR:    7.46  Ratio: 2744.72       (S.Area)
  CAR:    1.49  Ratio:    0.00       (C.Area)
  CAR:    7.49  Ratio:    0.00       (C.S.Area)

[1]  met1:
  PAR:    0.00  Ratio:    0.00       (Area)
  PAR:    0.02  Ratio:  400.00       (S.Area)
  CAR:    0.01  Ratio:    0.00       (C.Area)
  CAR:    0.02  Ratio:    0.00       (C.S.Area)

[1]  li1:
  PAR:    0.00  Ratio:    0.00       (Area)
  PAR:    0.00  Ratio:   75.00       (S.Area)
  CAR:    0.00  Ratio:    0.00       (C.Area)
  CAR:    0.00  Ratio:    0.00       (C.S.Area)

[1]  M1M2_PR:
  PAR:    0.00  Ratio:    6.00       (Area)
  CAR:    0.01  Ratio:    0.00       (C.Area)

[1]  L1M1_PR_MR:
  PAR:    0.01  Ratio:    3.00       (Area)
  CAR:    0.01  Ratio:    0.00       (C.Area)


Net - edgedetect.delay_200ns.out
  _2_  (sky130_fd_sc_hd__and2b_2)  A_N
[1]  met3:
  PAR:   21.97  Ratio:    0.00       (Area)
  PAR:  117.97  Ratio: 2744.72       (S.Area)
  CAR:   43.97  Ratio:    0.00       (C.Area)
  CAR:  229.10  Ratio:    0.00       (C.S.Area)

[1]  met2:
  PAR:   21.73  Ratio:    0.00       (Area)
  PAR:  110.22  Ratio:  400.00       (S.Area)
  CAR:   22.00  Ratio:    0.00       (C.Area)
  CAR:  111.13  Ratio:    0.00       (C.S.Area)

[1]  met1:
  PAR:    0.16  Ratio:    0.00       (Area)
  PAR:    0.78  Ratio:  400.00       (S.Area)
  CAR:    0.27  Ratio:    0.00       (C.Area)
  CAR:    0.91  Ratio:    0.00       (C.S.Area)

[1]  li1:
  PAR:    0.11  Ratio:    0.00       (Area)
  PAR:    0.13  Ratio:   75.00       (S.Area)
  CAR:    0.11  Ratio:    0.00       (C.Area)
  CAR:    0.13  Ratio:    0.00       (C.S.Area)

[1]  M2M3_PR:
  PAR:    0.32  Ratio:    6.00       (Area)
  CAR:    0.73  Ratio:    0.00       (C.Area)

[1]  M1M2_PR:
  PAR:    0.18  Ratio:    6.00       (Area)
  CAR:    0.41  Ratio:    0.00       (C.Area)

[1]  L1M1_PR_MR:
  PAR:    0.23  Ratio:    3.00       (Area)
  CAR:    0.23  Ratio:    0.00       (C.Area)

Number of pins violated: 0
Number of nets violated: 0
Total number of unspecial nets: 91
