Warning - class CORE ANTENNACELL is not found. This message can be ignored if not in the antenna-avoid flow

Net - ena_in
  _2_  (sky130_fd_sc_hd__a21o_2)  B1
[1]  met3:
  PAR:   15.12  Ratio:    0.00       (Area)
  PAR:   82.51  Ratio:  400.00       (S.Area)
  CAR:   28.43  Ratio:    0.00       (C.Area)
  CAR:  149.66  Ratio:    0.00       (C.S.Area)

[1]  met2:
  PAR:   13.18  Ratio:    0.00       (Area)
  PAR:   66.69  Ratio:  400.00       (S.Area)
  CAR:   13.32  Ratio:    0.00       (C.Area)
  CAR:   67.16  Ratio:    0.00       (C.S.Area)

[1]  met1:
  PAR:    0.08  Ratio:    0.00       (Area)
  PAR:    0.40  Ratio:  400.00       (S.Area)
  CAR:    0.14  Ratio:    0.00       (C.Area)
  CAR:    0.46  Ratio:    0.00       (C.S.Area)

[1]  li1:
  PAR:    0.06  Ratio:    0.00       (Area)
  PAR:    0.07  Ratio:   75.00       (S.Area)
  CAR:    0.06  Ratio:    0.00       (C.Area)
  CAR:    0.07  Ratio:    0.00       (C.S.Area)

[1]  M2M3_PR:
  PAR:    0.16  Ratio:    6.00       (Area)
  CAR:    0.37  Ratio:    0.00       (C.Area)

[1]  M1M2_PR:
  PAR:    0.09  Ratio:    6.00       (Area)
  CAR:    0.21  Ratio:    0.00       (C.Area)

[1]  L1M1_PR_MR:
  PAR:    0.12  Ratio:    3.00       (Area)
  CAR:    0.12  Ratio:    0.00       (C.Area)

  No sinks on this net

Net - start_conv
  delay_400ns.genblk1\[1\].delay_unit  (sky130_mm_sc_hd_dly5ns)  in
[1]  met3:
  PAR:    0.39  Ratio:    0.00       (Area)
  PAR:    2.18  Ratio:  400.00       (S.Area)
  CAR:    2.05  Ratio:    0.00       (C.Area)
  CAR:   10.62  Ratio:    0.00       (C.S.Area)

[1]  met2:
  PAR:    1.53  Ratio:    0.00       (Area)
  PAR:    7.80  Ratio:  400.00       (S.Area)
  CAR:    1.66  Ratio:    0.00       (C.Area)
  CAR:    8.44  Ratio:    0.00       (C.S.Area)

[1]  met1:
  PAR:    0.12  Ratio:    0.00       (Area)
  PAR:    0.63  Ratio:  400.00       (S.Area)
  CAR:    0.13  Ratio:    0.00       (C.Area)
  CAR:    0.64  Ratio:    0.00       (C.S.Area)

[1]  li1:
  PAR:    0.00  Ratio:    0.00       (Area)
  PAR:    0.00  Ratio:   75.00       (S.Area)
  CAR:    0.00  Ratio:    0.00       (C.Area)
  CAR:    0.00  Ratio:    0.00       (C.S.Area)

[1]  M2M3_PR:
  PAR:    0.01  Ratio:    6.00       (Area)
  CAR:    0.02  Ratio:    0.00       (C.Area)

[1]  M1M2_PR:
  PAR:    0.00  Ratio:    6.00       (Area)
  CAR:    0.01  Ratio:    0.00       (C.Area)

[1]  L1M1_PR_MR:
  PAR:    0.01  Ratio:    3.00       (Area)
  CAR:    0.01  Ratio:    0.00       (C.Area)

  _2_  (sky130_fd_sc_hd__a21o_2)  A1
[1]  met3:
  PAR:    0.39  Ratio:    0.00       (Area)
  PAR:    2.18  Ratio:  400.00       (S.Area)
  CAR:    3.10  Ratio:    0.00       (C.Area)
  CAR:   16.05  Ratio:    0.00       (C.S.Area)

[1]  met2:
  PAR:    1.53  Ratio:    0.00       (Area)
  PAR:    7.80  Ratio:  400.00       (S.Area)
  CAR:    2.71  Ratio:    0.00       (C.Area)
  CAR:   13.87  Ratio:    0.00       (C.S.Area)

[1]  met1:
  PAR:    1.12  Ratio:    0.00       (Area)
  PAR:    6.00  Ratio:  400.00       (S.Area)
  CAR:    1.18  Ratio:    0.00       (C.Area)
  CAR:    6.06  Ratio:    0.00       (C.S.Area)

[1]  li1:
  PAR:    0.06  Ratio:    0.00       (Area)
  PAR:    0.07  Ratio:   75.00       (S.Area)
  CAR:    0.06  Ratio:    0.00       (C.Area)
  CAR:    0.07  Ratio:    0.00       (C.S.Area)

[1]  M2M3_PR:
  PAR:    0.01  Ratio:    6.00       (Area)
  CAR:    0.22  Ratio:    0.00       (C.Area)

[1]  M1M2_PR:
  PAR:    0.09  Ratio:    6.00       (Area)
  CAR:    0.21  Ratio:    0.00       (C.Area)

[1]  L1M1_PR_MR:
  PAR:    0.12  Ratio:    3.00       (Area)
  CAR:    0.12  Ratio:    0.00       (C.Area)


Net - _0_
  _2_  (sky130_fd_sc_hd__a21o_2)  A2
[1]  met2:
  PAR:    3.07  Ratio:    0.00       (Area)
  PAR:   16.73  Ratio: 2778.20       (S.Area)
  CAR:    6.79  Ratio:    0.00       (C.Area)
  CAR:   35.86  Ratio:    0.00       (C.S.Area)

[1]  met1:
  PAR:    3.65  Ratio:    0.00       (Area)
  PAR:   19.06  Ratio:  400.00       (S.Area)
  CAR:    3.71  Ratio:    0.00       (C.Area)
  CAR:   19.13  Ratio:    0.00       (C.S.Area)

[1]  li1:
  PAR:    0.06  Ratio:    0.00       (Area)
  PAR:    0.07  Ratio:   75.00       (S.Area)
  CAR:    0.06  Ratio:    0.00       (C.Area)
  CAR:    0.07  Ratio:    0.00       (C.S.Area)

[1]  M1M2_PR:
  PAR:    0.09  Ratio:    6.00       (Area)
  CAR:    0.21  Ratio:    0.00       (C.Area)

[1]  L1M1_PR_MR:
  PAR:    0.12  Ratio:    3.00       (Area)
  CAR:    0.12  Ratio:    0.00       (C.Area)


Net - delay_400ns._intsig_a_\[10\]
  delay_400ns.genblk1\[10\].delay_unit  (sky130_mm_sc_hd_dly5ns)  in
[1]  met2:
  PAR:    0.23  Ratio:    0.00       (Area)
  PAR:    1.19  Ratio: 2744.72       (S.Area)
  CAR:    0.24  Ratio:    0.00       (C.Area)
  CAR:    1.21  Ratio:    0.00       (C.S.Area)

[1]  met1:
  PAR:    0.00  Ratio:    0.00       (Area)
  PAR:    0.02  Ratio:  400.00       (S.Area)
  CAR:    0.01  Ratio:    0.00       (C.Area)
  CAR:    0.02  Ratio:    0.00       (C.S.Area)

[1]  li1:
  PAR:    0.00  Ratio:    0.00       (Area)
  PAR:    0.00  Ratio:   75.00       (S.Area)
  CAR:    0.00  Ratio:    0.00       (C.Area)
  CAR:    0.00  Ratio:    0.00       (C.S.Area)

[1]  M1M2_PR:
  PAR:    0.00  Ratio:    6.00       (Area)
  CAR:    0.01  Ratio:    0.00       (C.Area)

[1]  L1M1_PR_MR:
  PAR:    0.01  Ratio:    3.00       (Area)
  CAR:    0.01  Ratio:    0.00       (C.Area)


Net - delay_400ns._intsig_a_\[11\]
  delay_400ns.genblk1\[11\].delay_unit  (sky130_mm_sc_hd_dly5ns)  in
[1]  met2:
  PAR:    0.89  Ratio:    0.00       (Area)
  PAR:    4.49  Ratio: 2744.72       (S.Area)
  CAR:    0.96  Ratio:    0.00       (C.Area)
  CAR:    4.86  Ratio:    0.00       (C.S.Area)

[1]  met1:
  PAR:    0.07  Ratio:    0.00       (Area)
  PAR:    0.37  Ratio:  400.00       (S.Area)
  CAR:    0.07  Ratio:    0.00       (C.Area)
  CAR:    0.37  Ratio:    0.00       (C.S.Area)

[1]  li1:
  PAR:    0.00  Ratio:    0.00       (Area)
  PAR:    0.00  Ratio:   75.00       (S.Area)
  CAR:    0.00  Ratio:    0.00       (C.Area)
  CAR:    0.00  Ratio:    0.00       (C.S.Area)

[1]  M1M2_PR:
  PAR:    0.00  Ratio:    6.00       (Area)
  CAR:    0.01  Ratio:    0.00       (C.Area)

[1]  L1M1_PR_MR:
  PAR:    0.01  Ratio:    3.00       (Area)
  CAR:    0.01  Ratio:    0.00       (C.Area)


Net - delay_400ns._intsig_a_\[12\]
  delay_400ns.genblk1\[12\].delay_unit  (sky130_mm_sc_hd_dly5ns)  in
[1]  met3:
  PAR:    1.16  Ratio:    0.00       (Area)
  PAR:    6.26  Ratio: 2744.72       (S.Area)
  CAR:    1.47  Ratio:    0.00       (C.Area)
  CAR:    7.86  Ratio:    0.00       (C.S.Area)

[1]  met2:
  PAR:    0.29  Ratio:    0.00       (Area)
  PAR:    1.49  Ratio:  400.00       (S.Area)
  CAR:    0.31  Ratio:    0.00       (C.Area)
  CAR:    1.60  Ratio:    0.00       (C.S.Area)

[1]  met1:
  PAR:    0.02  Ratio:    0.00       (Area)
  PAR:    0.11  Ratio:  400.00       (S.Area)
  CAR:    0.02  Ratio:    0.00       (C.Area)
  CAR:    0.11  Ratio:    0.00       (C.S.Area)

[1]  li1:
  PAR:    0.00  Ratio:    0.00       (Area)
  PAR:    0.00  Ratio:   75.00       (S.Area)
  CAR:    0.00  Ratio:    0.00       (C.Area)
  CAR:    0.00  Ratio:    0.00       (C.S.Area)

[1]  M2M3_PR:
  PAR:    0.01  Ratio:    6.00       (Area)
  CAR:    0.02  Ratio:    0.00       (C.Area)

[1]  M1M2_PR:
  PAR:    0.00  Ratio:    6.00       (Area)
  CAR:    0.01  Ratio:    0.00       (C.Area)

[1]  L1M1_PR_MR:
  PAR:    0.01  Ratio:    3.00       (Area)
  CAR:    0.01  Ratio:    0.00       (C.Area)


Net - delay_400ns._intsig_a_\[13\]
  delay_400ns.genblk1\[13\].delay_unit  (sky130_mm_sc_hd_dly5ns)  in
[1]  met2:
  PAR:    0.30  Ratio:    0.00       (Area)
  PAR:    1.51  Ratio: 2744.72       (S.Area)
  CAR:    0.30  Ratio:    0.00       (C.Area)
  CAR:    1.53  Ratio:    0.00       (C.S.Area)

[1]  met1:
  PAR:    0.00  Ratio:    0.00       (Area)
  PAR:    0.02  Ratio:  400.00       (S.Area)
  CAR:    0.01  Ratio:    0.00       (C.Area)
  CAR:    0.02  Ratio:    0.00       (C.S.Area)

[1]  li1:
  PAR:    0.00  Ratio:    0.00       (Area)
  PAR:    0.00  Ratio:   75.00       (S.Area)
  CAR:    0.00  Ratio:    0.00       (C.Area)
  CAR:    0.00  Ratio:    0.00       (C.S.Area)

[1]  M1M2_PR:
  PAR:    0.00  Ratio:    6.00       (Area)
  CAR:    0.01  Ratio:    0.00       (C.Area)

[1]  L1M1_PR_MR:
  PAR:    0.01  Ratio:    3.00       (Area)
  CAR:    0.01  Ratio:    0.00       (C.Area)


Net - delay_400ns._intsig_a_\[14\]
  delay_400ns.genblk1\[14\].delay_unit  (sky130_mm_sc_hd_dly5ns)  in
[1]  met2:
  PAR:    0.62  Ratio:    0.00       (Area)
  PAR:    3.20  Ratio: 2744.72       (S.Area)
  CAR:    0.63  Ratio:    0.00       (C.Area)
  CAR:    3.22  Ratio:    0.00       (C.S.Area)

[1]  met1:
  PAR:    0.00  Ratio:    0.00       (Area)
  PAR:    0.02  Ratio:  400.00       (S.Area)
  CAR:    0.01  Ratio:    0.00       (C.Area)
  CAR:    0.02  Ratio:    0.00       (C.S.Area)

[1]  li1:
  PAR:    0.00  Ratio:    0.00       (Area)
  PAR:    0.00  Ratio:   75.00       (S.Area)
  CAR:    0.00  Ratio:    0.00       (C.Area)
  CAR:    0.00  Ratio:    0.00       (C.S.Area)

[1]  M1M2_PR:
  PAR:    0.00  Ratio:    6.00       (Area)
  CAR:    0.01  Ratio:    0.00       (C.Area)

[1]  L1M1_PR_MR:
  PAR:    0.01  Ratio:    3.00       (Area)
  CAR:    0.01  Ratio:    0.00       (C.Area)


Net - delay_400ns._intsig_a_\[15\]
  delay_400ns.genblk1\[15\].delay_unit  (sky130_mm_sc_hd_dly5ns)  in
[1]  met2:
  PAR:    0.30  Ratio:    0.00       (Area)
  PAR:    1.60  Ratio: 2744.72       (S.Area)
  CAR:    0.37  Ratio:    0.00       (C.Area)
  CAR:    1.95  Ratio:    0.00       (C.S.Area)

[1]  met1:
  PAR:    0.06  Ratio:    0.00       (Area)
  PAR:    0.35  Ratio:  400.00       (S.Area)
  CAR:    0.06  Ratio:    0.00       (C.Area)
  CAR:    0.35  Ratio:    0.00       (C.S.Area)

[1]  li1:
  PAR:    0.00  Ratio:    0.00       (Area)
  PAR:    0.00  Ratio:   75.00       (S.Area)
  CAR:    0.00  Ratio:    0.00       (C.Area)
  CAR:    0.00  Ratio:    0.00       (C.S.Area)

[1]  M1M2_PR:
  PAR:    0.00  Ratio:    6.00       (Area)
  CAR:    0.01  Ratio:    0.00       (C.Area)

[1]  L1M1_PR_MR:
  PAR:    0.01  Ratio:    3.00       (Area)
  CAR:    0.01  Ratio:    0.00       (C.Area)


Net - delay_400ns._intsig_a_\[16\]
  delay_400ns.genblk1\[16\].delay_unit  (sky130_mm_sc_hd_dly5ns)  in
[1]  met2:
  PAR:    0.59  Ratio:    0.00       (Area)
  PAR:    3.00  Ratio: 2744.72       (S.Area)
  CAR:    0.61  Ratio:    0.00       (C.Area)
  CAR:    3.11  Ratio:    0.00       (C.S.Area)

[1]  met1:
  PAR:    0.02  Ratio:    0.00       (Area)
  PAR:    0.11  Ratio:  400.00       (S.Area)
  CAR:    0.02  Ratio:    0.00       (C.Area)
  CAR:    0.11  Ratio:    0.00       (C.S.Area)

[1]  li1:
  PAR:    0.00  Ratio:    0.00       (Area)
  PAR:    0.00  Ratio:   75.00       (S.Area)
  CAR:    0.00  Ratio:    0.00       (C.Area)
  CAR:    0.00  Ratio:    0.00       (C.S.Area)

[1]  M1M2_PR:
  PAR:    0.00  Ratio:    6.00       (Area)
  CAR:    0.01  Ratio:    0.00       (C.Area)

[1]  L1M1_PR_MR:
  PAR:    0.01  Ratio:    3.00       (Area)
  CAR:    0.01  Ratio:    0.00       (C.Area)


Net - delay_400ns._intsig_a_\[17\]
  delay_400ns.genblk1\[17\].delay_unit  (sky130_mm_sc_hd_dly5ns)  in
[1]  met2:
  PAR:    0.14  Ratio:    0.00       (Area)
  PAR:    0.75  Ratio: 2744.72       (S.Area)
  CAR:    0.26  Ratio:    0.00       (C.Area)
  CAR:    1.38  Ratio:    0.00       (C.S.Area)

[1]  met1:
  PAR:    0.12  Ratio:    0.00       (Area)
  PAR:    0.63  Ratio:  400.00       (S.Area)
  CAR:    0.13  Ratio:    0.00       (C.Area)
  CAR:    0.64  Ratio:    0.00       (C.S.Area)

[1]  li1:
  PAR:    0.00  Ratio:    0.00       (Area)
  PAR:    0.00  Ratio:   75.00       (S.Area)
  CAR:    0.00  Ratio:    0.00       (C.Area)
  CAR:    0.00  Ratio:    0.00       (C.S.Area)

[1]  M1M2_PR:
  PAR:    0.00  Ratio:    6.00       (Area)
  CAR:    0.01  Ratio:    0.00       (C.Area)

[1]  L1M1_PR_MR:
  PAR:    0.01  Ratio:    3.00       (Area)
  CAR:    0.01  Ratio:    0.00       (C.Area)


Net - delay_400ns._intsig_a_\[18\]
  delay_400ns.genblk1\[18\].delay_unit  (sky130_mm_sc_hd_dly5ns)  in
[1]  met2:
  PAR:    1.32  Ratio:    0.00       (Area)
  PAR:    6.79  Ratio: 2744.72       (S.Area)
  CAR:    1.38  Ratio:    0.00       (C.Area)
  CAR:    7.09  Ratio:    0.00       (C.S.Area)

[1]  met1:
  PAR:    0.06  Ratio:    0.00       (Area)
  PAR:    0.30  Ratio:  400.00       (S.Area)
  CAR:    0.06  Ratio:    0.00       (C.Area)
  CAR:    0.31  Ratio:    0.00       (C.S.Area)

[1]  li1:
  PAR:    0.00  Ratio:    0.00       (Area)
  PAR:    0.00  Ratio:   75.00       (S.Area)
  CAR:    0.00  Ratio:    0.00       (C.Area)
  CAR:    0.00  Ratio:    0.00       (C.S.Area)

[1]  M1M2_PR:
  PAR:    0.00  Ratio:    6.00       (Area)
  CAR:    0.01  Ratio:    0.00       (C.Area)

[1]  L1M1_PR_MR:
  PAR:    0.01  Ratio:    3.00       (Area)
  CAR:    0.01  Ratio:    0.00       (C.Area)


Net - delay_400ns._intsig_a_\[19\]
  delay_400ns.genblk1\[19\].delay_unit  (sky130_mm_sc_hd_dly5ns)  in
[1]  met2:
  PAR:    1.13  Ratio:    0.00       (Area)
  PAR:    5.71  Ratio: 2744.72       (S.Area)
  CAR:    1.18  Ratio:    0.00       (C.Area)
  CAR:    5.95  Ratio:    0.00       (C.S.Area)

[1]  met1:
  PAR:    0.04  Ratio:    0.00       (Area)
  PAR:    0.24  Ratio:  400.00       (S.Area)
  CAR:    0.05  Ratio:    0.00       (C.Area)
  CAR:    0.24  Ratio:    0.00       (C.S.Area)

[1]  li1:
  PAR:    0.00  Ratio:    0.00       (Area)
  PAR:    0.00  Ratio:   75.00       (S.Area)
  CAR:    0.00  Ratio:    0.00       (C.Area)
  CAR:    0.00  Ratio:    0.00       (C.S.Area)

[1]  M1M2_PR:
  PAR:    0.00  Ratio:    6.00       (Area)
  CAR:    0.01  Ratio:    0.00       (C.Area)

[1]  L1M1_PR_MR:
  PAR:    0.01  Ratio:    3.00       (Area)
  CAR:    0.01  Ratio:    0.00       (C.Area)


Net - delay_400ns._intsig_a_\[20\]
  delay_400ns.genblk1\[20\].delay_unit  (sky130_mm_sc_hd_dly5ns)  in
[1]  met2:
  PAR:    1.25  Ratio:    0.00       (Area)
  PAR:    6.27  Ratio: 2744.72       (S.Area)
  CAR:    1.27  Ratio:    0.00       (C.Area)
  CAR:    6.38  Ratio:    0.00       (C.S.Area)

[1]  met1:
  PAR:    0.02  Ratio:    0.00       (Area)
  PAR:    0.11  Ratio:  400.00       (S.Area)
  CAR:    0.02  Ratio:    0.00       (C.Area)
  CAR:    0.11  Ratio:    0.00       (C.S.Area)

[1]  li1:
  PAR:    0.00  Ratio:    0.00       (Area)
  PAR:    0.00  Ratio:   75.00       (S.Area)
  CAR:    0.00  Ratio:    0.00       (C.Area)
  CAR:    0.00  Ratio:    0.00       (C.S.Area)

[1]  M1M2_PR:
  PAR:    0.00  Ratio:    6.00       (Area)
  CAR:    0.01  Ratio:    0.00       (C.Area)

[1]  L1M1_PR_MR:
  PAR:    0.01  Ratio:    3.00       (Area)
  CAR:    0.01  Ratio:    0.00       (C.Area)


Net - delay_400ns._intsig_a_\[21\]
  delay_400ns.genblk1\[21\].delay_unit  (sky130_mm_sc_hd_dly5ns)  in
[1]  met2:
  PAR:    1.20  Ratio:    0.00       (Area)
  PAR:    6.06  Ratio: 2744.72       (S.Area)
  CAR:    1.23  Ratio:    0.00       (C.Area)
  CAR:    6.24  Ratio:    0.00       (C.S.Area)

[1]  met1:
  PAR:    0.03  Ratio:    0.00       (Area)
  PAR:    0.17  Ratio:  400.00       (S.Area)
  CAR:    0.03  Ratio:    0.00       (C.Area)
  CAR:    0.18  Ratio:    0.00       (C.S.Area)

[1]  li1:
  PAR:    0.00  Ratio:    0.00       (Area)
  PAR:    0.00  Ratio:   75.00       (S.Area)
  CAR:    0.00  Ratio:    0.00       (C.Area)
  CAR:    0.00  Ratio:    0.00       (C.S.Area)

[1]  M1M2_PR:
  PAR:    0.00  Ratio:    6.00       (Area)
  CAR:    0.01  Ratio:    0.00       (C.Area)

[1]  L1M1_PR_MR:
  PAR:    0.01  Ratio:    3.00       (Area)
  CAR:    0.01  Ratio:    0.00       (C.Area)


Net - delay_400ns._intsig_a_\[22\]
  delay_400ns.genblk1\[22\].delay_unit  (sky130_mm_sc_hd_dly5ns)  in
[1]  met2:
  PAR:    1.28  Ratio:    0.00       (Area)
  PAR:    6.44  Ratio: 2744.72       (S.Area)
  CAR:    1.28  Ratio:    0.00       (C.Area)
  CAR:    6.46  Ratio:    0.00       (C.S.Area)

[1]  met1:
  PAR:    0.00  Ratio:    0.00       (Area)
  PAR:    0.02  Ratio:  400.00       (S.Area)
  CAR:    0.01  Ratio:    0.00       (C.Area)
  CAR:    0.02  Ratio:    0.00       (C.S.Area)

[1]  li1:
  PAR:    0.00  Ratio:    0.00       (Area)
  PAR:    0.00  Ratio:   75.00       (S.Area)
  CAR:    0.00  Ratio:    0.00       (C.Area)
  CAR:    0.00  Ratio:    0.00       (C.S.Area)

[1]  M1M2_PR:
  PAR:    0.00  Ratio:    6.00       (Area)
  CAR:    0.01  Ratio:    0.00       (C.Area)

[1]  L1M1_PR_MR:
  PAR:    0.01  Ratio:    3.00       (Area)
  CAR:    0.01  Ratio:    0.00       (C.Area)


Net - delay_400ns._intsig_a_\[23\]
  delay_400ns.genblk1\[23\].delay_unit  (sky130_mm_sc_hd_dly5ns)  in
[1]  met2:
  PAR:    0.66  Ratio:    0.00       (Area)
  PAR:    3.38  Ratio: 2744.72       (S.Area)
  CAR:    0.70  Ratio:    0.00       (C.Area)
  CAR:    3.63  Ratio:    0.00       (C.S.Area)

[1]  met1:
  PAR:    0.04  Ratio:    0.00       (Area)
  PAR:    0.24  Ratio:  400.00       (S.Area)
  CAR:    0.05  Ratio:    0.00       (C.Area)
  CAR:    0.24  Ratio:    0.00       (C.S.Area)

[1]  li1:
  PAR:    0.00  Ratio:    0.00       (Area)
  PAR:    0.00  Ratio:   75.00       (S.Area)
  CAR:    0.00  Ratio:    0.00       (C.Area)
  CAR:    0.00  Ratio:    0.00       (C.S.Area)

[1]  M1M2_PR:
  PAR:    0.00  Ratio:    6.00       (Area)
  CAR:    0.01  Ratio:    0.00       (C.Area)

[1]  L1M1_PR_MR:
  PAR:    0.01  Ratio:    3.00       (Area)
  CAR:    0.01  Ratio:    0.00       (C.Area)


Net - delay_400ns._intsig_a_\[24\]
  delay_400ns.genblk1\[24\].delay_unit  (sky130_mm_sc_hd_dly5ns)  in
[1]  met2:
  PAR:    1.09  Ratio:    0.00       (Area)
  PAR:    5.45  Ratio: 2744.72       (S.Area)
  CAR:    1.13  Ratio:    0.00       (C.Area)
  CAR:    5.70  Ratio:    0.00       (C.S.Area)

[1]  met1:
  PAR:    0.04  Ratio:    0.00       (Area)
  PAR:    0.24  Ratio:  400.00       (S.Area)
  CAR:    0.05  Ratio:    0.00       (C.Area)
  CAR:    0.24  Ratio:    0.00       (C.S.Area)

[1]  li1:
  PAR:    0.00  Ratio:    0.00       (Area)
  PAR:    0.00  Ratio:   75.00       (S.Area)
  CAR:    0.00  Ratio:    0.00       (C.Area)
  CAR:    0.00  Ratio:    0.00       (C.S.Area)

[1]  M1M2_PR:
  PAR:    0.00  Ratio:    6.00       (Area)
  CAR:    0.01  Ratio:    0.00       (C.Area)

[1]  L1M1_PR_MR:
  PAR:    0.01  Ratio:    3.00       (Area)
  CAR:    0.01  Ratio:    0.00       (C.Area)


Net - delay_400ns._intsig_a_\[25\]
  delay_400ns.genblk1\[25\].delay_unit  (sky130_mm_sc_hd_dly5ns)  in
[1]  met2:
  PAR:    0.88  Ratio:    0.00       (Area)
  PAR:    4.41  Ratio: 2744.72       (S.Area)
  CAR:    0.93  Ratio:    0.00       (C.Area)
  CAR:    4.65  Ratio:    0.00       (C.S.Area)

[1]  met1:
  PAR:    0.04  Ratio:    0.00       (Area)
  PAR:    0.24  Ratio:  400.00       (S.Area)
  CAR:    0.05  Ratio:    0.00       (C.Area)
  CAR:    0.24  Ratio:    0.00       (C.S.Area)

[1]  li1:
  PAR:    0.00  Ratio:    0.00       (Area)
  PAR:    0.00  Ratio:   75.00       (S.Area)
  CAR:    0.00  Ratio:    0.00       (C.Area)
  CAR:    0.00  Ratio:    0.00       (C.S.Area)

[1]  M1M2_PR:
  PAR:    0.00  Ratio:    6.00       (Area)
  CAR:    0.01  Ratio:    0.00       (C.Area)

[1]  L1M1_PR_MR:
  PAR:    0.01  Ratio:    3.00       (Area)
  CAR:    0.01  Ratio:    0.00       (C.Area)


Net - delay_400ns._intsig_a_\[26\]
  delay_400ns.genblk1\[26\].delay_unit  (sky130_mm_sc_hd_dly5ns)  in
[1]  met2:
  PAR:    0.29  Ratio:    0.00       (Area)
  PAR:    1.46  Ratio: 2744.72       (S.Area)
  CAR:    0.35  Ratio:    0.00       (C.Area)
  CAR:    1.77  Ratio:    0.00       (C.S.Area)

[1]  met1:
  PAR:    0.05  Ratio:    0.00       (Area)
  PAR:    0.31  Ratio:  400.00       (S.Area)
  CAR:    0.06  Ratio:    0.00       (C.Area)
  CAR:    0.31  Ratio:    0.00       (C.S.Area)

[1]  li1:
  PAR:    0.00  Ratio:    0.00       (Area)
  PAR:    0.00  Ratio:   75.00       (S.Area)
  CAR:    0.00  Ratio:    0.00       (C.Area)
  CAR:    0.00  Ratio:    0.00       (C.S.Area)

[1]  M1M2_PR:
  PAR:    0.00  Ratio:    6.00       (Area)
  CAR:    0.01  Ratio:    0.00       (C.Area)

[1]  L1M1_PR_MR:
  PAR:    0.01  Ratio:    3.00       (Area)
  CAR:    0.01  Ratio:    0.00       (C.Area)


Net - delay_400ns._intsig_a_\[27\]
  delay_400ns.genblk1\[27\].delay_unit  (sky130_mm_sc_hd_dly5ns)  in
[1]  met2:
  PAR:    0.39  Ratio:    0.00       (Area)
  PAR:    1.96  Ratio: 2744.72       (S.Area)
  CAR:    0.66  Ratio:    0.00       (C.Area)
  CAR:    3.39  Ratio:    0.00       (C.S.Area)

[1]  met1:
  PAR:    0.27  Ratio:    0.00       (Area)
  PAR:    1.42  Ratio:  400.00       (S.Area)
  CAR:    0.28  Ratio:    0.00       (C.Area)
  CAR:    1.43  Ratio:    0.00       (C.S.Area)

[1]  li1:
  PAR:    0.00  Ratio:    0.00       (Area)
  PAR:    0.00  Ratio:   75.00       (S.Area)
  CAR:    0.00  Ratio:    0.00       (C.Area)
  CAR:    0.00  Ratio:    0.00       (C.S.Area)

[1]  M1M2_PR:
  PAR:    0.00  Ratio:    6.00       (Area)
  CAR:    0.01  Ratio:    0.00       (C.Area)

[1]  L1M1_PR_MR:
  PAR:    0.01  Ratio:    3.00       (Area)
  CAR:    0.01  Ratio:    0.00       (C.Area)


Net - delay_400ns._intsig_a_\[28\]
  delay_400ns.genblk1\[28\].delay_unit  (sky130_mm_sc_hd_dly5ns)  in
[1]  met2:
  PAR:    0.71  Ratio:    0.00       (Area)
  PAR:    3.79  Ratio: 2744.72       (S.Area)
  CAR:    0.72  Ratio:    0.00       (C.Area)
  CAR:    3.81  Ratio:    0.00       (C.S.Area)

[1]  met1:
  PAR:    0.00  Ratio:    0.00       (Area)
  PAR:    0.02  Ratio:  400.00       (S.Area)
  CAR:    0.01  Ratio:    0.00       (C.Area)
  CAR:    0.02  Ratio:    0.00       (C.S.Area)

[1]  li1:
  PAR:    0.00  Ratio:    0.00       (Area)
  PAR:    0.00  Ratio:   75.00       (S.Area)
  CAR:    0.00  Ratio:    0.00       (C.Area)
  CAR:    0.00  Ratio:    0.00       (C.S.Area)

[1]  M1M2_PR:
  PAR:    0.00  Ratio:    6.00       (Area)
  CAR:    0.01  Ratio:    0.00       (C.Area)

[1]  L1M1_PR_MR:
  PAR:    0.01  Ratio:    3.00       (Area)
  CAR:    0.01  Ratio:    0.00       (C.Area)


Net - delay_400ns._intsig_a_\[29\]
  delay_400ns.genblk1\[29\].delay_unit  (sky130_mm_sc_hd_dly5ns)  in
[1]  met2:
  PAR:    0.61  Ratio:    0.00       (Area)
  PAR:    3.15  Ratio: 2744.72       (S.Area)
  CAR:    0.72  Ratio:    0.00       (C.Area)
  CAR:    3.70  Ratio:    0.00       (C.S.Area)

[1]  met1:
  PAR:    0.10  Ratio:    0.00       (Area)
  PAR:    0.55  Ratio:  400.00       (S.Area)
  CAR:    0.10  Ratio:    0.00       (C.Area)
  CAR:    0.55  Ratio:    0.00       (C.S.Area)

[1]  li1:
  PAR:    0.00  Ratio:    0.00       (Area)
  PAR:    0.00  Ratio:   75.00       (S.Area)
  CAR:    0.00  Ratio:    0.00       (C.Area)
  CAR:    0.00  Ratio:    0.00       (C.S.Area)

[1]  M1M2_PR:
  PAR:    0.00  Ratio:    6.00       (Area)
  CAR:    0.01  Ratio:    0.00       (C.Area)

[1]  L1M1_PR_MR:
  PAR:    0.01  Ratio:    3.00       (Area)
  CAR:    0.01  Ratio:    0.00       (C.Area)


Net - delay_400ns._intsig_a_\[2\]
  delay_400ns.genblk1\[2\].delay_unit  (sky130_mm_sc_hd_dly5ns)  in
[1]  met3:
  PAR:    0.93  Ratio:    0.00       (Area)
  PAR:    5.32  Ratio: 2744.72       (S.Area)
  CAR:    1.42  Ratio:    0.00       (C.Area)
  CAR:    7.79  Ratio:    0.00       (C.S.Area)

[1]  met2:
  PAR:    0.44  Ratio:    0.00       (Area)
  PAR:    2.22  Ratio:  400.00       (S.Area)
  CAR:    0.49  Ratio:    0.00       (C.Area)
  CAR:    2.46  Ratio:    0.00       (C.S.Area)

[1]  met1:
  PAR:    0.04  Ratio:    0.00       (Area)
  PAR:    0.24  Ratio:  400.00       (S.Area)
  CAR:    0.05  Ratio:    0.00       (C.Area)
  CAR:    0.24  Ratio:    0.00       (C.S.Area)

[1]  li1:
  PAR:    0.00  Ratio:    0.00       (Area)
  PAR:    0.00  Ratio:   75.00       (S.Area)
  CAR:    0.00  Ratio:    0.00       (C.Area)
  CAR:    0.00  Ratio:    0.00       (C.S.Area)

[1]  M2M3_PR:
  PAR:    0.01  Ratio:    6.00       (Area)
  CAR:    0.02  Ratio:    0.00       (C.Area)

[1]  M1M2_PR:
  PAR:    0.00  Ratio:    6.00       (Area)
  CAR:    0.01  Ratio:    0.00       (C.Area)

[1]  L1M1_PR_MR:
  PAR:    0.01  Ratio:    3.00       (Area)
  CAR:    0.01  Ratio:    0.00       (C.Area)


Net - delay_400ns._intsig_a_\[30\]
  delay_400ns.genblk1\[30\].delay_unit  (sky130_mm_sc_hd_dly5ns)  in
[1]  met4:
  PAR:    0.29  Ratio:    0.00       (Area)
  PAR:    1.61  Ratio: 2744.72       (S.Area)
  CAR:    0.85  Ratio:    0.00       (C.Area)
  CAR:    4.60  Ratio:    0.00       (C.S.Area)

[1]  met3:
  PAR:    0.04  Ratio:    0.00       (Area)
  PAR:    0.29  Ratio:  400.00       (S.Area)
  CAR:    0.56  Ratio:    0.00       (C.Area)
  CAR:    2.98  Ratio:    0.00       (C.S.Area)

[1]  met2:
  PAR:    0.33  Ratio:    0.00       (Area)
  PAR:    1.67  Ratio:  400.00       (S.Area)
  CAR:    0.52  Ratio:    0.00       (C.Area)
  CAR:    2.69  Ratio:    0.00       (C.S.Area)

[1]  met1:
  PAR:    0.20  Ratio:    0.00       (Area)
  PAR:    1.02  Ratio:  400.00       (S.Area)
  CAR:    0.20  Ratio:    0.00       (C.Area)
  CAR:    1.02  Ratio:    0.00       (C.S.Area)

[1]  li1:
  PAR:    0.00  Ratio:    0.00       (Area)
  PAR:    0.00  Ratio:   75.00       (S.Area)
  CAR:    0.00  Ratio:    0.00       (C.Area)
  CAR:    0.00  Ratio:    0.00       (C.S.Area)

[1]  M3M4_PR:
  PAR:    0.01  Ratio:    6.00       (Area)
  CAR:    0.03  Ratio:    0.00       (C.Area)

[1]  M2M3_PR:
  PAR:    0.01  Ratio:    6.00       (Area)
  CAR:    0.02  Ratio:    0.00       (C.Area)

[1]  M1M2_PR:
  PAR:    0.00  Ratio:    6.00       (Area)
  CAR:    0.01  Ratio:    0.00       (C.Area)

[1]  L1M1_PR_MR:
  PAR:    0.01  Ratio:    3.00       (Area)
  CAR:    0.01  Ratio:    0.00       (C.Area)


Net - delay_400ns._intsig_a_\[31\]
  delay_400ns.genblk1\[31\].delay_unit  (sky130_mm_sc_hd_dly5ns)  in
[1]  met2:
  PAR:    1.08  Ratio:    0.00       (Area)
  PAR:    5.44  Ratio: 2744.72       (S.Area)
  CAR:    1.08  Ratio:    0.00       (C.Area)
  CAR:    5.46  Ratio:    0.00       (C.S.Area)

[1]  met1:
  PAR:    0.00  Ratio:    0.00       (Area)
  PAR:    0.02  Ratio:  400.00       (S.Area)
  CAR:    0.01  Ratio:    0.00       (C.Area)
  CAR:    0.02  Ratio:    0.00       (C.S.Area)

[1]  li1:
  PAR:    0.00  Ratio:    0.00       (Area)
  PAR:    0.00  Ratio:   75.00       (S.Area)
  CAR:    0.00  Ratio:    0.00       (C.Area)
  CAR:    0.00  Ratio:    0.00       (C.S.Area)

[1]  M1M2_PR:
  PAR:    0.00  Ratio:    6.00       (Area)
  CAR:    0.01  Ratio:    0.00       (C.Area)

[1]  L1M1_PR_MR:
  PAR:    0.01  Ratio:    3.00       (Area)
  CAR:    0.01  Ratio:    0.00       (C.Area)


Net - delay_400ns._intsig_a_\[32\]
  delay_400ns.genblk1\[32\].delay_unit  (sky130_mm_sc_hd_dly5ns)  in
[1]  met2:
  PAR:    0.41  Ratio:    0.00       (Area)
  PAR:    2.09  Ratio: 2744.72       (S.Area)
  CAR:    0.46  Ratio:    0.00       (C.Area)
  CAR:    2.33  Ratio:    0.00       (C.S.Area)

[1]  met1:
  PAR:    0.04  Ratio:    0.00       (Area)
  PAR:    0.24  Ratio:  400.00       (S.Area)
  CAR:    0.05  Ratio:    0.00       (C.Area)
  CAR:    0.24  Ratio:    0.00       (C.S.Area)

[1]  li1:
  PAR:    0.00  Ratio:    0.00       (Area)
  PAR:    0.00  Ratio:   75.00       (S.Area)
  CAR:    0.00  Ratio:    0.00       (C.Area)
  CAR:    0.00  Ratio:    0.00       (C.S.Area)

[1]  M1M2_PR:
  PAR:    0.00  Ratio:    6.00       (Area)
  CAR:    0.01  Ratio:    0.00       (C.Area)

[1]  L1M1_PR_MR:
  PAR:    0.01  Ratio:    3.00       (Area)
  CAR:    0.01  Ratio:    0.00       (C.Area)


Net - delay_400ns._intsig_a_\[33\]
  delay_400ns.genblk1\[33\].delay_unit  (sky130_mm_sc_hd_dly5ns)  in
[1]  met2:
  PAR:    0.20  Ratio:    0.00       (Area)
  PAR:    1.13  Ratio: 2744.72       (S.Area)
  CAR:    0.21  Ratio:    0.00       (C.Area)
  CAR:    1.16  Ratio:    0.00       (C.S.Area)

[1]  met1:
  PAR:    0.00  Ratio:    0.00       (Area)
  PAR:    0.02  Ratio:  400.00       (S.Area)
  CAR:    0.01  Ratio:    0.00       (C.Area)
  CAR:    0.02  Ratio:    0.00       (C.S.Area)

[1]  li1:
  PAR:    0.00  Ratio:    0.00       (Area)
  PAR:    0.00  Ratio:   75.00       (S.Area)
  CAR:    0.00  Ratio:    0.00       (C.Area)
  CAR:    0.00  Ratio:    0.00       (C.S.Area)

[1]  M1M2_PR:
  PAR:    0.00  Ratio:    6.00       (Area)
  CAR:    0.01  Ratio:    0.00       (C.Area)

[1]  L1M1_PR_MR:
  PAR:    0.01  Ratio:    3.00       (Area)
  CAR:    0.01  Ratio:    0.00       (C.Area)


Net - delay_400ns._intsig_a_\[34\]
  delay_400ns.genblk1\[34\].delay_unit  (sky130_mm_sc_hd_dly5ns)  in
[1]  met4:
  PAR:    0.28  Ratio:    0.00       (Area)
  PAR:    1.64  Ratio: 2744.72       (S.Area)
  CAR:    0.80  Ratio:    0.00       (C.Area)
  CAR:    4.57  Ratio:    0.00       (C.S.Area)

[1]  met3:
  PAR:    0.21  Ratio:    0.00       (Area)
  PAR:    1.24  Ratio:  400.00       (S.Area)
  CAR:    0.52  Ratio:    0.00       (C.Area)
  CAR:    2.92  Ratio:    0.00       (C.S.Area)

[1]  met2:
  PAR:    0.22  Ratio:    0.00       (Area)
  PAR:    1.24  Ratio:  400.00       (S.Area)
  CAR:    0.31  Ratio:    0.00       (C.Area)
  CAR:    1.68  Ratio:    0.00       (C.S.Area)

[1]  met1:
  PAR:    0.08  Ratio:    0.00       (Area)
  PAR:    0.44  Ratio:  400.00       (S.Area)
  CAR:    0.08  Ratio:    0.00       (C.Area)
  CAR:    0.44  Ratio:    0.00       (C.S.Area)

[1]  li1:
  PAR:    0.00  Ratio:    0.00       (Area)
  PAR:    0.00  Ratio:   75.00       (S.Area)
  CAR:    0.00  Ratio:    0.00       (C.Area)
  CAR:    0.00  Ratio:    0.00       (C.S.Area)

[1]  M3M4_PR:
  PAR:    0.01  Ratio:    6.00       (Area)
  CAR:    0.03  Ratio:    0.00       (C.Area)

[1]  M2M3_PR:
  PAR:    0.01  Ratio:    6.00       (Area)
  CAR:    0.02  Ratio:    0.00       (C.Area)

[1]  M1M2_PR:
  PAR:    0.00  Ratio:    6.00       (Area)
  CAR:    0.01  Ratio:    0.00       (C.Area)

[1]  L1M1_PR_MR:
  PAR:    0.01  Ratio:    3.00       (Area)
  CAR:    0.01  Ratio:    0.00       (C.Area)


Net - delay_400ns._intsig_a_\[35\]
  delay_400ns.genblk1\[35\].delay_unit  (sky130_mm_sc_hd_dly5ns)  in
[1]  met2:
  PAR:    0.64  Ratio:    0.00       (Area)
  PAR:    3.35  Ratio: 2744.72       (S.Area)
  CAR:    0.83  Ratio:    0.00       (C.Area)
  CAR:    4.39  Ratio:    0.00       (C.S.Area)

[1]  met1:
  PAR:    0.20  Ratio:    0.00       (Area)
  PAR:    1.04  Ratio:  400.00       (S.Area)
  CAR:    0.20  Ratio:    0.00       (C.Area)
  CAR:    1.04  Ratio:    0.00       (C.S.Area)

[1]  li1:
  PAR:    0.00  Ratio:    0.00       (Area)
  PAR:    0.00  Ratio:   75.00       (S.Area)
  CAR:    0.00  Ratio:    0.00       (C.Area)
  CAR:    0.00  Ratio:    0.00       (C.S.Area)

[1]  M1M2_PR:
  PAR:    0.00  Ratio:    6.00       (Area)
  CAR:    0.01  Ratio:    0.00       (C.Area)

[1]  L1M1_PR_MR:
  PAR:    0.01  Ratio:    3.00       (Area)
  CAR:    0.01  Ratio:    0.00       (C.Area)


Net - delay_400ns._intsig_a_\[36\]
  delay_400ns.genblk1\[36\].delay_unit  (sky130_mm_sc_hd_dly5ns)  in
[1]  met2:
  PAR:    0.43  Ratio:    0.00       (Area)
  PAR:    2.28  Ratio: 2744.72       (S.Area)
  CAR:    0.51  Ratio:    0.00       (C.Area)
  CAR:    2.72  Ratio:    0.00       (C.S.Area)

[1]  met1:
  PAR:    0.08  Ratio:    0.00       (Area)
  PAR:    0.44  Ratio:  400.00       (S.Area)
  CAR:    0.08  Ratio:    0.00       (C.Area)
  CAR:    0.44  Ratio:    0.00       (C.S.Area)

[1]  li1:
  PAR:    0.00  Ratio:    0.00       (Area)
  PAR:    0.00  Ratio:   75.00       (S.Area)
  CAR:    0.00  Ratio:    0.00       (C.Area)
  CAR:    0.00  Ratio:    0.00       (C.S.Area)

[1]  M1M2_PR:
  PAR:    0.00  Ratio:    6.00       (Area)
  CAR:    0.01  Ratio:    0.00       (C.Area)

[1]  L1M1_PR_MR:
  PAR:    0.01  Ratio:    3.00       (Area)
  CAR:    0.01  Ratio:    0.00       (C.Area)


Net - delay_400ns._intsig_a_\[37\]
  delay_400ns.genblk1\[37\].delay_unit  (sky130_mm_sc_hd_dly5ns)  in
[1]  met2:
  PAR:    0.13  Ratio:    0.00       (Area)
  PAR:    0.74  Ratio: 2744.72       (S.Area)
  CAR:    0.23  Ratio:    0.00       (C.Area)
  CAR:    1.27  Ratio:    0.00       (C.S.Area)

[1]  met1:
  PAR:    0.10  Ratio:    0.00       (Area)
  PAR:    0.53  Ratio:  400.00       (S.Area)
  CAR:    0.10  Ratio:    0.00       (C.Area)
  CAR:    0.53  Ratio:    0.00       (C.S.Area)

[1]  li1:
  PAR:    0.00  Ratio:    0.00       (Area)
  PAR:    0.00  Ratio:   75.00       (S.Area)
  CAR:    0.00  Ratio:    0.00       (C.Area)
  CAR:    0.00  Ratio:    0.00       (C.S.Area)

[1]  M1M2_PR:
  PAR:    0.00  Ratio:    6.00       (Area)
  CAR:    0.01  Ratio:    0.00       (C.Area)

[1]  L1M1_PR_MR:
  PAR:    0.01  Ratio:    3.00       (Area)
  CAR:    0.01  Ratio:    0.00       (C.Area)


Net - delay_400ns._intsig_a_\[38\]
  delay_400ns.genblk1\[38\].delay_unit  (sky130_mm_sc_hd_dly5ns)  in
[1]  met2:
  PAR:    1.15  Ratio:    0.00       (Area)
  PAR:    5.98  Ratio: 2744.72       (S.Area)
  CAR:    1.28  Ratio:    0.00       (C.Area)
  CAR:    6.61  Ratio:    0.00       (C.S.Area)

[1]  met1:
  PAR:    0.12  Ratio:    0.00       (Area)
  PAR:    0.63  Ratio:  400.00       (S.Area)
  CAR:    0.13  Ratio:    0.00       (C.Area)
  CAR:    0.64  Ratio:    0.00       (C.S.Area)

[1]  li1:
  PAR:    0.00  Ratio:    0.00       (Area)
  PAR:    0.00  Ratio:   75.00       (S.Area)
  CAR:    0.00  Ratio:    0.00       (C.Area)
  CAR:    0.00  Ratio:    0.00       (C.S.Area)

[1]  M1M2_PR:
  PAR:    0.00  Ratio:    6.00       (Area)
  CAR:    0.01  Ratio:    0.00       (C.Area)

[1]  L1M1_PR_MR:
  PAR:    0.01  Ratio:    3.00       (Area)
  CAR:    0.01  Ratio:    0.00       (C.Area)


Net - delay_400ns._intsig_a_\[39\]
  delay_400ns.genblk1\[39\].delay_unit  (sky130_mm_sc_hd_dly5ns)  in
[1]  met2:
  PAR:    0.73  Ratio:    0.00       (Area)
  PAR:    3.69  Ratio: 2744.72       (S.Area)
  CAR:    0.79  Ratio:    0.00       (C.Area)
  CAR:    3.99  Ratio:    0.00       (C.S.Area)

[1]  met1:
  PAR:    0.06  Ratio:    0.00       (Area)
  PAR:    0.30  Ratio:  400.00       (S.Area)
  CAR:    0.06  Ratio:    0.00       (C.Area)
  CAR:    0.31  Ratio:    0.00       (C.S.Area)

[1]  li1:
  PAR:    0.00  Ratio:    0.00       (Area)
  PAR:    0.00  Ratio:   75.00       (S.Area)
  CAR:    0.00  Ratio:    0.00       (C.Area)
  CAR:    0.00  Ratio:    0.00       (C.S.Area)

[1]  M1M2_PR:
  PAR:    0.00  Ratio:    6.00       (Area)
  CAR:    0.01  Ratio:    0.00       (C.Area)

[1]  L1M1_PR_MR:
  PAR:    0.01  Ratio:    3.00       (Area)
  CAR:    0.01  Ratio:    0.00       (C.Area)


Net - delay_400ns._intsig_a_\[3\]
  delay_400ns.genblk1\[3\].delay_unit  (sky130_mm_sc_hd_dly5ns)  in
[1]  met2:
  PAR:    0.50  Ratio:    0.00       (Area)
  PAR:    2.51  Ratio: 2744.72       (S.Area)
  CAR:    0.65  Ratio:    0.00       (C.Area)
  CAR:    3.28  Ratio:    0.00       (C.S.Area)

[1]  met1:
  PAR:    0.15  Ratio:    0.00       (Area)
  PAR:    0.77  Ratio:  400.00       (S.Area)
  CAR:    0.15  Ratio:    0.00       (C.Area)
  CAR:    0.77  Ratio:    0.00       (C.S.Area)

[1]  li1:
  PAR:    0.00  Ratio:    0.00       (Area)
  PAR:    0.00  Ratio:   75.00       (S.Area)
  CAR:    0.00  Ratio:    0.00       (C.Area)
  CAR:    0.00  Ratio:    0.00       (C.S.Area)

[1]  M1M2_PR:
  PAR:    0.00  Ratio:    6.00       (Area)
  CAR:    0.01  Ratio:    0.00       (C.Area)

[1]  L1M1_PR_MR:
  PAR:    0.01  Ratio:    3.00       (Area)
  CAR:    0.01  Ratio:    0.00       (C.Area)


Net - delay_400ns._intsig_a_\[40\]
  delay_400ns.genblk1\[40\].delay_unit  (sky130_mm_sc_hd_dly5ns)  in
[1]  met2:
  PAR:    0.41  Ratio:    0.00       (Area)
  PAR:    2.10  Ratio: 2744.72       (S.Area)
  CAR:    0.55  Ratio:    0.00       (C.Area)
  CAR:    2.88  Ratio:    0.00       (C.S.Area)

[1]  met1:
  PAR:    0.14  Ratio:    0.00       (Area)
  PAR:    0.77  Ratio:  400.00       (S.Area)
  CAR:    0.14  Ratio:    0.00       (C.Area)
  CAR:    0.77  Ratio:    0.00       (C.S.Area)

[1]  li1:
  PAR:    0.00  Ratio:    0.00       (Area)
  PAR:    0.00  Ratio:   75.00       (S.Area)
  CAR:    0.00  Ratio:    0.00       (C.Area)
  CAR:    0.00  Ratio:    0.00       (C.S.Area)

[1]  M1M2_PR:
  PAR:    0.00  Ratio:    6.00       (Area)
  CAR:    0.01  Ratio:    0.00       (C.Area)

[1]  L1M1_PR_MR:
  PAR:    0.01  Ratio:    3.00       (Area)
  CAR:    0.01  Ratio:    0.00       (C.Area)


Net - delay_400ns._intsig_a_\[41\]
  delay_400ns.genblk1\[41\].delay_unit  (sky130_mm_sc_hd_dly5ns)  in
[1]  met2:
  PAR:    0.90  Ratio:    0.00       (Area)
  PAR:    4.69  Ratio: 2744.72       (S.Area)
  CAR:    1.00  Ratio:    0.00       (C.Area)
  CAR:    5.25  Ratio:    0.00       (C.S.Area)

[1]  met1:
  PAR:    0.10  Ratio:    0.00       (Area)
  PAR:    0.55  Ratio:  400.00       (S.Area)
  CAR:    0.11  Ratio:    0.00       (C.Area)
  CAR:    0.56  Ratio:    0.00       (C.S.Area)

[1]  li1:
  PAR:    0.00  Ratio:    0.00       (Area)
  PAR:    0.00  Ratio:   75.00       (S.Area)
  CAR:    0.00  Ratio:    0.00       (C.Area)
  CAR:    0.00  Ratio:    0.00       (C.S.Area)

[1]  M1M2_PR:
  PAR:    0.00  Ratio:    6.00       (Area)
  CAR:    0.01  Ratio:    0.00       (C.Area)

[1]  L1M1_PR_MR:
  PAR:    0.01  Ratio:    3.00       (Area)
  CAR:    0.01  Ratio:    0.00       (C.Area)


Net - delay_400ns._intsig_a_\[42\]
  delay_400ns.genblk1\[42\].delay_unit  (sky130_mm_sc_hd_dly5ns)  in
[1]  met2:
  PAR:    0.36  Ratio:    0.00       (Area)
  PAR:    1.83  Ratio: 2744.72       (S.Area)
  CAR:    0.37  Ratio:    0.00       (C.Area)
  CAR:    1.85  Ratio:    0.00       (C.S.Area)

[1]  met1:
  PAR:    0.00  Ratio:    0.00       (Area)
  PAR:    0.02  Ratio:  400.00       (S.Area)
  CAR:    0.01  Ratio:    0.00       (C.Area)
  CAR:    0.02  Ratio:    0.00       (C.S.Area)

[1]  li1:
  PAR:    0.00  Ratio:    0.00       (Area)
  PAR:    0.00  Ratio:   75.00       (S.Area)
  CAR:    0.00  Ratio:    0.00       (C.Area)
  CAR:    0.00  Ratio:    0.00       (C.S.Area)

[1]  M1M2_PR:
  PAR:    0.00  Ratio:    6.00       (Area)
  CAR:    0.01  Ratio:    0.00       (C.Area)

[1]  L1M1_PR_MR:
  PAR:    0.01  Ratio:    3.00       (Area)
  CAR:    0.01  Ratio:    0.00       (C.Area)


Net - delay_400ns._intsig_a_\[43\]
  delay_400ns.genblk1\[43\].delay_unit  (sky130_mm_sc_hd_dly5ns)  in
[1]  met2:
  PAR:    0.59  Ratio:    0.00       (Area)
  PAR:    2.96  Ratio: 2744.72       (S.Area)
  CAR:    0.73  Ratio:    0.00       (C.Area)
  CAR:    3.66  Ratio:    0.00       (C.S.Area)

[1]  met1:
  PAR:    0.14  Ratio:    0.00       (Area)
  PAR:    0.70  Ratio:  400.00       (S.Area)
  CAR:    0.14  Ratio:    0.00       (C.Area)
  CAR:    0.70  Ratio:    0.00       (C.S.Area)

[1]  li1:
  PAR:    0.00  Ratio:    0.00       (Area)
  PAR:    0.00  Ratio:   75.00       (S.Area)
  CAR:    0.00  Ratio:    0.00       (C.Area)
  CAR:    0.00  Ratio:    0.00       (C.S.Area)

[1]  M1M2_PR:
  PAR:    0.00  Ratio:    6.00       (Area)
  CAR:    0.01  Ratio:    0.00       (C.Area)

[1]  L1M1_PR_MR:
  PAR:    0.01  Ratio:    3.00       (Area)
  CAR:    0.01  Ratio:    0.00       (C.Area)


Net - delay_400ns._intsig_a_\[44\]
  delay_400ns.genblk1\[44\].delay_unit  (sky130_mm_sc_hd_dly5ns)  in
[1]  met2:
  PAR:    0.83  Ratio:    0.00       (Area)
  PAR:    4.19  Ratio: 2744.72       (S.Area)
  CAR:    0.86  Ratio:    0.00       (C.Area)
  CAR:    4.37  Ratio:    0.00       (C.S.Area)

[1]  met1:
  PAR:    0.03  Ratio:    0.00       (Area)
  PAR:    0.17  Ratio:  400.00       (S.Area)
  CAR:    0.03  Ratio:    0.00       (C.Area)
  CAR:    0.18  Ratio:    0.00       (C.S.Area)

[1]  li1:
  PAR:    0.00  Ratio:    0.00       (Area)
  PAR:    0.00  Ratio:   75.00       (S.Area)
  CAR:    0.00  Ratio:    0.00       (C.Area)
  CAR:    0.00  Ratio:    0.00       (C.S.Area)

[1]  M1M2_PR:
  PAR:    0.00  Ratio:    6.00       (Area)
  CAR:    0.01  Ratio:    0.00       (C.Area)

[1]  L1M1_PR_MR:
  PAR:    0.01  Ratio:    3.00       (Area)
  CAR:    0.01  Ratio:    0.00       (C.Area)


Net - delay_400ns._intsig_a_\[45\]
  delay_400ns.genblk1\[45\].delay_unit  (sky130_mm_sc_hd_dly5ns)  in
[1]  met2:
  PAR:    0.78  Ratio:    0.00       (Area)
  PAR:    4.01  Ratio: 2744.72       (S.Area)
  CAR:    0.83  Ratio:    0.00       (C.Area)
  CAR:    4.25  Ratio:    0.00       (C.S.Area)

[1]  met1:
  PAR:    0.04  Ratio:    0.00       (Area)
  PAR:    0.24  Ratio:  400.00       (S.Area)
  CAR:    0.05  Ratio:    0.00       (C.Area)
  CAR:    0.24  Ratio:    0.00       (C.S.Area)

[1]  li1:
  PAR:    0.00  Ratio:    0.00       (Area)
  PAR:    0.00  Ratio:   75.00       (S.Area)
  CAR:    0.00  Ratio:    0.00       (C.Area)
  CAR:    0.00  Ratio:    0.00       (C.S.Area)

[1]  M1M2_PR:
  PAR:    0.00  Ratio:    6.00       (Area)
  CAR:    0.01  Ratio:    0.00       (C.Area)

[1]  L1M1_PR_MR:
  PAR:    0.01  Ratio:    3.00       (Area)
  CAR:    0.01  Ratio:    0.00       (C.Area)


Net - delay_400ns._intsig_a_\[46\]
  delay_400ns.genblk1\[46\].delay_unit  (sky130_mm_sc_hd_dly5ns)  in
[1]  met2:
  PAR:    0.48  Ratio:    0.00       (Area)
  PAR:    2.55  Ratio: 2744.72       (S.Area)
  CAR:    0.52  Ratio:    0.00       (C.Area)
  CAR:    2.73  Ratio:    0.00       (C.S.Area)

[1]  met1:
  PAR:    0.03  Ratio:    0.00       (Area)
  PAR:    0.17  Ratio:  400.00       (S.Area)
  CAR:    0.03  Ratio:    0.00       (C.Area)
  CAR:    0.18  Ratio:    0.00       (C.S.Area)

[1]  li1:
  PAR:    0.00  Ratio:    0.00       (Area)
  PAR:    0.00  Ratio:   75.00       (S.Area)
  CAR:    0.00  Ratio:    0.00       (C.Area)
  CAR:    0.00  Ratio:    0.00       (C.S.Area)

[1]  M1M2_PR:
  PAR:    0.00  Ratio:    6.00       (Area)
  CAR:    0.01  Ratio:    0.00       (C.Area)

[1]  L1M1_PR_MR:
  PAR:    0.01  Ratio:    3.00       (Area)
  CAR:    0.01  Ratio:    0.00       (C.Area)


Net - delay_400ns._intsig_a_\[47\]
  delay_400ns.genblk1\[47\].delay_unit  (sky130_mm_sc_hd_dly5ns)  in
[1]  met2:
  PAR:    0.29  Ratio:    0.00       (Area)
  PAR:    1.51  Ratio: 2744.72       (S.Area)
  CAR:    0.47  Ratio:    0.00       (C.Area)
  CAR:    2.41  Ratio:    0.00       (C.S.Area)

[1]  met1:
  PAR:    0.17  Ratio:    0.00       (Area)
  PAR:    0.90  Ratio:  400.00       (S.Area)
  CAR:    0.18  Ratio:    0.00       (C.Area)
  CAR:    0.90  Ratio:    0.00       (C.S.Area)

[1]  li1:
  PAR:    0.00  Ratio:    0.00       (Area)
  PAR:    0.00  Ratio:   75.00       (S.Area)
  CAR:    0.00  Ratio:    0.00       (C.Area)
  CAR:    0.00  Ratio:    0.00       (C.S.Area)

[1]  M1M2_PR:
  PAR:    0.00  Ratio:    6.00       (Area)
  CAR:    0.01  Ratio:    0.00       (C.Area)

[1]  L1M1_PR_MR:
  PAR:    0.01  Ratio:    3.00       (Area)
  CAR:    0.01  Ratio:    0.00       (C.Area)


Net - delay_400ns._intsig_a_\[48\]
  delay_400ns.genblk1\[48\].delay_unit  (sky130_mm_sc_hd_dly5ns)  in
[1]  met2:
  PAR:    0.14  Ratio:    0.00       (Area)
  PAR:    0.74  Ratio: 2744.72       (S.Area)
  CAR:    0.17  Ratio:    0.00       (C.Area)
  CAR:    0.92  Ratio:    0.00       (C.S.Area)

[1]  met1:
  PAR:    0.03  Ratio:    0.00       (Area)
  PAR:    0.18  Ratio:  400.00       (S.Area)
  CAR:    0.03  Ratio:    0.00       (C.Area)
  CAR:    0.18  Ratio:    0.00       (C.S.Area)

[1]  li1:
  PAR:    0.00  Ratio:    0.00       (Area)
  PAR:    0.00  Ratio:   75.00       (S.Area)
  CAR:    0.00  Ratio:    0.00       (C.Area)
  CAR:    0.00  Ratio:    0.00       (C.S.Area)

[1]  M1M2_PR:
  PAR:    0.00  Ratio:    6.00       (Area)
  CAR:    0.01  Ratio:    0.00       (C.Area)

[1]  L1M1_PR_MR:
  PAR:    0.01  Ratio:    3.00       (Area)
  CAR:    0.01  Ratio:    0.00       (C.Area)


Net - delay_400ns._intsig_a_\[49\]
  delay_400ns.genblk1\[49\].delay_unit  (sky130_mm_sc_hd_dly5ns)  in
[1]  met2:
  PAR:    0.22  Ratio:    0.00       (Area)
  PAR:    1.10  Ratio: 2744.72       (S.Area)
  CAR:    0.41  Ratio:    0.00       (C.Area)
  CAR:    2.12  Ratio:    0.00       (C.S.Area)

[1]  met1:
  PAR:    0.19  Ratio:    0.00       (Area)
  PAR:    1.02  Ratio:  400.00       (S.Area)
  CAR:    0.20  Ratio:    0.00       (C.Area)
  CAR:    1.02  Ratio:    0.00       (C.S.Area)

[1]  li1:
  PAR:    0.00  Ratio:    0.00       (Area)
  PAR:    0.00  Ratio:   75.00       (S.Area)
  CAR:    0.00  Ratio:    0.00       (C.Area)
  CAR:    0.00  Ratio:    0.00       (C.S.Area)

[1]  M1M2_PR:
  PAR:    0.00  Ratio:    6.00       (Area)
  CAR:    0.01  Ratio:    0.00       (C.Area)

[1]  L1M1_PR_MR:
  PAR:    0.01  Ratio:    3.00       (Area)
  CAR:    0.01  Ratio:    0.00       (C.Area)


Net - delay_400ns._intsig_a_\[4\]
  delay_400ns.genblk1\[4\].delay_unit  (sky130_mm_sc_hd_dly5ns)  in
[1]  met2:
  PAR:    0.22  Ratio:    0.00       (Area)
  PAR:    1.14  Ratio: 2744.72       (S.Area)
  CAR:    0.45  Ratio:    0.00       (C.Area)
  CAR:    2.30  Ratio:    0.00       (C.S.Area)

[1]  met1:
  PAR:    0.23  Ratio:    0.00       (Area)
  PAR:    1.16  Ratio:  400.00       (S.Area)
  CAR:    0.23  Ratio:    0.00       (C.Area)
  CAR:    1.17  Ratio:    0.00       (C.S.Area)

[1]  li1:
  PAR:    0.00  Ratio:    0.00       (Area)
  PAR:    0.00  Ratio:   75.00       (S.Area)
  CAR:    0.00  Ratio:    0.00       (C.Area)
  CAR:    0.00  Ratio:    0.00       (C.S.Area)

[1]  M1M2_PR:
  PAR:    0.00  Ratio:    6.00       (Area)
  CAR:    0.01  Ratio:    0.00       (C.Area)

[1]  L1M1_PR_MR:
  PAR:    0.01  Ratio:    3.00       (Area)
  CAR:    0.01  Ratio:    0.00       (C.Area)


Net - delay_400ns._intsig_a_\[50\]
  delay_400ns.genblk1\[50\].delay_unit  (sky130_mm_sc_hd_dly5ns)  in
[1]  met2:
  PAR:    0.23  Ratio:    0.00       (Area)
  PAR:    1.19  Ratio: 2744.72       (S.Area)
  CAR:    0.37  Ratio:    0.00       (C.Area)
  CAR:    1.89  Ratio:    0.00       (C.S.Area)

[1]  met1:
  PAR:    0.14  Ratio:    0.00       (Area)
  PAR:    0.70  Ratio:  400.00       (S.Area)
  CAR:    0.14  Ratio:    0.00       (C.Area)
  CAR:    0.70  Ratio:    0.00       (C.S.Area)

[1]  li1:
  PAR:    0.00  Ratio:    0.00       (Area)
  PAR:    0.00  Ratio:   75.00       (S.Area)
  CAR:    0.00  Ratio:    0.00       (C.Area)
  CAR:    0.00  Ratio:    0.00       (C.S.Area)

[1]  M1M2_PR:
  PAR:    0.00  Ratio:    6.00       (Area)
  CAR:    0.01  Ratio:    0.00       (C.Area)

[1]  L1M1_PR_MR:
  PAR:    0.01  Ratio:    3.00       (Area)
  CAR:    0.01  Ratio:    0.00       (C.Area)


Net - delay_400ns._intsig_a_\[51\]
  delay_400ns.genblk1\[51\].delay_unit  (sky130_mm_sc_hd_dly5ns)  in
[1]  met2:
  PAR:    0.15  Ratio:    0.00       (Area)
  PAR:    0.78  Ratio: 2744.72       (S.Area)
  CAR:    0.19  Ratio:    0.00       (C.Area)
  CAR:    0.96  Ratio:    0.00       (C.S.Area)

[1]  met1:
  PAR:    0.03  Ratio:    0.00       (Area)
  PAR:    0.17  Ratio:  400.00       (S.Area)
  CAR:    0.03  Ratio:    0.00       (C.Area)
  CAR:    0.18  Ratio:    0.00       (C.S.Area)

[1]  li1:
  PAR:    0.00  Ratio:    0.00       (Area)
  PAR:    0.00  Ratio:   75.00       (S.Area)
  CAR:    0.00  Ratio:    0.00       (C.Area)
  CAR:    0.00  Ratio:    0.00       (C.S.Area)

[1]  M1M2_PR:
  PAR:    0.00  Ratio:    6.00       (Area)
  CAR:    0.01  Ratio:    0.00       (C.Area)

[1]  L1M1_PR_MR:
  PAR:    0.01  Ratio:    3.00       (Area)
  CAR:    0.01  Ratio:    0.00       (C.Area)


Net - delay_400ns._intsig_a_\[52\]
  delay_400ns.genblk1\[52\].delay_unit  (sky130_mm_sc_hd_dly5ns)  in
[1]  met2:
  PAR:    0.59  Ratio:    0.00       (Area)
  PAR:    3.00  Ratio: 2744.72       (S.Area)
  CAR:    0.60  Ratio:    0.00       (C.Area)
  CAR:    3.02  Ratio:    0.00       (C.S.Area)

[1]  met1:
  PAR:    0.00  Ratio:    0.00       (Area)
  PAR:    0.02  Ratio:  400.00       (S.Area)
  CAR:    0.01  Ratio:    0.00       (C.Area)
  CAR:    0.02  Ratio:    0.00       (C.S.Area)

[1]  li1:
  PAR:    0.00  Ratio:    0.00       (Area)
  PAR:    0.00  Ratio:   75.00       (S.Area)
  CAR:    0.00  Ratio:    0.00       (C.Area)
  CAR:    0.00  Ratio:    0.00       (C.S.Area)

[1]  M1M2_PR:
  PAR:    0.00  Ratio:    6.00       (Area)
  CAR:    0.01  Ratio:    0.00       (C.Area)

[1]  L1M1_PR_MR:
  PAR:    0.01  Ratio:    3.00       (Area)
  CAR:    0.01  Ratio:    0.00       (C.Area)


Net - delay_400ns._intsig_a_\[53\]
  delay_400ns.genblk1\[53\].delay_unit  (sky130_mm_sc_hd_dly5ns)  in
[1]  met2:
  PAR:    0.60  Ratio:    0.00       (Area)
  PAR:    3.06  Ratio: 2744.72       (S.Area)
  CAR:    0.61  Ratio:    0.00       (C.Area)
  CAR:    3.08  Ratio:    0.00       (C.S.Area)

[1]  met1:
  PAR:    0.00  Ratio:    0.00       (Area)
  PAR:    0.02  Ratio:  400.00       (S.Area)
  CAR:    0.01  Ratio:    0.00       (C.Area)
  CAR:    0.02  Ratio:    0.00       (C.S.Area)

[1]  li1:
  PAR:    0.00  Ratio:    0.00       (Area)
  PAR:    0.00  Ratio:   75.00       (S.Area)
  CAR:    0.00  Ratio:    0.00       (C.Area)
  CAR:    0.00  Ratio:    0.00       (C.S.Area)

[1]  M1M2_PR:
  PAR:    0.00  Ratio:    6.00       (Area)
  CAR:    0.01  Ratio:    0.00       (C.Area)

[1]  L1M1_PR_MR:
  PAR:    0.01  Ratio:    3.00       (Area)
  CAR:    0.01  Ratio:    0.00       (C.Area)


Net - delay_400ns._intsig_a_\[54\]
  delay_400ns.genblk1\[54\].delay_unit  (sky130_mm_sc_hd_dly5ns)  in
[1]  met2:
  PAR:    0.45  Ratio:    0.00       (Area)
  PAR:    2.51  Ratio: 2744.72       (S.Area)
  CAR:    0.46  Ratio:    0.00       (C.Area)
  CAR:    2.54  Ratio:    0.00       (C.S.Area)

[1]  met1:
  PAR:    0.00  Ratio:    0.00       (Area)
  PAR:    0.02  Ratio:  400.00       (S.Area)
  CAR:    0.01  Ratio:    0.00       (C.Area)
  CAR:    0.02  Ratio:    0.00       (C.S.Area)

[1]  li1:
  PAR:    0.00  Ratio:    0.00       (Area)
  PAR:    0.00  Ratio:   75.00       (S.Area)
  CAR:    0.00  Ratio:    0.00       (C.Area)
  CAR:    0.00  Ratio:    0.00       (C.S.Area)

[1]  M1M2_PR:
  PAR:    0.00  Ratio:    6.00       (Area)
  CAR:    0.01  Ratio:    0.00       (C.Area)

[1]  L1M1_PR_MR:
  PAR:    0.01  Ratio:    3.00       (Area)
  CAR:    0.01  Ratio:    0.00       (C.Area)


Net - delay_400ns._intsig_a_\[55\]
  delay_400ns.genblk1\[55\].delay_unit  (sky130_mm_sc_hd_dly5ns)  in
[1]  met2:
  PAR:    0.22  Ratio:    0.00       (Area)
  PAR:    1.10  Ratio: 2744.72       (S.Area)
  CAR:    0.22  Ratio:    0.00       (C.Area)
  CAR:    1.12  Ratio:    0.00       (C.S.Area)

[1]  met1:
  PAR:    0.00  Ratio:    0.00       (Area)
  PAR:    0.02  Ratio:  400.00       (S.Area)
  CAR:    0.01  Ratio:    0.00       (C.Area)
  CAR:    0.02  Ratio:    0.00       (C.S.Area)

[1]  li1:
  PAR:    0.00  Ratio:    0.00       (Area)
  PAR:    0.00  Ratio:   75.00       (S.Area)
  CAR:    0.00  Ratio:    0.00       (C.Area)
  CAR:    0.00  Ratio:    0.00       (C.S.Area)

[1]  M1M2_PR:
  PAR:    0.00  Ratio:    6.00       (Area)
  CAR:    0.01  Ratio:    0.00       (C.Area)

[1]  L1M1_PR_MR:
  PAR:    0.01  Ratio:    3.00       (Area)
  CAR:    0.01  Ratio:    0.00       (C.Area)


Net - delay_400ns._intsig_a_\[56\]
  delay_400ns.genblk1\[56\].delay_unit  (sky130_mm_sc_hd_dly5ns)  in
[1]  met2:
  PAR:    1.08  Ratio:    0.00       (Area)
  PAR:    5.58  Ratio: 2744.72       (S.Area)
  CAR:    1.17  Ratio:    0.00       (C.Area)
  CAR:    6.02  Ratio:    0.00       (C.S.Area)

[1]  met1:
  PAR:    0.08  Ratio:    0.00       (Area)
  PAR:    0.44  Ratio:  400.00       (S.Area)
  CAR:    0.09  Ratio:    0.00       (C.Area)
  CAR:    0.44  Ratio:    0.00       (C.S.Area)

[1]  li1:
  PAR:    0.00  Ratio:    0.00       (Area)
  PAR:    0.00  Ratio:   75.00       (S.Area)
  CAR:    0.00  Ratio:    0.00       (C.Area)
  CAR:    0.00  Ratio:    0.00       (C.S.Area)

[1]  M1M2_PR:
  PAR:    0.00  Ratio:    6.00       (Area)
  CAR:    0.01  Ratio:    0.00       (C.Area)

[1]  L1M1_PR_MR:
  PAR:    0.01  Ratio:    3.00       (Area)
  CAR:    0.01  Ratio:    0.00       (C.Area)


Net - delay_400ns._intsig_a_\[57\]
  delay_400ns.genblk1\[57\].delay_unit  (sky130_mm_sc_hd_dly5ns)  in
[1]  met2:
  PAR:    0.07  Ratio:    0.00       (Area)
  PAR:    0.37  Ratio: 2744.72       (S.Area)
  CAR:    0.10  Ratio:    0.00       (C.Area)
  CAR:    0.53  Ratio:    0.00       (C.S.Area)

[1]  met1:
  PAR:    0.02  Ratio:    0.00       (Area)
  PAR:    0.15  Ratio:  400.00       (S.Area)
  CAR:    0.03  Ratio:    0.00       (C.Area)
  CAR:    0.16  Ratio:    0.00       (C.S.Area)

[1]  li1:
  PAR:    0.00  Ratio:    0.00       (Area)
  PAR:    0.00  Ratio:   75.00       (S.Area)
  CAR:    0.00  Ratio:    0.00       (C.Area)
  CAR:    0.00  Ratio:    0.00       (C.S.Area)

[1]  M1M2_PR:
  PAR:    0.00  Ratio:    6.00       (Area)
  CAR:    0.01  Ratio:    0.00       (C.Area)

[1]  L1M1_PR_MR:
  PAR:    0.01  Ratio:    3.00       (Area)
  CAR:    0.01  Ratio:    0.00       (C.Area)


Net - delay_400ns._intsig_a_\[58\]
  delay_400ns.genblk1\[58\].delay_unit  (sky130_mm_sc_hd_dly5ns)  in
[1]  met2:
  PAR:    0.23  Ratio:    0.00       (Area)
  PAR:    1.14  Ratio: 2744.72       (S.Area)
  CAR:    0.37  Ratio:    0.00       (C.Area)
  CAR:    1.94  Ratio:    0.00       (C.S.Area)

[1]  met1:
  PAR:    0.15  Ratio:    0.00       (Area)
  PAR:    0.79  Ratio:  400.00       (S.Area)
  CAR:    0.15  Ratio:    0.00       (C.Area)
  CAR:    0.79  Ratio:    0.00       (C.S.Area)

[1]  li1:
  PAR:    0.00  Ratio:    0.00       (Area)
  PAR:    0.00  Ratio:   75.00       (S.Area)
  CAR:    0.00  Ratio:    0.00       (C.Area)
  CAR:    0.00  Ratio:    0.00       (C.S.Area)

[1]  M1M2_PR:
  PAR:    0.00  Ratio:    6.00       (Area)
  CAR:    0.01  Ratio:    0.00       (C.Area)

[1]  L1M1_PR_MR:
  PAR:    0.01  Ratio:    3.00       (Area)
  CAR:    0.01  Ratio:    0.00       (C.Area)


Net - delay_400ns._intsig_a_\[59\]
  delay_400ns.genblk1\[59\].delay_unit  (sky130_mm_sc_hd_dly5ns)  in
[1]  met2:
  PAR:    0.32  Ratio:    0.00       (Area)
  PAR:    1.79  Ratio: 2744.72       (S.Area)
  CAR:    0.38  Ratio:    0.00       (C.Area)
  CAR:    2.09  Ratio:    0.00       (C.S.Area)

[1]  met1:
  PAR:    0.06  Ratio:    0.00       (Area)
  PAR:    0.30  Ratio:  400.00       (S.Area)
  CAR:    0.06  Ratio:    0.00       (C.Area)
  CAR:    0.31  Ratio:    0.00       (C.S.Area)

[1]  li1:
  PAR:    0.00  Ratio:    0.00       (Area)
  PAR:    0.00  Ratio:   75.00       (S.Area)
  CAR:    0.00  Ratio:    0.00       (C.Area)
  CAR:    0.00  Ratio:    0.00       (C.S.Area)

[1]  M1M2_PR:
  PAR:    0.00  Ratio:    6.00       (Area)
  CAR:    0.01  Ratio:    0.00       (C.Area)

[1]  L1M1_PR_MR:
  PAR:    0.01  Ratio:    3.00       (Area)
  CAR:    0.01  Ratio:    0.00       (C.Area)


Net - delay_400ns._intsig_a_\[5\]
  delay_400ns.genblk1\[5\].delay_unit  (sky130_mm_sc_hd_dly5ns)  in
[1]  met2:
  PAR:    0.43  Ratio:    0.00       (Area)
  PAR:    2.18  Ratio: 2744.72       (S.Area)
  CAR:    0.59  Ratio:    0.00       (C.Area)
  CAR:    3.02  Ratio:    0.00       (C.S.Area)

[1]  met1:
  PAR:    0.16  Ratio:    0.00       (Area)
  PAR:    0.83  Ratio:  400.00       (S.Area)
  CAR:    0.17  Ratio:    0.00       (C.Area)
  CAR:    0.84  Ratio:    0.00       (C.S.Area)

[1]  li1:
  PAR:    0.00  Ratio:    0.00       (Area)
  PAR:    0.00  Ratio:   75.00       (S.Area)
  CAR:    0.00  Ratio:    0.00       (C.Area)
  CAR:    0.00  Ratio:    0.00       (C.S.Area)

[1]  M1M2_PR:
  PAR:    0.00  Ratio:    6.00       (Area)
  CAR:    0.01  Ratio:    0.00       (C.Area)

[1]  L1M1_PR_MR:
  PAR:    0.01  Ratio:    3.00       (Area)
  CAR:    0.01  Ratio:    0.00       (C.Area)


Net - delay_400ns._intsig_a_\[60\]
  delay_400ns.genblk1\[60\].delay_unit  (sky130_mm_sc_hd_dly5ns)  in
[1]  met2:
  PAR:    0.22  Ratio:    0.00       (Area)
  PAR:    1.10  Ratio: 2744.72       (S.Area)
  CAR:    0.35  Ratio:    0.00       (C.Area)
  CAR:    1.80  Ratio:    0.00       (C.S.Area)

[1]  met1:
  PAR:    0.14  Ratio:    0.00       (Area)
  PAR:    0.70  Ratio:  400.00       (S.Area)
  CAR:    0.14  Ratio:    0.00       (C.Area)
  CAR:    0.70  Ratio:    0.00       (C.S.Area)

[1]  li1:
  PAR:    0.00  Ratio:    0.00       (Area)
  PAR:    0.00  Ratio:   75.00       (S.Area)
  CAR:    0.00  Ratio:    0.00       (C.Area)
  CAR:    0.00  Ratio:    0.00       (C.S.Area)

[1]  M1M2_PR:
  PAR:    0.00  Ratio:    6.00       (Area)
  CAR:    0.01  Ratio:    0.00       (C.Area)

[1]  L1M1_PR_MR:
  PAR:    0.01  Ratio:    3.00       (Area)
  CAR:    0.01  Ratio:    0.00       (C.Area)


Net - delay_400ns._intsig_a_\[61\]
  delay_400ns.genblk1\[61\].delay_unit  (sky130_mm_sc_hd_dly5ns)  in
[1]  met4:
  PAR:    0.62  Ratio:    0.00       (Area)
  PAR:    3.48  Ratio: 2744.72       (S.Area)
  CAR:    0.94  Ratio:    0.00       (C.Area)
  CAR:    5.29  Ratio:    0.00       (C.S.Area)

[1]  met3:
  PAR:    0.19  Ratio:    0.00       (Area)
  PAR:    1.09  Ratio:  400.00       (S.Area)
  CAR:    0.32  Ratio:    0.00       (C.Area)
  CAR:    1.81  Ratio:    0.00       (C.S.Area)

[1]  met2:
  PAR:    0.12  Ratio:    0.00       (Area)
  PAR:    0.70  Ratio:  400.00       (S.Area)
  CAR:    0.13  Ratio:    0.00       (C.Area)
  CAR:    0.72  Ratio:    0.00       (C.S.Area)

[1]  met1:
  PAR:    0.00  Ratio:    0.00       (Area)
  PAR:    0.02  Ratio:  400.00       (S.Area)
  CAR:    0.01  Ratio:    0.00       (C.Area)
  CAR:    0.02  Ratio:    0.00       (C.S.Area)

[1]  li1:
  PAR:    0.00  Ratio:    0.00       (Area)
  PAR:    0.00  Ratio:   75.00       (S.Area)
  CAR:    0.00  Ratio:    0.00       (C.Area)
  CAR:    0.00  Ratio:    0.00       (C.S.Area)

[1]  M3M4_PR:
  PAR:    0.01  Ratio:    6.00       (Area)
  CAR:    0.03  Ratio:    0.00       (C.Area)

[1]  M2M3_PR:
  PAR:    0.01  Ratio:    6.00       (Area)
  CAR:    0.02  Ratio:    0.00       (C.Area)

[1]  M1M2_PR:
  PAR:    0.00  Ratio:    6.00       (Area)
  CAR:    0.01  Ratio:    0.00       (C.Area)

[1]  L1M1_PR_MR:
  PAR:    0.01  Ratio:    3.00       (Area)
  CAR:    0.01  Ratio:    0.00       (C.Area)


Net - delay_400ns._intsig_a_\[62\]
  delay_400ns.genblk1\[62\].delay_unit  (sky130_mm_sc_hd_dly5ns)  in
[1]  met2:
  PAR:    0.30  Ratio:    0.00       (Area)
  PAR:    1.51  Ratio: 2744.72       (S.Area)
  CAR:    0.33  Ratio:    0.00       (C.Area)
  CAR:    1.68  Ratio:    0.00       (C.S.Area)

[1]  met1:
  PAR:    0.03  Ratio:    0.00       (Area)
  PAR:    0.17  Ratio:  400.00       (S.Area)
  CAR:    0.03  Ratio:    0.00       (C.Area)
  CAR:    0.18  Ratio:    0.00       (C.S.Area)

[1]  li1:
  PAR:    0.00  Ratio:    0.00       (Area)
  PAR:    0.00  Ratio:   75.00       (S.Area)
  CAR:    0.00  Ratio:    0.00       (C.Area)
  CAR:    0.00  Ratio:    0.00       (C.S.Area)

[1]  M1M2_PR:
  PAR:    0.00  Ratio:    6.00       (Area)
  CAR:    0.01  Ratio:    0.00       (C.Area)

[1]  L1M1_PR_MR:
  PAR:    0.01  Ratio:    3.00       (Area)
  CAR:    0.01  Ratio:    0.00       (C.Area)


Net - delay_400ns._intsig_a_\[63\]
  delay_400ns.genblk1\[63\].delay_unit  (sky130_mm_sc_hd_dly5ns)  in
[1]  met2:
  PAR:    0.09  Ratio:    0.00       (Area)
  PAR:    0.46  Ratio: 2744.72       (S.Area)
  CAR:    0.10  Ratio:    0.00       (C.Area)
  CAR:    0.49  Ratio:    0.00       (C.S.Area)

[1]  met1:
  PAR:    0.00  Ratio:    0.00       (Area)
  PAR:    0.02  Ratio:  400.00       (S.Area)
  CAR:    0.01  Ratio:    0.00       (C.Area)
  CAR:    0.02  Ratio:    0.00       (C.S.Area)

[1]  li1:
  PAR:    0.00  Ratio:    0.00       (Area)
  PAR:    0.00  Ratio:   75.00       (S.Area)
  CAR:    0.00  Ratio:    0.00       (C.Area)
  CAR:    0.00  Ratio:    0.00       (C.S.Area)

[1]  M1M2_PR:
  PAR:    0.00  Ratio:    6.00       (Area)
  CAR:    0.01  Ratio:    0.00       (C.Area)

[1]  L1M1_PR_MR:
  PAR:    0.01  Ratio:    3.00       (Area)
  CAR:    0.01  Ratio:    0.00       (C.Area)


Net - delay_400ns._intsig_a_\[64\]
  delay_400ns.genblk1\[64\].delay_unit  (sky130_mm_sc_hd_dly5ns)  in
[1]  met2:
  PAR:    0.15  Ratio:    0.00       (Area)
  PAR:    0.78  Ratio: 2744.72       (S.Area)
  CAR:    0.19  Ratio:    0.00       (C.Area)
  CAR:    0.96  Ratio:    0.00       (C.S.Area)

[1]  met1:
  PAR:    0.03  Ratio:    0.00       (Area)
  PAR:    0.17  Ratio:  400.00       (S.Area)
  CAR:    0.03  Ratio:    0.00       (C.Area)
  CAR:    0.18  Ratio:    0.00       (C.S.Area)

[1]  li1:
  PAR:    0.00  Ratio:    0.00       (Area)
  PAR:    0.00  Ratio:   75.00       (S.Area)
  CAR:    0.00  Ratio:    0.00       (C.Area)
  CAR:    0.00  Ratio:    0.00       (C.S.Area)

[1]  M1M2_PR:
  PAR:    0.00  Ratio:    6.00       (Area)
  CAR:    0.01  Ratio:    0.00       (C.Area)

[1]  L1M1_PR_MR:
  PAR:    0.01  Ratio:    3.00       (Area)
  CAR:    0.01  Ratio:    0.00       (C.Area)


Net - delay_400ns._intsig_a_\[65\]
  delay_400ns.genblk1\[65\].delay_unit  (sky130_mm_sc_hd_dly5ns)  in
[1]  met2:
  PAR:    0.38  Ratio:    0.00       (Area)
  PAR:    1.92  Ratio: 2744.72       (S.Area)
  CAR:    0.44  Ratio:    0.00       (C.Area)
  CAR:    2.22  Ratio:    0.00       (C.S.Area)

[1]  met1:
  PAR:    0.06  Ratio:    0.00       (Area)
  PAR:    0.30  Ratio:  400.00       (S.Area)
  CAR:    0.06  Ratio:    0.00       (C.Area)
  CAR:    0.31  Ratio:    0.00       (C.S.Area)

[1]  li1:
  PAR:    0.00  Ratio:    0.00       (Area)
  PAR:    0.00  Ratio:   75.00       (S.Area)
  CAR:    0.00  Ratio:    0.00       (C.Area)
  CAR:    0.00  Ratio:    0.00       (C.S.Area)

[1]  M1M2_PR:
  PAR:    0.00  Ratio:    6.00       (Area)
  CAR:    0.01  Ratio:    0.00       (C.Area)

[1]  L1M1_PR_MR:
  PAR:    0.01  Ratio:    3.00       (Area)
  CAR:    0.01  Ratio:    0.00       (C.Area)


Net - delay_400ns._intsig_a_\[66\]
  delay_400ns.genblk1\[66\].delay_unit  (sky130_mm_sc_hd_dly5ns)  in
[1]  met2:
  PAR:    0.59  Ratio:    0.00       (Area)
  PAR:    2.96  Ratio: 2744.72       (S.Area)
  CAR:    0.65  Ratio:    0.00       (C.Area)
  CAR:    3.27  Ratio:    0.00       (C.S.Area)

[1]  met1:
  PAR:    0.06  Ratio:    0.00       (Area)
  PAR:    0.30  Ratio:  400.00       (S.Area)
  CAR:    0.06  Ratio:    0.00       (C.Area)
  CAR:    0.31  Ratio:    0.00       (C.S.Area)

[1]  li1:
  PAR:    0.00  Ratio:    0.00       (Area)
  PAR:    0.00  Ratio:   75.00       (S.Area)
  CAR:    0.00  Ratio:    0.00       (C.Area)
  CAR:    0.00  Ratio:    0.00       (C.S.Area)

[1]  M1M2_PR:
  PAR:    0.00  Ratio:    6.00       (Area)
  CAR:    0.01  Ratio:    0.00       (C.Area)

[1]  L1M1_PR_MR:
  PAR:    0.01  Ratio:    3.00       (Area)
  CAR:    0.01  Ratio:    0.00       (C.Area)


Net - delay_400ns._intsig_a_\[67\]
  delay_400ns.genblk1\[67\].delay_unit  (sky130_mm_sc_hd_dly5ns)  in
[1]  met2:
  PAR:    0.65  Ratio:    0.00       (Area)
  PAR:    3.28  Ratio: 2744.72       (S.Area)
  CAR:    0.72  Ratio:    0.00       (C.Area)
  CAR:    3.65  Ratio:    0.00       (C.S.Area)

[1]  met1:
  PAR:    0.07  Ratio:    0.00       (Area)
  PAR:    0.37  Ratio:  400.00       (S.Area)
  CAR:    0.07  Ratio:    0.00       (C.Area)
  CAR:    0.37  Ratio:    0.00       (C.S.Area)

[1]  li1:
  PAR:    0.00  Ratio:    0.00       (Area)
  PAR:    0.00  Ratio:   75.00       (S.Area)
  CAR:    0.00  Ratio:    0.00       (C.Area)
  CAR:    0.00  Ratio:    0.00       (C.S.Area)

[1]  M1M2_PR:
  PAR:    0.00  Ratio:    6.00       (Area)
  CAR:    0.01  Ratio:    0.00       (C.Area)

[1]  L1M1_PR_MR:
  PAR:    0.01  Ratio:    3.00       (Area)
  CAR:    0.01  Ratio:    0.00       (C.Area)


Net - delay_400ns._intsig_a_\[68\]
  delay_400ns.genblk1\[68\].delay_unit  (sky130_mm_sc_hd_dly5ns)  in
[1]  met2:
  PAR:    0.78  Ratio:    0.00       (Area)
  PAR:    4.04  Ratio: 2744.72       (S.Area)
  CAR:    0.79  Ratio:    0.00       (C.Area)
  CAR:    4.07  Ratio:    0.00       (C.S.Area)

[1]  met1:
  PAR:    0.00  Ratio:    0.00       (Area)
  PAR:    0.02  Ratio:  400.00       (S.Area)
  CAR:    0.01  Ratio:    0.00       (C.Area)
  CAR:    0.02  Ratio:    0.00       (C.S.Area)

[1]  li1:
  PAR:    0.00  Ratio:    0.00       (Area)
  PAR:    0.00  Ratio:   75.00       (S.Area)
  CAR:    0.00  Ratio:    0.00       (C.Area)
  CAR:    0.00  Ratio:    0.00       (C.S.Area)

[1]  M1M2_PR:
  PAR:    0.00  Ratio:    6.00       (Area)
  CAR:    0.01  Ratio:    0.00       (C.Area)

[1]  L1M1_PR_MR:
  PAR:    0.01  Ratio:    3.00       (Area)
  CAR:    0.01  Ratio:    0.00       (C.Area)


Net - delay_400ns._intsig_a_\[69\]
  delay_400ns.genblk1\[69\].delay_unit  (sky130_mm_sc_hd_dly5ns)  in
[1]  met2:
  PAR:    0.28  Ratio:    0.00       (Area)
  PAR:    1.49  Ratio: 2744.72       (S.Area)
  CAR:    0.29  Ratio:    0.00       (C.Area)
  CAR:    1.52  Ratio:    0.00       (C.S.Area)

[1]  met1:
  PAR:    0.00  Ratio:    0.00       (Area)
  PAR:    0.02  Ratio:  400.00       (S.Area)
  CAR:    0.01  Ratio:    0.00       (C.Area)
  CAR:    0.02  Ratio:    0.00       (C.S.Area)

[1]  li1:
  PAR:    0.00  Ratio:    0.00       (Area)
  PAR:    0.00  Ratio:   75.00       (S.Area)
  CAR:    0.00  Ratio:    0.00       (C.Area)
  CAR:    0.00  Ratio:    0.00       (C.S.Area)

[1]  M1M2_PR:
  PAR:    0.00  Ratio:    6.00       (Area)
  CAR:    0.01  Ratio:    0.00       (C.Area)

[1]  L1M1_PR_MR:
  PAR:    0.01  Ratio:    3.00       (Area)
  CAR:    0.01  Ratio:    0.00       (C.Area)


Net - delay_400ns._intsig_a_\[6\]
  delay_400ns.genblk1\[6\].delay_unit  (sky130_mm_sc_hd_dly5ns)  in
[1]  met2:
  PAR:    0.25  Ratio:    0.00       (Area)
  PAR:    1.27  Ratio: 2744.72       (S.Area)
  CAR:    0.27  Ratio:    0.00       (C.Area)
  CAR:    1.38  Ratio:    0.00       (C.S.Area)

[1]  met1:
  PAR:    0.02  Ratio:    0.00       (Area)
  PAR:    0.11  Ratio:  400.00       (S.Area)
  CAR:    0.02  Ratio:    0.00       (C.Area)
  CAR:    0.11  Ratio:    0.00       (C.S.Area)

[1]  li1:
  PAR:    0.00  Ratio:    0.00       (Area)
  PAR:    0.00  Ratio:   75.00       (S.Area)
  CAR:    0.00  Ratio:    0.00       (C.Area)
  CAR:    0.00  Ratio:    0.00       (C.S.Area)

[1]  M1M2_PR:
  PAR:    0.00  Ratio:    6.00       (Area)
  CAR:    0.01  Ratio:    0.00       (C.Area)

[1]  L1M1_PR_MR:
  PAR:    0.01  Ratio:    3.00       (Area)
  CAR:    0.01  Ratio:    0.00       (C.Area)


Net - delay_400ns._intsig_a_\[70\]
  delay_400ns.genblk1\[70\].delay_unit  (sky130_mm_sc_hd_dly5ns)  in
[1]  met2:
  PAR:    0.20  Ratio:    0.00       (Area)
  PAR:    1.06  Ratio: 2744.72       (S.Area)
  CAR:    0.26  Ratio:    0.00       (C.Area)
  CAR:    1.37  Ratio:    0.00       (C.S.Area)

[1]  met1:
  PAR:    0.06  Ratio:    0.00       (Area)
  PAR:    0.30  Ratio:  400.00       (S.Area)
  CAR:    0.06  Ratio:    0.00       (C.Area)
  CAR:    0.31  Ratio:    0.00       (C.S.Area)

[1]  li1:
  PAR:    0.00  Ratio:    0.00       (Area)
  PAR:    0.00  Ratio:   75.00       (S.Area)
  CAR:    0.00  Ratio:    0.00       (C.Area)
  CAR:    0.00  Ratio:    0.00       (C.S.Area)

[1]  M1M2_PR:
  PAR:    0.00  Ratio:    6.00       (Area)
  CAR:    0.01  Ratio:    0.00       (C.Area)

[1]  L1M1_PR_MR:
  PAR:    0.01  Ratio:    3.00       (Area)
  CAR:    0.01  Ratio:    0.00       (C.Area)


Net - delay_400ns._intsig_a_\[71\]
  delay_400ns.genblk1\[71\].delay_unit  (sky130_mm_sc_hd_dly5ns)  in
[1]  met2:
  PAR:    0.49  Ratio:    0.00       (Area)
  PAR:    2.63  Ratio: 2744.72       (S.Area)
  CAR:    0.50  Ratio:    0.00       (C.Area)
  CAR:    2.65  Ratio:    0.00       (C.S.Area)

[1]  met1:
  PAR:    0.00  Ratio:    0.00       (Area)
  PAR:    0.02  Ratio:  400.00       (S.Area)
  CAR:    0.01  Ratio:    0.00       (C.Area)
  CAR:    0.02  Ratio:    0.00       (C.S.Area)

[1]  li1:
  PAR:    0.00  Ratio:    0.00       (Area)
  PAR:    0.00  Ratio:   75.00       (S.Area)
  CAR:    0.00  Ratio:    0.00       (C.Area)
  CAR:    0.00  Ratio:    0.00       (C.S.Area)

[1]  M1M2_PR:
  PAR:    0.00  Ratio:    6.00       (Area)
  CAR:    0.01  Ratio:    0.00       (C.Area)

[1]  L1M1_PR_MR:
  PAR:    0.01  Ratio:    3.00       (Area)
  CAR:    0.01  Ratio:    0.00       (C.Area)


Net - delay_400ns._intsig_a_\[72\]
  delay_400ns.genblk1\[72\].delay_unit  (sky130_mm_sc_hd_dly5ns)  in
[1]  met2:
  PAR:    0.25  Ratio:    0.00       (Area)
  PAR:    1.30  Ratio: 2744.72       (S.Area)
  CAR:    0.33  Ratio:    0.00       (C.Area)
  CAR:    1.74  Ratio:    0.00       (C.S.Area)

[1]  met1:
  PAR:    0.08  Ratio:    0.00       (Area)
  PAR:    0.44  Ratio:  400.00       (S.Area)
  CAR:    0.08  Ratio:    0.00       (C.Area)
  CAR:    0.44  Ratio:    0.00       (C.S.Area)

[1]  li1:
  PAR:    0.00  Ratio:    0.00       (Area)
  PAR:    0.00  Ratio:   75.00       (S.Area)
  CAR:    0.00  Ratio:    0.00       (C.Area)
  CAR:    0.00  Ratio:    0.00       (C.S.Area)

[1]  M1M2_PR:
  PAR:    0.00  Ratio:    6.00       (Area)
  CAR:    0.01  Ratio:    0.00       (C.Area)

[1]  L1M1_PR_MR:
  PAR:    0.01  Ratio:    3.00       (Area)
  CAR:    0.01  Ratio:    0.00       (C.Area)


Net - delay_400ns._intsig_a_\[73\]
  delay_400ns.genblk1\[73\].delay_unit  (sky130_mm_sc_hd_dly5ns)  in
[1]  met2:
  PAR:    0.11  Ratio:    0.00       (Area)
  PAR:    0.62  Ratio: 2744.72       (S.Area)
  CAR:    0.21  Ratio:    0.00       (C.Area)
  CAR:    1.15  Ratio:    0.00       (C.S.Area)

[1]  met1:
  PAR:    0.10  Ratio:    0.00       (Area)
  PAR:    0.53  Ratio:  400.00       (S.Area)
  CAR:    0.10  Ratio:    0.00       (C.Area)
  CAR:    0.53  Ratio:    0.00       (C.S.Area)

[1]  li1:
  PAR:    0.00  Ratio:    0.00       (Area)
  PAR:    0.00  Ratio:   75.00       (S.Area)
  CAR:    0.00  Ratio:    0.00       (C.Area)
  CAR:    0.00  Ratio:    0.00       (C.S.Area)

[1]  M1M2_PR:
  PAR:    0.00  Ratio:    6.00       (Area)
  CAR:    0.01  Ratio:    0.00       (C.Area)

[1]  L1M1_PR_MR:
  PAR:    0.01  Ratio:    3.00       (Area)
  CAR:    0.01  Ratio:    0.00       (C.Area)


Net - delay_400ns._intsig_a_\[74\]
  delay_400ns.genblk1\[74\].delay_unit  (sky130_mm_sc_hd_dly5ns)  in
[1]  met2:
  PAR:    0.30  Ratio:    0.00       (Area)
  PAR:    1.51  Ratio: 2744.72       (S.Area)
  CAR:    0.33  Ratio:    0.00       (C.Area)
  CAR:    1.68  Ratio:    0.00       (C.S.Area)

[1]  met1:
  PAR:    0.03  Ratio:    0.00       (Area)
  PAR:    0.17  Ratio:  400.00       (S.Area)
  CAR:    0.03  Ratio:    0.00       (C.Area)
  CAR:    0.18  Ratio:    0.00       (C.S.Area)

[1]  li1:
  PAR:    0.00  Ratio:    0.00       (Area)
  PAR:    0.00  Ratio:   75.00       (S.Area)
  CAR:    0.00  Ratio:    0.00       (C.Area)
  CAR:    0.00  Ratio:    0.00       (C.S.Area)

[1]  M1M2_PR:
  PAR:    0.00  Ratio:    6.00       (Area)
  CAR:    0.01  Ratio:    0.00       (C.Area)

[1]  L1M1_PR_MR:
  PAR:    0.01  Ratio:    3.00       (Area)
  CAR:    0.01  Ratio:    0.00       (C.Area)


Net - delay_400ns._intsig_a_\[75\]
  delay_400ns.genblk1\[75\].delay_unit  (sky130_mm_sc_hd_dly5ns)  in
[1]  met2:
  PAR:    0.41  Ratio:    0.00       (Area)
  PAR:    2.18  Ratio: 2744.72       (S.Area)
  CAR:    0.45  Ratio:    0.00       (C.Area)
  CAR:    2.36  Ratio:    0.00       (C.S.Area)

[1]  met1:
  PAR:    0.03  Ratio:    0.00       (Area)
  PAR:    0.17  Ratio:  400.00       (S.Area)
  CAR:    0.03  Ratio:    0.00       (C.Area)
  CAR:    0.18  Ratio:    0.00       (C.S.Area)

[1]  li1:
  PAR:    0.00  Ratio:    0.00       (Area)
  PAR:    0.00  Ratio:   75.00       (S.Area)
  CAR:    0.00  Ratio:    0.00       (C.Area)
  CAR:    0.00  Ratio:    0.00       (C.S.Area)

[1]  M1M2_PR:
  PAR:    0.00  Ratio:    6.00       (Area)
  CAR:    0.01  Ratio:    0.00       (C.Area)

[1]  L1M1_PR_MR:
  PAR:    0.01  Ratio:    3.00       (Area)
  CAR:    0.01  Ratio:    0.00       (C.Area)


Net - delay_400ns._intsig_a_\[76\]
  delay_400ns.genblk1\[76\].delay_unit  (sky130_mm_sc_hd_dly5ns)  in
[1]  met2:
  PAR:    0.44  Ratio:    0.00       (Area)
  PAR:    2.23  Ratio: 2744.72       (S.Area)
  CAR:    0.48  Ratio:    0.00       (C.Area)
  CAR:    2.41  Ratio:    0.00       (C.S.Area)

[1]  met1:
  PAR:    0.03  Ratio:    0.00       (Area)
  PAR:    0.17  Ratio:  400.00       (S.Area)
  CAR:    0.03  Ratio:    0.00       (C.Area)
  CAR:    0.18  Ratio:    0.00       (C.S.Area)

[1]  li1:
  PAR:    0.00  Ratio:    0.00       (Area)
  PAR:    0.00  Ratio:   75.00       (S.Area)
  CAR:    0.00  Ratio:    0.00       (C.Area)
  CAR:    0.00  Ratio:    0.00       (C.S.Area)

[1]  M1M2_PR:
  PAR:    0.00  Ratio:    6.00       (Area)
  CAR:    0.01  Ratio:    0.00       (C.Area)

[1]  L1M1_PR_MR:
  PAR:    0.01  Ratio:    3.00       (Area)
  CAR:    0.01  Ratio:    0.00       (C.Area)


Net - delay_400ns._intsig_a_\[77\]
  delay_400ns.genblk1\[77\].delay_unit  (sky130_mm_sc_hd_dly5ns)  in
[1]  met2:
  PAR:    0.25  Ratio:    0.00       (Area)
  PAR:    1.30  Ratio: 2744.72       (S.Area)
  CAR:    0.28  Ratio:    0.00       (C.Area)
  CAR:    1.49  Ratio:    0.00       (C.S.Area)

[1]  met1:
  PAR:    0.03  Ratio:    0.00       (Area)
  PAR:    0.18  Ratio:  400.00       (S.Area)
  CAR:    0.03  Ratio:    0.00       (C.Area)
  CAR:    0.18  Ratio:    0.00       (C.S.Area)

[1]  li1:
  PAR:    0.00  Ratio:    0.00       (Area)
  PAR:    0.00  Ratio:   75.00       (S.Area)
  CAR:    0.00  Ratio:    0.00       (C.Area)
  CAR:    0.00  Ratio:    0.00       (C.S.Area)

[1]  M1M2_PR:
  PAR:    0.00  Ratio:    6.00       (Area)
  CAR:    0.01  Ratio:    0.00       (C.Area)

[1]  L1M1_PR_MR:
  PAR:    0.01  Ratio:    3.00       (Area)
  CAR:    0.01  Ratio:    0.00       (C.Area)


Net - delay_400ns._intsig_a_\[78\]
  delay_400ns.genblk1\[78\].delay_unit  (sky130_mm_sc_hd_dly5ns)  in
[1]  met2:
  PAR:    0.19  Ratio:    0.00       (Area)
  PAR:    1.08  Ratio: 2744.72       (S.Area)
  CAR:    0.24  Ratio:    0.00       (C.Area)
  CAR:    1.40  Ratio:    0.00       (C.S.Area)

[1]  met1:
  PAR:    0.05  Ratio:    0.00       (Area)
  PAR:    0.31  Ratio:  400.00       (S.Area)
  CAR:    0.05  Ratio:    0.00       (C.Area)
  CAR:    0.32  Ratio:    0.00       (C.S.Area)

[1]  li1:
  PAR:    0.00  Ratio:    0.00       (Area)
  PAR:    0.00  Ratio:   75.00       (S.Area)
  CAR:    0.00  Ratio:    0.00       (C.Area)
  CAR:    0.00  Ratio:    0.00       (C.S.Area)

[1]  M1M2_PR:
  PAR:    0.00  Ratio:    6.00       (Area)
  CAR:    0.01  Ratio:    0.00       (C.Area)

[1]  L1M1_PR_MR:
  PAR:    0.01  Ratio:    3.00       (Area)
  CAR:    0.01  Ratio:    0.00       (C.Area)


Net - delay_400ns._intsig_a_\[79\]
  delay_400ns.genblk1\[79\].delay_unit  (sky130_mm_sc_hd_dly5ns)  in
[1]  met2:
  PAR:    0.07  Ratio:    0.00       (Area)
  PAR:    0.37  Ratio: 2744.72       (S.Area)
  CAR:    0.17  Ratio:    0.00       (C.Area)
  CAR:    0.92  Ratio:    0.00       (C.S.Area)

[1]  met1:
  PAR:    0.10  Ratio:    0.00       (Area)
  PAR:    0.54  Ratio:  400.00       (S.Area)
  CAR:    0.10  Ratio:    0.00       (C.Area)
  CAR:    0.55  Ratio:    0.00       (C.S.Area)

[1]  li1:
  PAR:    0.00  Ratio:    0.00       (Area)
  PAR:    0.00  Ratio:   75.00       (S.Area)
  CAR:    0.00  Ratio:    0.00       (C.Area)
  CAR:    0.00  Ratio:    0.00       (C.S.Area)

[1]  M1M2_PR:
  PAR:    0.00  Ratio:    6.00       (Area)
  CAR:    0.01  Ratio:    0.00       (C.Area)

[1]  L1M1_PR_MR:
  PAR:    0.01  Ratio:    3.00       (Area)
  CAR:    0.01  Ratio:    0.00       (C.Area)


Net - delay_400ns._intsig_a_\[7\]
  delay_400ns.genblk1\[7\].delay_unit  (sky130_mm_sc_hd_dly5ns)  in
[1]  met2:
  PAR:    0.27  Ratio:    0.00       (Area)
  PAR:    1.36  Ratio: 2744.72       (S.Area)
  CAR:    0.27  Ratio:    0.00       (C.Area)
  CAR:    1.39  Ratio:    0.00       (C.S.Area)

[1]  met1:
  PAR:    0.00  Ratio:    0.00       (Area)
  PAR:    0.02  Ratio:  400.00       (S.Area)
  CAR:    0.01  Ratio:    0.00       (C.Area)
  CAR:    0.02  Ratio:    0.00       (C.S.Area)

[1]  li1:
  PAR:    0.00  Ratio:    0.00       (Area)
  PAR:    0.00  Ratio:   75.00       (S.Area)
  CAR:    0.00  Ratio:    0.00       (C.Area)
  CAR:    0.00  Ratio:    0.00       (C.S.Area)

[1]  M1M2_PR:
  PAR:    0.00  Ratio:    6.00       (Area)
  CAR:    0.01  Ratio:    0.00       (C.Area)

[1]  L1M1_PR_MR:
  PAR:    0.01  Ratio:    3.00       (Area)
  CAR:    0.01  Ratio:    0.00       (C.Area)


Net - delay_400ns._intsig_a_\[80\]
  delay_400ns.genblk1\[80\].delay_unit  (sky130_mm_sc_hd_dly5ns)  in
[1]  met2:
  PAR:    0.18  Ratio:    0.00       (Area)
  PAR:    0.92  Ratio: 2744.72       (S.Area)
  CAR:    0.25  Ratio:    0.00       (C.Area)
  CAR:    1.32  Ratio:    0.00       (C.S.Area)

[1]  met1:
  PAR:    0.07  Ratio:    0.00       (Area)
  PAR:    0.40  Ratio:  400.00       (S.Area)
  CAR:    0.07  Ratio:    0.00       (C.Area)
  CAR:    0.40  Ratio:    0.00       (C.S.Area)

[1]  li1:
  PAR:    0.00  Ratio:    0.00       (Area)
  PAR:    0.00  Ratio:   75.00       (S.Area)
  CAR:    0.00  Ratio:    0.00       (C.Area)
  CAR:    0.00  Ratio:    0.00       (C.S.Area)

[1]  M1M2_PR:
  PAR:    0.00  Ratio:    6.00       (Area)
  CAR:    0.01  Ratio:    0.00       (C.Area)

[1]  L1M1_PR_MR:
  PAR:    0.01  Ratio:    3.00       (Area)
  CAR:    0.01  Ratio:    0.00       (C.Area)


Net - delay_400ns._intsig_a_\[8\]
  delay_400ns.genblk1\[8\].delay_unit  (sky130_mm_sc_hd_dly5ns)  in
[1]  met2:
  PAR:    1.48  Ratio:    0.00       (Area)
  PAR:    7.48  Ratio: 2744.72       (S.Area)
  CAR:    1.49  Ratio:    0.00       (C.Area)
  CAR:    7.50  Ratio:    0.00       (C.S.Area)

[1]  met1:
  PAR:    0.00  Ratio:    0.00       (Area)
  PAR:    0.02  Ratio:  400.00       (S.Area)
  CAR:    0.01  Ratio:    0.00       (C.Area)
  CAR:    0.02  Ratio:    0.00       (C.S.Area)

[1]  li1:
  PAR:    0.00  Ratio:    0.00       (Area)
  PAR:    0.00  Ratio:   75.00       (S.Area)
  CAR:    0.00  Ratio:    0.00       (C.Area)
  CAR:    0.00  Ratio:    0.00       (C.S.Area)

[1]  M1M2_PR:
  PAR:    0.00  Ratio:    6.00       (Area)
  CAR:    0.01  Ratio:    0.00       (C.Area)

[1]  L1M1_PR_MR:
  PAR:    0.01  Ratio:    3.00       (Area)
  CAR:    0.01  Ratio:    0.00       (C.Area)


Net - delay_400ns._intsig_a_\[9\]
  delay_400ns.genblk1\[9\].delay_unit  (sky130_mm_sc_hd_dly5ns)  in
[1]  met2:
  PAR:    1.39  Ratio:    0.00       (Area)
  PAR:    7.14  Ratio: 2744.72       (S.Area)
  CAR:    1.46  Ratio:    0.00       (C.Area)
  CAR:    7.52  Ratio:    0.00       (C.S.Area)

[1]  met1:
  PAR:    0.07  Ratio:    0.00       (Area)
  PAR:    0.37  Ratio:  400.00       (S.Area)
  CAR:    0.07  Ratio:    0.00       (C.Area)
  CAR:    0.37  Ratio:    0.00       (C.S.Area)

[1]  li1:
  PAR:    0.00  Ratio:    0.00       (Area)
  PAR:    0.00  Ratio:   75.00       (S.Area)
  CAR:    0.00  Ratio:    0.00       (C.Area)
  CAR:    0.00  Ratio:    0.00       (C.S.Area)

[1]  M1M2_PR:
  PAR:    0.00  Ratio:    6.00       (Area)
  CAR:    0.01  Ratio:    0.00       (C.Area)

[1]  L1M1_PR_MR:
  PAR:    0.01  Ratio:    3.00       (Area)
  CAR:    0.01  Ratio:    0.00       (C.Area)


Net - delay_400ns.out
  _1_  (sky130_fd_sc_hd__inv_2)  A
[1]  met2:
  PAR:    0.98  Ratio:    0.00       (Area)
  PAR:    5.92  Ratio: 2744.72       (S.Area)
  CAR:    1.89  Ratio:    0.00       (C.Area)
  CAR:   10.76  Ratio:    0.00       (C.S.Area)

[1]  met1:
  PAR:    0.88  Ratio:    0.00       (Area)
  PAR:    4.81  Ratio:  400.00       (S.Area)
  CAR:    0.91  Ratio:    0.00       (C.Area)
  CAR:    4.84  Ratio:    0.00       (C.S.Area)

[1]  li1:
  PAR:    0.03  Ratio:    0.00       (Area)
  PAR:    0.03  Ratio:   75.00       (S.Area)
  CAR:    0.03  Ratio:    0.00       (C.Area)
  CAR:    0.03  Ratio:    0.00       (C.S.Area)

[1]  M1M2_PR:
  PAR:    0.05  Ratio:    6.00       (Area)
  CAR:    0.10  Ratio:    0.00       (C.Area)

[1]  L1M1_PR_MR:
  PAR:    0.06  Ratio:    3.00       (Area)
  CAR:    0.06  Ratio:    0.00       (C.Area)

Number of pins violated: 0
Number of nets violated: 0
Total number of unspecial nets: 84
