Warning - class CORE ANTENNACELL is not found. This message can be ignored if not in the antenna-avoid flow

Net - in
  delay_macrocell_0  (delay_macrocell)  in
[1]  met2:
  PAR:    0.33  Ratio:    0.00       (Area)
  PAR:    1.67  Ratio:  400.00       (S.Area)
  CAR:    0.59  Ratio:    0.00       (C.Area)
  CAR:    2.97  Ratio:    0.00       (C.S.Area)

[1]  met1:
  PAR:    0.25  Ratio:    0.00       (Area)
  PAR:    1.29  Ratio:  400.00       (S.Area)
  CAR:    0.26  Ratio:    0.00       (C.Area)
  CAR:    1.30  Ratio:    0.00       (C.S.Area)

[1]  li1:
  PAR:    0.00  Ratio:    0.00       (Area)
  PAR:    0.00  Ratio:   75.00       (S.Area)
  CAR:    0.00  Ratio:    0.00       (C.Area)
  CAR:    0.00  Ratio:    0.00       (C.S.Area)

[1]  M1M2_PR:
  PAR:    0.00  Ratio:    6.00       (Area)
  CAR:    0.01  Ratio:    0.00       (C.Area)

[1]  L1M1_PR_MR:
  PAR:    0.01  Ratio:    3.00       (Area)
  CAR:    0.01  Ratio:    0.00       (C.Area)

  No sinks on this net

Net - net_1
  delay_macrocell_1  (delay_macrocell)  in
[1]  met2:
  PAR:    0.07  Ratio:    0.00       (Area)
  PAR:    0.37  Ratio: 2744.72       (S.Area)
  CAR:    0.08  Ratio:    0.00       (C.Area)
  CAR:    0.40  Ratio:    0.00       (C.S.Area)

[1]  met1:
  PAR:    0.00  Ratio:    0.00       (Area)
  PAR:    0.02  Ratio:  400.00       (S.Area)
  CAR:    0.01  Ratio:    0.00       (C.Area)
  CAR:    0.02  Ratio:    0.00       (C.S.Area)

[1]  li1:
  PAR:    0.00  Ratio:    0.00       (Area)
  PAR:    0.00  Ratio:   75.00       (S.Area)
  CAR:    0.00  Ratio:    0.00       (C.Area)
  CAR:    0.00  Ratio:    0.00       (C.S.Area)

[1]  M1M2_PR:
  PAR:    0.00  Ratio:    6.00       (Area)
  CAR:    0.01  Ratio:    0.00       (C.Area)

[1]  L1M1_PR_MR:
  PAR:    0.01  Ratio:    3.00       (Area)
  CAR:    0.01  Ratio:    0.00       (C.Area)


Net - net_2
  _0_  (sky130_fd_sc_hd__inv_2)  A
[1]  met2:
  PAR:    0.43  Ratio:    0.00       (Area)
  PAR:    2.28  Ratio: 2744.72       (S.Area)
  CAR:    0.50  Ratio:    0.00       (C.Area)
  CAR:    2.51  Ratio:    0.00       (C.S.Area)

[1]  met1:
  PAR:    0.04  Ratio:    0.00       (Area)
  PAR:    0.20  Ratio:  400.00       (S.Area)
  CAR:    0.07  Ratio:    0.00       (C.Area)
  CAR:    0.23  Ratio:    0.00       (C.S.Area)

[1]  li1:
  PAR:    0.03  Ratio:    0.00       (Area)
  PAR:    0.03  Ratio:   75.00       (S.Area)
  CAR:    0.03  Ratio:    0.00       (C.Area)
  CAR:    0.03  Ratio:    0.00       (C.S.Area)

[1]  M1M2_PR:
  PAR:    0.05  Ratio:    6.00       (Area)
  CAR:    0.10  Ratio:    0.00       (C.Area)

[1]  L1M1_PR_MR:
  PAR:    0.06  Ratio:    3.00       (Area)
  CAR:    0.06  Ratio:    0.00       (C.Area)

Number of pins violated: 0
Number of nets violated: 0
Total number of unspecial nets: 4
