
===========================================================================
report_checks -path_delay min (Hold)
============================================================================
Startpoint: _2029_ (rising edge-triggered flip-flop)
Endpoint: result_out[2] (output port clocked by clk_dig)
Path Group: clk_dig
Path Type: min

Fanout     Cap    Slew   Delay    Time   Description
-----------------------------------------------------------------------------
                  0.09    0.00    0.00 ^ _2029_/CLK (sky130_fd_sc_hd__dfrtp_4)
                  0.05    0.39    0.39 ^ _2029_/Q (sky130_fd_sc_hd__dfrtp_4)
     2    0.01                           net150 (net)
                  0.05    0.00    0.39 ^ output150/A (sky130_fd_sc_hd__buf_4)
                  0.11    0.15    0.54 ^ output150/X (sky130_fd_sc_hd__buf_4)
     1    0.03                           result_out[2] (net)
                  0.11    0.00    0.54 ^ result_out[2] (out)
                                  0.54   data arrival time

                  0.00    0.00    0.00   clock clk_dig (rise edge)
                          0.00    0.00   clock network delay (ideal)
                          0.25    0.25   clock uncertainty
                          0.00    0.25   clock reconvergence pessimism
                         -4.00   -3.75   output external delay
                                 -3.75   data required time
-----------------------------------------------------------------------------
                                 -3.75   data required time
                                 -0.54   data arrival time
-----------------------------------------------------------------------------
                                  4.29   slack (MET)


Startpoint: _2041_ (rising edge-triggered flip-flop)
Endpoint: result_out[14] (output port clocked by clk_dig)
Path Group: clk_dig
Path Type: min

Fanout     Cap    Slew   Delay    Time   Description
-----------------------------------------------------------------------------
                  0.14    0.00    0.00 ^ _2041_/CLK (sky130_fd_sc_hd__dfrtp_2)
                  0.08    0.39    0.39 ^ _2041_/Q (sky130_fd_sc_hd__dfrtp_2)
     2    0.01                           net147 (net)
                  0.08    0.00    0.39 ^ output147/A (sky130_fd_sc_hd__buf_4)
                  0.10    0.16    0.54 ^ output147/X (sky130_fd_sc_hd__buf_4)
     1    0.03                           result_out[14] (net)
                  0.10    0.00    0.55 ^ result_out[14] (out)
                                  0.55   data arrival time

                  0.00    0.00    0.00   clock clk_dig (rise edge)
                          0.00    0.00   clock network delay (ideal)
                          0.25    0.25   clock uncertainty
                          0.00    0.25   clock reconvergence pessimism
                         -4.00   -3.75   output external delay
                                 -3.75   data required time
-----------------------------------------------------------------------------
                                 -3.75   data required time
                                 -0.55   data arrival time
-----------------------------------------------------------------------------
                                  4.30   slack (MET)


Startpoint: _2031_ (rising edge-triggered flip-flop)
Endpoint: result_out[4] (output port clocked by clk_dig)
Path Group: clk_dig
Path Type: min

Fanout     Cap    Slew   Delay    Time   Description
-----------------------------------------------------------------------------
                  0.09    0.00    0.00 ^ _2031_/CLK (sky130_fd_sc_hd__dfrtp_4)
                  0.06    0.39    0.39 ^ _2031_/Q (sky130_fd_sc_hd__dfrtp_4)
     2    0.01                           net152 (net)
                  0.06    0.00    0.39 ^ output152/A (sky130_fd_sc_hd__buf_4)
                  0.11    0.16    0.55 ^ output152/X (sky130_fd_sc_hd__buf_4)
     1    0.03                           result_out[4] (net)
                  0.11    0.00    0.55 ^ result_out[4] (out)
                                  0.55   data arrival time

                  0.00    0.00    0.00   clock clk_dig (rise edge)
                          0.00    0.00   clock network delay (ideal)
                          0.25    0.25   clock uncertainty
                          0.00    0.25   clock reconvergence pessimism
                         -4.00   -3.75   output external delay
                                 -3.75   data required time
-----------------------------------------------------------------------------
                                 -3.75   data required time
                                 -0.55   data arrival time
-----------------------------------------------------------------------------
                                  4.30   slack (MET)


Startpoint: _2030_ (rising edge-triggered flip-flop)
Endpoint: result_out[3] (output port clocked by clk_dig)
Path Group: clk_dig
Path Type: min

Fanout     Cap    Slew   Delay    Time   Description
-----------------------------------------------------------------------------
                  0.08    0.00    0.00 ^ _2030_/CLK (sky130_fd_sc_hd__dfrtp_4)
                  0.06    0.39    0.39 ^ _2030_/Q (sky130_fd_sc_hd__dfrtp_4)
     2    0.01                           net151 (net)
                  0.06    0.00    0.39 ^ output151/A (sky130_fd_sc_hd__buf_4)
                  0.11    0.16    0.55 ^ output151/X (sky130_fd_sc_hd__buf_4)
     1    0.03                           result_out[3] (net)
                  0.11    0.00    0.55 ^ result_out[3] (out)
                                  0.55   data arrival time

                  0.00    0.00    0.00   clock clk_dig (rise edge)
                          0.00    0.00   clock network delay (ideal)
                          0.25    0.25   clock uncertainty
                          0.00    0.25   clock reconvergence pessimism
                         -4.00   -3.75   output external delay
                                 -3.75   data required time
-----------------------------------------------------------------------------
                                 -3.75   data required time
                                 -0.55   data arrival time
-----------------------------------------------------------------------------
                                  4.30   slack (MET)


Startpoint: _2028_ (rising edge-triggered flip-flop)
Endpoint: result_out[1] (output port clocked by clk_dig)
Path Group: clk_dig
Path Type: min

Fanout     Cap    Slew   Delay    Time   Description
-----------------------------------------------------------------------------
                  0.09    0.00    0.00 ^ _2028_/CLK (sky130_fd_sc_hd__dfrtp_4)
                  0.06    0.40    0.40 ^ _2028_/Q (sky130_fd_sc_hd__dfrtp_4)
     2    0.01                           net149 (net)
                  0.06    0.00    0.40 ^ output149/A (sky130_fd_sc_hd__buf_4)
                  0.11    0.16    0.55 ^ output149/X (sky130_fd_sc_hd__buf_4)
     1    0.03                           result_out[1] (net)
                  0.11    0.00    0.55 ^ result_out[1] (out)
                                  0.55   data arrival time

                  0.00    0.00    0.00   clock clk_dig (rise edge)
                          0.00    0.00   clock network delay (ideal)
                          0.25    0.25   clock uncertainty
                          0.00    0.25   clock reconvergence pessimism
                         -4.00   -3.75   output external delay
                                 -3.75   data required time
-----------------------------------------------------------------------------
                                 -3.75   data required time
                                 -0.55   data arrival time
-----------------------------------------------------------------------------
                                  4.30   slack (MET)


