
===========================================================================
 report_check_types -max_slew -max_cap -max_fanout -violators
============================================================================
max slew

Pin                                    Limit    Slew   Slack
------------------------------------------------------------
rst_n                                   1.50    1.71   -0.21 (VIOLATED)
_1965_/RESET_B                          1.50    1.71   -0.21 (VIOLATED)
_1966_/RESET_B                          1.50    1.71   -0.21 (VIOLATED)
_1967_/RESET_B                          1.50    1.71   -0.21 (VIOLATED)
_1968_/RESET_B                          1.50    1.71   -0.21 (VIOLATED)
_1969_/RESET_B                          1.50    1.71   -0.21 (VIOLATED)
_1970_/RESET_B                          1.50    1.71   -0.21 (VIOLATED)
_1971_/RESET_B                          1.50    1.71   -0.21 (VIOLATED)
_1972_/RESET_B                          1.50    1.71   -0.21 (VIOLATED)
_1973_/RESET_B                          1.50    1.71   -0.21 (VIOLATED)
_1974_/RESET_B                          1.50    1.71   -0.21 (VIOLATED)
_1975_/RESET_B                          1.50    1.71   -0.21 (VIOLATED)
_1976_/RESET_B                          1.50    1.71   -0.21 (VIOLATED)
_1977_/RESET_B                          1.50    1.71   -0.21 (VIOLATED)
_1979_/RESET_B                          1.50    1.71   -0.21 (VIOLATED)
_1980_/RESET_B                          1.50    1.71   -0.21 (VIOLATED)
_1981_/RESET_B                          1.50    1.71   -0.21 (VIOLATED)
_1982_/RESET_B                          1.50    1.71   -0.21 (VIOLATED)
_1983_/RESET_B                          1.50    1.71   -0.21 (VIOLATED)
_1984_/RESET_B                          1.50    1.71   -0.21 (VIOLATED)
_1985_/RESET_B                          1.50    1.71   -0.21 (VIOLATED)
_1986_/RESET_B                          1.50    1.71   -0.21 (VIOLATED)
_1987_/RESET_B                          1.50    1.71   -0.21 (VIOLATED)
_1988_/RESET_B                          1.50    1.71   -0.21 (VIOLATED)
_1989_/RESET_B                          1.50    1.71   -0.21 (VIOLATED)
_1991_/RESET_B                          1.50    1.71   -0.21 (VIOLATED)
_1992_/RESET_B                          1.50    1.71   -0.21 (VIOLATED)
_1993_/RESET_B                          1.50    1.71   -0.21 (VIOLATED)
_1994_/RESET_B                          1.50    1.71   -0.21 (VIOLATED)
_1995_/RESET_B                          1.50    1.71   -0.21 (VIOLATED)
_1996_/RESET_B                          1.50    1.71   -0.21 (VIOLATED)
_1997_/RESET_B                          1.50    1.71   -0.21 (VIOLATED)
_1998_/RESET_B                          1.50    1.71   -0.21 (VIOLATED)
_1999_/RESET_B                          1.50    1.71   -0.21 (VIOLATED)
_2000_/RESET_B                          1.50    1.71   -0.21 (VIOLATED)
_2001_/RESET_B                          1.50    1.71   -0.21 (VIOLATED)
_2002_/RESET_B                          1.50    1.71   -0.21 (VIOLATED)
_2003_/RESET_B                          1.50    1.71   -0.21 (VIOLATED)
_2004_/RESET_B                          1.50    1.71   -0.21 (VIOLATED)
_2005_/RESET_B                          1.50    1.71   -0.21 (VIOLATED)
_2006_/RESET_B                          1.50    1.71   -0.21 (VIOLATED)
_2007_/RESET_B                          1.50    1.71   -0.21 (VIOLATED)
_2008_/RESET_B                          1.50    1.71   -0.21 (VIOLATED)
_2009_/RESET_B                          1.50    1.71   -0.21 (VIOLATED)
_2010_/RESET_B                          1.50    1.71   -0.21 (VIOLATED)
_2011_/RESET_B                          1.50    1.71   -0.21 (VIOLATED)
_2012_/RESET_B                          1.50    1.71   -0.21 (VIOLATED)
_2013_/RESET_B                          1.50    1.71   -0.21 (VIOLATED)
_2014_/RESET_B                          1.50    1.71   -0.21 (VIOLATED)
_2015_/RESET_B                          1.50    1.71   -0.21 (VIOLATED)
_2016_/RESET_B                          1.50    1.71   -0.21 (VIOLATED)
_2017_/RESET_B                          1.50    1.71   -0.21 (VIOLATED)
_2018_/RESET_B                          1.50    1.71   -0.21 (VIOLATED)
_2019_/RESET_B                          1.50    1.71   -0.21 (VIOLATED)
_2020_/RESET_B                          1.50    1.71   -0.21 (VIOLATED)
_2021_/RESET_B                          1.50    1.71   -0.21 (VIOLATED)
_2022_/RESET_B                          1.50    1.71   -0.21 (VIOLATED)
_2023_/RESET_B                          1.50    1.71   -0.21 (VIOLATED)
_2024_/RESET_B                          1.50    1.71   -0.21 (VIOLATED)
_2025_/RESET_B                          1.50    1.71   -0.21 (VIOLATED)
_2026_/RESET_B                          1.50    1.71   -0.21 (VIOLATED)
_2027_/RESET_B                          1.50    1.71   -0.21 (VIOLATED)
_2028_/RESET_B                          1.50    1.71   -0.21 (VIOLATED)
_2029_/RESET_B                          1.50    1.71   -0.21 (VIOLATED)
_2030_/RESET_B                          1.50    1.71   -0.21 (VIOLATED)
_2031_/RESET_B                          1.50    1.71   -0.21 (VIOLATED)
_2032_/RESET_B                          1.50    1.71   -0.21 (VIOLATED)
_2033_/RESET_B                          1.50    1.71   -0.21 (VIOLATED)
_2034_/RESET_B                          1.50    1.71   -0.21 (VIOLATED)
_2035_/RESET_B                          1.50    1.71   -0.21 (VIOLATED)
_2036_/RESET_B                          1.50    1.71   -0.21 (VIOLATED)
_2037_/RESET_B                          1.50    1.71   -0.21 (VIOLATED)
_2038_/RESET_B                          1.50    1.71   -0.21 (VIOLATED)
_2039_/RESET_B                          1.50    1.71   -0.21 (VIOLATED)
_2040_/RESET_B                          1.50    1.71   -0.21 (VIOLATED)
_2041_/RESET_B                          1.50    1.71   -0.21 (VIOLATED)
_2042_/RESET_B                          1.50    1.71   -0.21 (VIOLATED)
_2044_/RESET_B                          1.50    1.71   -0.21 (VIOLATED)
_2045_/RESET_B                          1.50    1.71   -0.21 (VIOLATED)
_2046_/RESET_B                          1.50    1.71   -0.21 (VIOLATED)
_2047_/RESET_B                          1.50    1.71   -0.21 (VIOLATED)
_2048_/RESET_B                          1.50    1.71   -0.21 (VIOLATED)
_2049_/RESET_B                          1.50    1.71   -0.21 (VIOLATED)
_2050_/RESET_B                          1.50    1.71   -0.21 (VIOLATED)
_2051_/RESET_B                          1.50    1.71   -0.21 (VIOLATED)
_2052_/RESET_B                          1.50    1.71   -0.21 (VIOLATED)
_2053_/RESET_B                          1.50    1.71   -0.21 (VIOLATED)
_2054_/RESET_B                          1.50    1.71   -0.21 (VIOLATED)
_2055_/RESET_B                          1.50    1.71   -0.21 (VIOLATED)
_2056_/RESET_B                          1.50    1.71   -0.21 (VIOLATED)
_2057_/RESET_B                          1.50    1.71   -0.21 (VIOLATED)
_2058_/RESET_B                          1.50    1.71   -0.21 (VIOLATED)
_2059_/RESET_B                          1.50    1.71   -0.21 (VIOLATED)
_2060_/RESET_B                          1.50    1.71   -0.21 (VIOLATED)
_2061_/RESET_B                          1.50    1.71   -0.21 (VIOLATED)
_2062_/RESET_B                          1.50    1.71   -0.21 (VIOLATED)
_2063_/RESET_B                          1.50    1.71   -0.21 (VIOLATED)
_2064_/RESET_B                          1.50    1.71   -0.21 (VIOLATED)
_2065_/RESET_B                          1.50    1.71   -0.21 (VIOLATED)
_2066_/RESET_B                          1.50    1.71   -0.21 (VIOLATED)
_2067_/RESET_B                          1.50    1.71   -0.21 (VIOLATED)
_1978_/SET_B                            1.50    1.71   -0.21 (VIOLATED)
_1990_/SET_B                            1.50    1.71   -0.21 (VIOLATED)
_2043_/SET_B                            1.50    1.71   -0.21 (VIOLATED)

max fanout

Pin                                   Limit Fanout  Slack
---------------------------------------------------------
clk_dig_in                               10    103    -93 (VIOLATED)
rst_n                                    10    103    -93 (VIOLATED)
_1010_/X                                 10     11        (VIOLATED)

max capacitance

Pin                                    Limit     Cap   Slack
------------------------------------------------------------
rst_n                                   0.33    0.38   -0.05 (VIOLATED)


===========================================================================
max slew violation count 104
max fanout violation count 3
max cap violation count 1
============================================================================
